10-18 13:28:26.889 23191 23231 D UE4     : [2021.10.18-18.28.26:889][164]LogVulkanRHI: Display: 		Pool 256                           |    0.00mb /     0.00mb /     0.00mb /     0.00mb |          0          0 |      0      0      0 | 00000 |                                                
10-18 13:28:26.889 23191 23231 D UE4     : [2021.10.18-18.28.26:889][164]LogVulkanRHI: Display: 		Pool 512                           |    0.00mb /     0.00mb /     0.00mb /     0.00mb |          0          0 |      0      0      0 | 00000 |                                                
10-18 13:28:26.889 23191 23231 D UE4     : [2021.10.18-18.28.26:889][164]LogVulkanRHI: Display: 		Pool 1024                          |    0.00mb /     0.00mb /     0.00mb /     0.00mb |          0          0 |      0      0      0 | 00000 |                                                
10-18 13:28:26.889 23191 23231 D UE4     : [2021.10.18-18.28.26:889][164]LogVulkanRHI: Display: 		Pool 2048                          |    0.00mb /     0.00mb /     0.00mb /     0.00mb |          0          0 |      0      0      0 | 00000 |                                                
10-18 13:28:26.889 23191 23231 D UE4     : [2021.10.18-18.28.26:889][164]LogVulkanRHI: Display: 		Pool 8192                          |    0.00mb /     0.00mb /     0.00mb /     0.00mb |          0          0 |      0      0      0 | 00000 |                                                
10-18 13:28:26.890 23191 23231 D UE4     : [2021.10.18-18.28.26:890][164]LogVulkanRHI: Display: 		Pool 0                             |    0.00mb /     0.00mb /     0.00mb /     0.00mb |          0          0 |      0      0      0 | 00000 |                                                
10-18 13:28:26.890 23191 23231 D UE4     : [2021.10.18-18.28.26:890][164]LogVulkanRHI: Display: 		Pool -1                            |    0.00mb /     0.00mb /     0.00mb /     0.00mb |          0          0 |      0      0      0 | 00000 |                                                
10-18 13:28:26.890 23191 23231 D UE4     : [2021.10.18-18.28.26:890][164]LogVulkanRHI: Display: 		----------------------------------------------------------------------------------------------------------------------------------------
10-18 13:28:26.890 23191 23231 D UE4     : [2021.10.18-18.28.26:890][164]LogVulkanRHI: Display: 		Dedicated Pages                    |    0.00mb /     0.00mb /     0.00mb /     0.00mb |          0          0 |      0      0      0 | 00000 |                                                
10-18 13:28:26.890 23191 23231 D UE4     : [2021.10.18-18.28.26:890][164]LogVulkanRHI: Display: 		----------------------------------------------------------------------------------------------------------------------------------------
10-18 13:28:26.890 23191 23231 D UE4     : [2021.10.18-18.28.26:890][164]LogVulkanRHI: Display: 		TotalHost                          |    0.00mb /     0.00mb /     0.00mb /     0.00mb |          0          0 |      0      0      0 | 00000 |                                                
10-18 13:28:26.890 23191 23231 D UE4     : [2021.10.18-18.28.26:890][164]LogVulkanRHI: Display: 		TotalLocal                         |    0.00mb /     0.00mb /     0.00mb /     0.00mb |          0          0 |      0      0      0 | 0003f |  Local HostVisible HostCoherent HostCached Lazy
10-18 13:28:26.890 23191 23231 D UE4     : [2021.10.18-18.28.26:890][164]LogVulkanRHI: Display: 		Total                              |    0.00mb /     0.00mb /     0.00mb /     0.00mb |          0          0 |      0      0      0 | 00000 |                                                
10-18 13:28:26.890 23191 23231 D UE4     : [2021.10.18-18.28.26:890][164]LogVulkanRHI: Display: 		----------------------------------------------------------------------------------------------------------------------------------------
10-18 13:28:26.890 23191 23231 D UE4     : [2021.10.18-18.28.26:890][164]LogVulkanRHI: Display: 		Allocated Device Heap 0            |    0.00mb /     0.00mb /  5842.35mb /  5842.35mb |          0          0 |      0      0      0 | 0001f |  Local HostVisible HostCoherent HostCached Lazy
10-18 13:28:26.890 23191 23231 D UE4     : [2021.10.18-18.28.26:890][164]LogVulkanRHI: Display: 		Allocated Device Heap 1            |    0.00mb /     0.00mb /   256.00mb /   256.00mb |          0          0 |      0      0      0 | 00021 |  Local                                         
10-18 13:28:26.890 23191 23231 D UE4     : [2021.10.18-18.28.26:890][164]LogVulkanRHI: Display: 		----------------------------------------------------------------------------------------------------------------------------------------
10-18 13:28:26.890 23191 23231 D UE4     : [2021.10.18-18.28.26:890][164]LogVulkanRHI: Display: 		Subsystems                         |    BufMem       ImgMem      FreeMem      TotlMem |  BufAllocs  ImgAllocs |  Pages BufPgs ImgPgs | Flags | Type   
10-18 13:28:26.890 23191 23231 D UE4     : [2021.10.18-18.28.26:890][164]LogVulkanRHI: Display: 		----------------------------------------------------------------------------------------------------------------------------------------
10-18 13:28:26.890 23191 23231 D UE4     : [2021.10.18-18.28.26:890][164]LogVulkanRHI: Display: 		Staging                            |    0.00mb /     0.00mb /     0.00mb /     0.00mb |          0          0 |      0      0      0 | 00000 |                                                
10-18 13:28:26.890 23191 23231 D UE4     : [2021.10.18-18.28.26:890][164]LogVulkanRHI: Display: 		----------------------------------------------------------------------------------------------------------------------------------------
10-18 13:28:26.890 23191 23231 D UE4     : [2021.10.18-18.28.26:890][164]LogVulkanRHI: Display: 
10-18 13:28:26.890 23191 23231 D UE4     : 
10-18 13:28:26.890 23191 23231 D UE4     : SubAllocator Dump
10-18 13:28:26.890 23191 23231 D UE4     : 
10-18 13:28:26.890 23191 23231 D UE4     : 
10-18 13:28:26.890 23191 23231 D UE4     : [2021.10.18-18.28.26:890][164]LogVulkanRHI: Display: 		----------------------------------------------------------------------------------------------------------------------------------------------------------------------------------------------------------------------------
10-18 13:28:26.890 23191 23231 D UE4     : [2021.10.18-18.28.26:890][164]LogVulkanRHI: Display: 		                                   | Free    Count | Fill /       Used /       Free /      Total /    Largest |    Unknown /        UBO /   MultiBuf /  FrameTemp |    ImageRT /      Image |  BufferUAV /  BufferUAV /  BufferStg |
10-18 13:28:26.890 23191 23231 D UE4     : [2021.10.18-18.28.26:890][164]LogVulkanRHI: Display: 		----------------------------------------------------------------------------------------------------------------------------------------------------------------------------------------------------------------------------
10-18 13:28:26.890 23191 23231 D UE4     : [2021.10.18-18.28.26:890][164]LogVulkanRHI: Display: 		----------------------------------------------------------------------------------------------------------------------------------------------------------------------------------------------------------------------------
10-18 13:28:26.891 23191 23231 D UE4     : [2021.10.18-18.28.26:891][164]LogVulkanRHI: Display: 		----------------------------------------------------------------------------------------------------------------------------------------------------------------------------------------------------------------------------
10-18 13:28:26.891 23191 23231 D UE4     : [2021.10.18-18.28.26:891][164]LogVulkanRHI: Display: 		----------------------------------------------------------------------------------------------------------------------------------------------------------------------------------------------------------------------------
10-18 13:28:26.910 23191 23231 D UE4     : [2021.10.18-18.28.26:910][164]LogMoviePlayer: Shutting down movie player
10-18 13:28:26.921 23191 23231 D UE4     : [2021.10.18-18.28.26:921][164]LogAndroid: Exiting is over
10-18 13:28:26.921 23191 23231 D UE4     : [2021.10.18-18.28.26:921][164]LogAndroid: FAndroidMisc::RequestExit(1)
10-18 13:28:26.922 23191 23231 I mes.TESTProjec: System.exit called, status: 0
10-18 13:28:26.922 23191 23231 I AndroidRuntime: VM exiting with result code 0, cleanup skipped.
10-18 13:28:26.947  2337 23265 W PipeUtils: RuntimeIPC: ReadFromPipeInternal: read failed: 0, Not a typewriter
10-18 13:28:26.947  2025 23261 W PipeUtils: RuntimeIPC: ReadFromPipeInternal: read failed: 0, Success
10-18 13:28:26.947  2337 23265 W PipeUtils: RuntimeIPC: ReadFromPipe: ReadFromPipeInternal FAILED
10-18 13:28:26.947  2025 23261 W PipeUtils: RuntimeIPC: ReadFromPipe: ReadFromPipeInternal FAILED
10-18 13:28:26.947  2337 23265 W RuntimeIPCServerMgr: RPCClientHandler::MainLoop: Error reading pipe: Client: com.epicgames.TESTProject:com.epicgames.TESTProject:23191, Server: com.oculus.systemdriver:com.oculus.vrruntimeservice (RuntimeServiceServer)
10-18 13:28:26.947  2025 23261 W RuntimeIPCServerMgr: RPCClientHandler::MainLoop: Error reading pipe: Client: com.epicgames.TESTProject:com.epicgames.TESTProject:23191, Server: com.oculus.guardian:com.oculus.vrguardianservice (guardianserver)
10-18 13:28:26.947  2337 23265 I VrRuntimeService: RuntimeIPC: IPC_SYSTEM_EVENT_CLIENT_DISCONNECTED_EXT: com.epicgames.TESTProject
10-18 13:28:26.947  2337 23265 I ClientMgr: ClientMgr::DestroyClient: 23191:com.epicgames.TESTProject
10-18 13:28:26.947  2025 23260 W PipeUtils: RuntimeIPC: ReadFromPipeInternal: read failed: 0, Not a typewriter
10-18 13:28:26.947  2337 23265 I ClientMgr: ClientMgr::DestroyClient: 23191:com.epicgames.TESTProject is enabled for rendering on destroy.
10-18 13:28:26.947  2337 23265 I ClientMgr: ClientMgr::EnableRendering 23191:com.epicgames.TESTProject : type 0 comp-id 15: disable
10-18 13:28:26.947  2025 23260 W PipeUtils: RuntimeIPC: ReadFromPipe: ReadFromPipeInternal FAILED
10-18 13:28:26.947  2337 23265 I VrRuntimeServer: DisableCompositorClient: 15
10-18 13:28:26.947  2337 23265 I TimeWarpClientMgr: Disable client 15
10-18 13:28:26.947  2025 23260 W RPCServerHandlerHelper: RPCServerHandlerHelper::MainLoop: Error reading pipe: ServerProcessConnection: com.epicgames.TESTProject:com.epicgames.TESTProject:23191
10-18 13:28:26.947  2337 23265 I TimeWarpClientMgr: DisableClient: frame flush required: 1
10-18 13:28:26.947  2337 23264 W PipeUtils: RuntimeIPC: ReadFromPipeInternal: read failed: 0, Not a typewriter
10-18 13:28:26.947  2337 23264 W PipeUtils: RuntimeIPC: ReadFromPipe: ReadFromPipeInternal FAILED
10-18 13:28:26.947  2337 23264 W RPCServerHandlerHelper: RPCServerHandlerHelper::MainLoop: Error reading pipe: ServerProcessConnection: com.epicgames.TESTProject:com.epicgames.TESTProject:23191
10-18 13:28:26.948  1041  1138 W InputDispatcher: channel '1a65257 com.epicgames.TESTProject/com.epicgames.ue4.GameActivity (server)' ~ Consumer closed input channel or an error occurred.  events=0x9
10-18 13:28:26.948  1041  1138 E InputDispatcher: channel '1a65257 com.epicgames.TESTProject/com.epicgames.ue4.GameActivity (server)' ~ Channel is unrecoverably broken and will be disposed!
10-18 13:28:26.949  1041  1372 D ConnectivityService: ConnectivityService NetworkRequestInfo binderDied(NetworkRequest [ LISTEN id=28, [ Transports: CELLULAR|WIFI|BLUETOOTH|ETHERNET|VPN Capabilities: INTERNET&NOT_RESTRICTED&TRUSTED&NOT_VPN&VALIDATED&FOREGROUND Uid: 10075] ], android.os.BinderProxy@a212264)
10-18 13:28:26.949   786  4302 D ThreadHelpers: RuntimeIPC: ThreadBase: Shutdown
10-18 13:28:26.949   786  4302 D ThreadHelpers: RuntimeIPC: ThreadBase: RequestShutdown
10-18 13:28:20.469   740 22582 I chatty  : uid=1000(system) SBEventHandler identical 2 lines
10-18 13:28:25.470   740 22582 W SensorService: Unknown packet type (20) received
10-18 13:28:26.949   838  4676 I TrackingService: Unregistering client 'com.epicgames.TESTProject#23191' by binder death
10-18 13:28:26.949   786  4302 I RuntimeIPCService: DestroyBrokerConnection: com.epicgames.TESTProject:com.epicgames.TESTProject:23191
10-18 13:28:26.949   838  4676 I TrackingService: Unregistering client 'com.epicgames.TESTProject#23191' by binder death
10-18 13:28:26.949   786  4302 E IPCThreadState: attemptIncStrongHandle(28): Not supported
10-18 13:28:26.950  1226  1226 V AvrcpMediaPlayerList: onPlaybackConfigChanged(): Configs list size=10
10-18 13:28:26.950  1041  6719 I WindowManager: WIN DEATH: Window{1a65257 u0 com.epicgames.TESTProject/com.epicgames.ue4.GameActivity}
10-18 13:28:26.950  1041  6719 W InputDispatcher: Attempted to unregister already unregistered input channel '1a65257 com.epicgames.TESTProject/com.epicgames.ue4.GameActivity (server)'
10-18 13:28:26.950   695   695 I Zygote  : Process 23191 exited cleanly (0)
10-18 13:28:26.956  1041 14926 I ActivityManager: Process com.epicgames.TESTProject (pid 23191) has died: fore TOP 
10-18 13:28:26.957  1041 14926 W ActivityTaskManager: Force removing ActivityRecord{3d1699e u0 com.epicgames.TESTProject/com.epicgames.ue4.GameActivity t15}: app died, no saved state
10-18 13:28:26.958  2337  2664 I ClientMgr: Non-overlay clients rendering status has changed: prev=51, curr=52, enabled=0
10-18 13:28:26.962  2337 23265 I UnifiedTelemetryWrapper: Stopped UT session render:com.epicgames.TESTProject
10-18 13:28:26.962  2337 23265 I ClientMgr: ClientMgr::DestroyClient: Remove 23191:com.epicgames.TESTProject as focused client.
10-18 13:28:26.962  2337 23265 I ClientMgr: FocusedClient changed.
10-18 13:28:26.962  2337 23265 W ClientMgr: ClientMgr::SetFocusedClient: No focused client
10-18 13:28:26.962  2337 23265 I ClientMgr: Releasing clocks.
10-18 13:28:26.962  2337 23265 I ClientMgr: ClientMgr::DestroyClient: non-deferred ShutdownResources: 1260 == 1260 
10-18 13:28:26.962  2337 23265 I VrRuntimeServer: UnRegisterCompositorClient client(15)
10-18 13:28:26.964  2337 23265 I UnifiedTelemetryWrapper: Stopped UT session lifetime:com.epicgames.TESTProject
10-18 13:28:26.964  2337 23265 I ClientMgr: RemoveClient: com.epicgames.TESTProject:com.epicgames.TESTProject:23191
10-18 13:28:26.964  2337  2664 I TimeWarpClientMgr: Enable client 0
10-18 13:28:26.964  2337  2664 I VrRuntimeServer: EnableCompositorClient client(0): layer placement(2147483643) flags(8) sm(0x7be090e710)
10-18 13:28:26.970  1041 14926 W InputReader: Device has associated, but no associated display id.
10-18 13:28:26.975  1041  1069 W ActivityManager: setHasOverlayUi called on unknown pid: 23191
10-18 13:28:26.976   748  3576 D AF::TrackHandle: OpPlayAudio: track:75 uid:1000 pkg:com.android.networkstack.inprocess usage:13 not muted
10-18 13:28:26.978  2337  2337 D VrRuntimeService: onForegroundActivitiesChanged: pid=1802, uid=10013, hasForegroundActivities=true
10-18 13:28:26.978   748 10161 D AF::TrackHandle: OpPlayAudio: track:56 uid:10013 pkg:com.oculus.shellenv usage:1 not muted
10-18 13:28:26.979   722   722 W msm8974_platform: platform_send_gain_dep_cal: Usecase list is empty
10-18 13:28:26.979   722   722 D msm8974_platform: platform_split_snd_device: snd_device(2) num devices(1) new_snd_devices(0)
10-18 13:28:26.979   722   722 D ACDB-LOADER: ACDB -> send_audvoltable
10-18 13:28:26.979   722   722 D ACDB-LOADER: ACDB -> ACDB_CMD_GET_AUDPROC_INSTANCE_GAIN_DEP_STEP_TABLE_SIZE
10-18 13:28:26.979   722   722 D         : Failed to fetch the lookup information of the device 0000000F 
10-18 13:28:26.979   722   722 D ACDB-LOADER: Error: ACDB_CMD_GET_AUDPROC_INSTANCE_GAIN_DEP_STEP_TABLE_SIZE Returned = -19
10-18 13:28:26.979   722   722 D ACDB-LOADER: ACDB -> ACDB_CMD_GET_AUDPROC_INSTANCE_GAIN_DEP_STEP_TABLE, vol index 8
10-18 13:28:26.979   722   722 D         : Failed to fetch the lookup information of the device 0000000F 
10-18 13:28:26.979   722   722 D ACDB-LOADER: Error: ACDB AudProc vol returned = -19
10-18 13:28:26.979   722   722 D ACDB-LOADER: ACDB -> AUDIO_SET_VOL_CAL cal type = 40
10-18 13:28:26.979   861 13956 E libosutils: failed to get real path of file /proc/23191/cmdline, err: No such file or directory
10-18 13:28:26.979   748 10165 D AF::TrackHandle: OpPlayAudio: track:230 uid:1000 pkg:com.android.networkstack.inprocess usage:13 not muted
10-18 13:28:26.979   722  2789 D audio_hw_primary: start_output_stream: enter: stream(0xecf29800)usecase(0: deep-buffer-playback) devices(0x2) is_haptic_usecase(0)
10-18 13:28:26.979   722  2789 I audio_hw_primary: select_devices for use case (deep-buffer-playback)
10-18 13:28:26.979   722  2789 I msm8974_platform: platform_check_and_set_codec_backend_cfg:becf: afe: bitwidth 16, samplerate 48000 channels 2, backend_idx 0 usecase = 0 device (speaker)
10-18 13:28:26.979   722  2789 D msm8974_platform: platform_split_snd_device: snd_device(2) num devices(1) new_snd_devices(0)
10-18 13:28:26.979   722  2789 I msm8974_platform: platform_check_and_set_codec_backend_cfg: new_snd_devices[0] is 2
10-18 13:28:26.979   722  2789 I msm8974_platform: platform_check_codec_backend_cfg:becf: afe: bitwidth 16, samplerate 48000 channels 2, backend_idx 0 usecase = 0 device (speaker)
10-18 13:28:26.979   722  2789 D msm8974_platform: platform_check_codec_backend_cfg:napb: (0) - (low-latency-playback)id (1) sr 48000 bw (16) ch (2) device speaker
10-18 13:28:26.980   722  2789 D audio_hw_extn: audio_extn_enable_hifi_filter: mixer_value set 0
10-18 13:28:26.980   722  2789 D msm8974_platform: platform_check_codec_backend_cfg:becf: updated afe: bitwidth 16, samplerate 48000 channels 2,backend_idx 0 usecase = 0 device (speaker)
10-18 13:28:26.980   722  2789 D msm8974_platform: platform_check_codec_backend_cfg:becf: afe: playback on codec device not supporting native playback set default Sample Rate(48k)
10-18 13:28:26.980   722  2789 I msm8974_platform: platform_check_codec_backend_cfg:becf: afe: Codec selected backend: 0 updated bit width: 16 and sample rate: 48000
10-18 13:28:26.980   722  2789 D audio_hw_primary: check_usecases_codec_backend:becf: force routing 0
10-18 13:28:26.980   722  2789 E msm8974_platform: platform_check_backends_match: Invalid snd_device = 
10-18 13:28:26.980   722  2789 D audio_hw_primary: check_usecases_codec_backend:becf: (75) check_usecases curr device: speaker, usecase device: backends match 0
10-18 13:28:26.980   722  2789 D audio_hw_primary: check_usecases_codec_backend:becf: (75) check_usecases curr device: speaker, usecase device:speaker backends match 1
10-18 13:28:26.980   722  2789 E msm8974_platform: platform_check_backends_match: Invalid snd_device = 
10-18 13:28:26.980   722  2789 D audio_hw_primary: check_usecases_codec_backend:becf: (75) check_usecases curr device: speaker, usecase device: backends match 0
10-18 13:28:26.980   722  2789 D audio_hw_primary: check_usecases_codec_backend:becf: check_usecases num.of Usecases to switch 0
10-18 13:28:26.980   722  2789 D hardware_info: hw_info_append_hw_type : device_name = speaker
10-18 13:28:26.980   722  2789 D msm8974_platform: platform_split_snd_device: snd_device(2) num devices(0) new_snd_devices(0)
10-18 13:28:26.980   722  2789 I audio_hw_utils: audio_extn_utils_update_stream_output_app_type_cfg Allowing 24 and above bits playback on speaker ONLY at default sampling rate
10-18 13:28:26.980   722  2789 D audio_hw_utils: audio_extn_utils_send_app_type_cfg: usecase->out_snd_device speaker
10-18 13:28:26.980   722  2789 D msm8974_platform: platform_split_snd_device: snd_device(2) num devices(0) new_snd_devices(0)
10-18 13:28:26.980   722  2789 D audio_hw_utils: audio_extn_btsco_get_sample_rate:Not a BT SCO device, need not update sampling rate
10-18 13:28:26.980   748 10161 D AF::TrackHandle: OpPlayAudio: track:235 uid:10072 pkg:com.google.android.apps.youtube.vr.oculus usage:1 muted
10-18 13:28:26.981   722  2789 I audio_hw_utils: send_app_type_cfg_for_device PLAYBACK app_type 69936, acdb_dev_id 15, sample_rate 48000, snd_device_be_idx 43
10-18 13:28:26.981   722  2789 D msm8974_platform: platform_split_snd_device: snd_device(2) num devices(1) new_snd_devices(0)
10-18 13:28:26.981   748  1036 D AF::TrackHandle: OpPlayAudio: track:156 uid:1000 pkg:com.android.networkstack.inprocess usage:13 not muted
10-18 13:28:26.981   722  2789 D audio_hw_utils: audio_extn_btsco_get_sample_rate:Not a BT SCO device, need not update sampling rate
10-18 13:28:26.981   722  2789 D ACDB-LOADER: ACDB -> send_audio_cal, acdb_id = 15, path = 0, app id = 0x11130, sample rate = 48000, afe_sample_rate = 48000
10-18 13:28:26.981   722  2789 D ACDB-LOADER: ACDB -> send_asm_topology
10-18 13:28:26.981   722  2789 D ACDB-LOADER: ACDB -> ACDB_CMD_GET_AUDPROC_STREAM_TOPOLOGY_ID
10-18 13:28:26.981   722  2789 D ACDB-LOADER: ACDB -> send_adm_topology
10-18 13:28:26.981   722  2789 D ACDB-LOADER: ACDB -> ACDB_CMD_GET_AUDPROC_COMMON_TOPOLOGY_ID
10-18 13:28:26.981   722  2789 D ACDB-LOADER: ACDB -> send_audtable
10-18 13:28:26.981   722  2789 D ACDB-LOADER: ACDB -> ACDB_CMD_GET_AUDPROC_INSTANCE_COMMON_TABLE_SIZE
10-18 13:28:26.981   722  2789 D ACDB-LOADER: ACDB -> ACDB_CMD_GET_AUDPROC_INSTANCE_COMMON_TABLE
10-18 13:28:26.981   722  2789 D ACDB-LOADER: ACDB -> AUDIO_SET_AUDPROC_CAL cal_type[11] acdb_id[15] app_type[69936]
10-18 13:28:26.981   722  2789 D ACDB-LOADER: ACDB -> ACDB_CMD_GET_PERSISTENT_AUDPROC_INSTANCE_COMMON_TABLE_SIZE
10-18 13:28:26.981   722  2789 D         : [Data Manager]-> No data found
10-18 13:28:26.981   722  2789 D ACDB-LOADER: Error: ACDB_CMD_GET_PERSISTENT_AUDPROC_INSTANCE_COMMON_TABLE_SIZE returned -18
10-18 13:28:26.981   722  2789 D ACDB-LOADER: ACDB -> send_audproc_persist_table -18 
10-18 13:28:26.981   722  2789 D ACDB-LOADER: Error: Invalid Audproc persist size = -18
10-18 13:28:26.981   722  2789 D ACDB-LOADER: ACDB -> send_audvoltable
10-18 13:28:26.981   722  2789 D ACDB-LOADER: ACDB -> ACDB_CMD_GET_AUDPROC_INSTANCE_GAIN_DEP_STEP_TABLE_SIZE
10-18 13:28:26.981   722  2789 D         : Failed to fetch the lookup information of the device 0000000F 
10-18 13:28:26.981   722  2789 D ACDB-LOADER: Error: ACDB_CMD_GET_AUDPROC_INSTANCE_GAIN_DEP_STEP_TABLE_SIZE Returned = -19
10-18 13:28:26.981   722  2789 D ACDB-LOADER: ACDB -> ACDB_CMD_GET_AUDPROC_INSTANCE_GAIN_DEP_STEP_TABLE, vol index 8
10-18 13:28:26.981   722  2789 D         : Failed to fetch the lookup information of the device 0000000F 
10-18 13:28:26.981   722  2789 D ACDB-LOADER: Error: ACDB AudProc vol returned = -19
10-18 13:28:26.981   722  2789 D ACDB-LOADER: ACDB -> AUDIO_SET_VOL_CAL cal type = 12
10-18 13:28:26.981   722  2789 D ACDB-LOADER: ACDB -> ACDB_CMD_GET_AUDPROC_INSTANCE_STREAM_TABLE_SIZE
10-18 13:28:26.981   722  2789 D ACDB-LOADER: ACDB -> send_audstrmtable
10-18 13:28:26.981   722  2789 D ACDB-LOADER: ACDB -> ACDB_CMD_GET_AUDPROC_INSTANCE_STREAM_TABLE
10-18 13:28:26.981   722  2789 D ACDB-LOADER: ACDB -> audstrm_cal->cal_type.cal_data.cal_size = 20
10-18 13:28:26.981   722  2789 D ACDB-LOADER: ACDB -> send_afe_topology
10-18 13:28:26.981   722  2789 D ACDB-LOADER: ACDB -> ACDB_CMD_GET_AFE_TOPOLOGY_ID
10-18 13:28:26.981   722  2789 D ACDB-LOADER: ACDB -> GET_AFE_TOPOLOGY_ID for adcd_id 15, Topology Id 112fc
10-18 13:28:26.981   722  2789 D ACDB-LOADER: ACDB -> send_afe_cal
10-18 13:28:26.981   722  2789 D ACDB-LOADER: ACDB -> ACDB_CMD_GET_AFE_INSTANCE_COMMON_TABLE_SIZE
10-18 13:28:26.981   722  2789 D         : Failed to fetch the lookup information of the device 0000000F 
10-18 13:28:26.981   722  2789 D ACDB-LOADER: Error: ACDB_CMD_GET_AFE_INSTANCE_COMMON_TABLE_SIZE Returned = -19
10-18 13:28:26.981   722  2789 D ACDB-LOADER: ACDB -> ACDB_CMD_GET_AFE_INSTANCE_COMMON_TABLE
10-18 13:28:26.981   722  2789 D         : Failed to fetch the lookup information of the device 0000000F 
10-18 13:28:26.981   722  2789 D ACDB-LOADER: Error: ACDB AFE returned = -19
10-18 13:28:26.981   722  2789 D ACDB-LOADER: ACDB -> AUDIO_SET_AFE_CAL cal_type[16] acdb_id[15]
10-18 13:28:26.981   722  2789 D ACDB-LOADER: ACDB -> send_hw_delay : acdb_id = 15 path = 0
10-18 13:28:26.981   722  2789 D ACDB-LOADER: ACDB -> ACDB_AVSYNC_INFO: ACDB_CMD_GET_DEVICE_PROPERTY
10-18 13:28:26.981   722  2789 D msm8974_platform: platform_split_snd_device: snd_device(2) num devices(0) new_snd_devices(0)
10-18 13:28:26.981   722  2789 I msm8974_platform: platform_get_custom_mtmx_params: no matching param with id 0 ip_ch 2 op_ch 2 uc_id 0 snd_dev 2
10-18 13:28:26.981   722  2789 I audio_hw_primary: enable_audio_route: apply mixer and update path: deep-buffer-playback
10-18 13:28:26.981   722  2789 D audio_route: Apply path: deep-buffer-playback
10-18 13:28:26.982   748  3575 D AF::TrackHandle: OpPlayAudio: track:357 uid:10030 pkg:com.oculus.systemux usage:10 not muted
10-18 13:28:26.982   722  2789 D audio_hw_primary: select_devices: done
10-18 13:28:26.982   748  1036 D AF::RecordHandle: OpRecordAudio: track:360 uid:10047 pkg:com.oculus.horizon usage:0 not muted
10-18 13:28:26.983   748  1036 D AF::RecordHandle: OpRecordAudio: track:360 uid:10047 pkg:com.oculus.horizon usage:0 not muted
10-18 13:28:26.983   748  3575 D AF::TrackHandle: OpPlayAudio: track:363 uid:10074 pkg:com.Armature.SportsScrambleDemo usage:1 muted
10-18 13:28:26.983   748  8637 D AF::TrackHandle: OpPlayAudio: track:349 uid:10072 pkg:com.google.android.apps.youtube.vr.oculus usage:1 muted
10-18 13:28:26.983   748 10165 D AF::RecordHandle: OpRecordAudio: track:111 uid:10013 pkg:com.oculus.shellenv usage:0 not muted
10-18 13:28:26.984   748 10165 D AF::RecordHandle: OpRecordAudio: track:111 uid:10013 pkg:com.oculus.shellenv usage:0 not muted
10-18 13:28:26.987   722  2789 E audio_hw_primary: pcm_open_prepare_helper: pcm_prepare returned -1
10-18 13:28:26.990   722  2789 I audio_hw_primary: disable_audio_route: reset and update mixer path: deep-buffer-playback
10-18 13:28:26.991   722  2789 D msm8974_platform: platform_split_snd_device: snd_device(2) num devices(0) new_snd_devices(0)
10-18 13:28:26.991   722  2789 I msm8974_platform: platform_get_custom_mtmx_params: no matching param with id 0 ip_ch 2 op_ch 2 uc_id 0 snd_dev 2
10-18 13:28:26.991   722  2789 D hardware_info: hw_info_append_hw_type : device_name = speaker
10-18 13:28:26.991   722  2789 D msm8974_platform: platform_split_snd_device: snd_device(2) num devices(0) new_snd_devices(0)
10-18 13:28:26.994  2337  2663 I ServerProcessConnector: Connection closed: com.epicgames.TESTProject:com.epicgames.TESTProject:23191
10-18 13:28:26.994  2337  2663 D ThreadHelpers: RuntimeIPC: ThreadBase: Shutdown
10-18 13:28:26.996  1041  1082 I libprocessgroup: Successfully killed process cgroup uid 10075 pid 23191 in 45ms
10-18 13:28:27.007  2025  2743 I GuardianSystem: runtimeServiceSDKClient_.ActiveClientDestroyedEventData: package=[com.epicgames.TESTProject], process=[com.epicgames.TESTProject]
10-18 13:28:27.007  2025  2743 I GuardianSystem: OnDestroyActiveClient: com.epicgames.TESTProject
10-18 13:28:27.007  2025  2743 I GuardianSystem: OnDestroyActiveClient: Clearing return package because owning client was destroyed: com.epicgames.TESTProject
10-18 13:28:27.007  2025  2743 I GuardianSystem: GuardianSystem::GuardianCmd 14
10-18 13:28:27.030  1862  1862 D [SEO] ShellEnvOverlayService: Message Handler: onResume
10-18 13:28:27.030  1862  2236 I [SEO] ShellFrameAnalytics: Shell Heartbeat focusedPanelTimeSpent: {"0":2918,"87":4009,"89":17352} visibleTimeSpent: {"87":24280,"89":17352} inputTimeSpent: {"controller":24280} inputClickCount: {"controller":5} mouseMoveTimeSpent: 0 mouseScrollTimeSpent: 0 physicalKeyboardConnectedTimeSpent: 0 physicalKeyboardTrackedTimeSpent: 0 quickActionsMenuActivations: 0 quickActionsMenuTimeSpent: 0 quickActionsMenuSessionLengths: [] quickActionsMenuSelections: {} handTrackingOptIn: 0 handTrackingAutoTransition: 1
10-18 13:28:27.030  1862  2236 I [SEO] ShellApp: 0xbecbebe0 msg: resume
10-18 13:28:27.030  1862  2236 I [SEO] ShellApp: ---------- ShellApp::EnterVrMode() ----------
10-18 13:28:27.030  1862  2236 D [SEO] ShellApplication: setOverlayInputFocus: inputFocus=true shouldSupportIME=true
10-18 13:28:27.030  1862  2236 D [SEO] BaseOverlayService: setOverlayInputFocus : entrypoint - inputFocus=true shouldSupportIME=true
10-18 13:28:27.031  1862  2236 I [SEO] VrPlatformVrApi: VrPlatformVrApi::SessionBegin
10-18 13:28:27.031  1862  2236 I [SEO] VrPlatformVrApi: vrapi_EnterVrMode()
10-18 13:28:27.031  1862  2236 I VrApi   : ---------- vrapi_EnterVrMode [start] ----------
10-18 13:28:27.031  1862  1862 D [SEO] BaseOverlayService: attachServiceWindowView shouldSupportIME:true
10-18 13:28:27.031  1862  2236 I VrRuntimeClient: Tracing is disabled
10-18 13:28:27.031  1862  2236 I VrRuntimeClient: SysProp debug mode is disabled on Client side
10-18 13:28:27.033  1862  2236 D VrApi   : targetSDKVersion 29
10-18 13:28:27.033  1041  5051 E WindowManager: App trying to use insecure INPUT_FEATURE_NO_INPUT_CHANNEL flag. Ignoring
10-18 13:28:27.034  1862  2236 I VrRuntimeClient: DEVICE MODEL NUMBER = Quest 2
10-18 13:28:27.034  1862  2236 I VrRuntimeClient: DEVICE BUILD NAME = user-19130100199900000
10-18 13:28:27.034  1862  2236 I VrRuntimeClient: DEVICE BUILD TYPE = user
10-18 13:28:27.034  1862  2236 I VrRuntimeClient: DEVICE OS VERSION = 10
10-18 13:28:27.034  1862  2236 I VrRuntimeClient: API LOADER VERSION = 1.47.0
10-18 13:28:27.034  1862  2236 I VrRuntimeClient: RUNTIME API VERSION = 1.50.0
10-18 13:28:27.034  1862  2236 I VrRuntimeClient: RUNTIME VERSION = 33.0.0.69.370 Sep 26 2021 16:15:10 RELEASE
10-18 13:28:27.034  1862  2236 I VrRuntimeClient: APP NAME = Oculus App Runtime
10-18 13:28:27.034  1862  2236 I VrRuntimeClient: APP VERSION = 33.0.0.69.367 versionCode 320877058 internalVersionName 33.0.0.69.367.b6e20d733497 2021_09_26_16_15
10-18 13:28:27.034  1862  2236 I VrRuntimeClient: APP VR TYPE = vr_only
10-18 13:28:27.034  1862  2236 I VrRuntimeClient: APP MODE TYPE = VR
10-18 13:28:27.034  1862  2236 I VrRuntimeClient: APP PACKAGE NAME = com.oculus.vrshell
10-18 13:28:27.034  1862  2236 I VrRuntimeClient: APP ACTIVITY CLASS = com.oculus.os.WindowTokenContext
10-18 13:28:27.034  1862  2236 I Sensor  : OSSDKTRACKING Initializing head tracking
10-18 13:28:27.034  1862  2236 D OsSdk   : TrackingServiceConnection ctor
10-18 13:28:27.034  1862  2236 I Sensor  : OSSDKTRACKING Head tracker != nullpointer 0xd264eb50, 1
10-18 13:28:27.034  1862  2236 I Sensor  : OSSDKTRACKING Initializing controller tracking
10-18 13:28:27.034  1862  2236 I Sensor  : OSSDKTRACKING Controller tracker != nullpointer 0xd264eb60, 1
10-18 13:28:27.034  1862  2236 D BatteryReceiver: Registering battery receiver
10-18 13:28:27.037  1888  8074 I LibraryProvider: running queryApp(com.oculus.shellenv) for UID 1000
10-18 13:28:27.038  2025  2743 I GuardianJSONHelper: GuardianJSONHelper::WriteGuardianSettings()
10-18 13:28:27.038  2025  2743 V VrGuardianService: VrGuardianService: for user: 0 run: writeUserJSONFile
10-18 13:28:27.038  2025  2743 D VrGuardianUserService: getGuardianFilesDir() /data/user/0/com.oculus.guardian/files/guardian/
10-18 13:28:27.038  2025  2743 D VrGuardianUserService: VrGuardianService: saveUserFile() /data/user/0/com.oculus.guardian/files/guardian/guardian_settings.json
10-18 13:28:27.039  1862  1862 D [SEO] BaseOverlayService: setOverlayInputFocus : completed - inputFocus=true shouldSupportIME=true actionTaken:true
10-18 13:28:27.039  2337  2337 I ClientMgr: FocusedWindowChanged: found matching overlay client: 2546793878
10-18 13:28:27.039  2337  2337 I ClientMgr: FocusedClient changed.
10-18 13:28:27.039  2337  2337 I ClientMgr: ClientMgr::SetFocusedClient: 1862:com.oculus.vrshell type 1
10-18 13:28:27.039  2337  2337 I VrRuntimeService: RuntimeIPC: SendFocusChangeEventToAllClients: PostClientEvent SUCCESS: com.Armature.SportsScrambleDemo:com.Armature.SportsScrambleDemo:22984, com.oculus.vrshell, com.oculus.vrshell
10-18 13:28:27.039  2337  2337 I VrRuntimeService: RuntimeIPC: SendFocusChangeEventToAllClients: PostClientEvent SUCCESS: com.oculus.mrservice:com.oculus.mrservice:1481, com.oculus.vrshell, com.oculus.vrshell
10-18 13:28:27.039  2337  2337 I VrRuntimeService: RuntimeIPC: SendFocusChangeEventToAllClients: PostClientEvent SUCCESS: com.oculus.vrshell:com.oculus.vrshell:Overlay:1911, com.oculus.vrshell, com.oculus.vrshell
10-18 13:28:27.039  2337  2337 I VrRuntimeService: RuntimeIPC: SendFocusChangeEventToAllClients: PostClientEvent SUCCESS: com.oculus.shellenv:com.oculus.shellenv:1802, com.oculus.vrshell, com.oculus.vrshell
10-18 13:28:27.039  2337  2337 I VrRuntimeService: RuntimeIPC: SendFocusChangeEventToAllClients: PostClientEvent SUCCESS: com.oculus.vrshell:com.oculus.vrshell:1862, com.oculus.vrshell, com.oculus.vrshell
10-18 13:28:27.039  2337  2337 I VrRuntimeService: RuntimeIPC: SendFocusChangeEventToAllClients: PostClientEvent SUCCESS: com.oculus.guardian:com.oculus.vrguardianservice:2025, com.oculus.vrshell, com.oculus.vrshell
10-18 13:28:27.040  1888  8074 W LibraryProvider: Cannot find entitlement for com.oculus.shellenv
10-18 13:28:27.040  1410  1444 W OVRLibrary: null cursor received for query content://com.oculus.ocms.library/apps/com.oculus.shellenv
10-18 13:28:27.040  1862  2236 D HeadsetReceiver: getCurrentHeadsetState: false
10-18 13:28:27.040  1862  2236 I DeviceStatus: nativeHeadsetEvent(0)
10-18 13:28:27.041   722  2789 D audio_hw_primary: out_standby: enter: stream (0xecf29800) usecase(0: deep-buffer-playback)
10-18 13:28:27.041   722  2789 D audio_hw_primary: out_standby: exit
10-18 13:28:27.042  1862  2236 I ClientInputInterface: DEADRECKONING SetControllerTrackingExtendedDeadreckoning 0
10-18 13:28:27.042  1862  2236 I ClientInputSettings: HANDTRACKING package name is com.oculus.vrshell
10-18 13:28:27.044  1862  2236 I ClientInputSettings: HANDTRACKING: Manifest Permission request for com.oculus.vrshell
10-18 13:28:27.044  1862  2236 I ClientInputSettings: HANDTRACKING:  'com.oculus.vrshell' Is hands or controller.
10-18 13:28:27.044  1862  2236 I ClientInputSettings: HANDTRACKING: feature flag set to 2
10-18 13:28:27.044  1862  2236 I ClientInputInterface: HANDTRACKING sethandmanifest 2
10-18 13:28:27.044  1862  2236 D InputHooksJava: Enabling Java Input Hooks
10-18 13:28:27.044  1862  2236 W InputHooksJava: Unable to enable input hooks on a non-Activity Context
10-18 13:28:27.045  1862  2236 I InputDevice_TrackedRemote: OSSDKTRACKING Initializing Haptics
10-18 13:28:27.045  1862  2236 I InputDevice_TrackedRemote: OSSDKTRACKING Haptics != nullpointer 0xbd240620, 1
10-18 13:28:27.045  1862  2236 I InputDevice_TrackedRemote: OSSDKTRACKING Initializing Haptics
10-18 13:28:27.045  1862  2236 I InputDevice_TrackedRemote: OSSDKTRACKING Haptics != nullpointer 0xbd240640, 1
10-18 13:28:27.045  1862  2236 I InputDeviceManager: ovrInputDeviceManager::Initialize
10-18 13:28:27.045  1862  2236 I OSHandDataQuerier: OSSDKTRACKING Initializing HandsTracker
10-18 13:28:27.045  1862  2236 I OSHandDataQuerier: OSSDKTRACKING HandsTracker != nullpointer 0xd264ec00, 1
10-18 13:28:27.045  1862  2236 I OSHandDataQuerier: OSSDKTRACKING Initializing HandsTracker
10-18 13:28:27.045  1862  2236 I OSHandDataQuerier: OSSDKTRACKING HandsTracker != nullpointer 0xd264ede0, 1
10-18 13:28:27.045  1862 23360 I InputDevice_TrackedRemote: REMOTE: Hand=2 IndexAnalog=0.00 GripAnalog=0.00 Buttons=0x00000000
10-18 13:28:27.045  1862 23360 I InputDevice_TrackedRemote: REMOTE: Hand=1 IndexAnalog=0.00 GripAnalog=0.00 Buttons=0x00000000
10-18 13:28:27.045  1862 23360 I InputDeviceManager: HANDTRACKING Pointer filter profile changed to: 0
10-18 13:28:27.045  1862 23360 I InputDeviceManager: HANDTRACKING Pointer filter profile changed to: 0
10-18 13:28:27.045  1862  2236 D OsSdk   : TrackingServiceConnection registered
10-18 13:28:27.046   838  4676 I TrackingService: TrackingService::getSharedMemoryFileDescriptor
10-18 13:28:27.047  1888  8074 I LibraryProvider: running queryApp(com.oculus.mrservice) for UID 1000
10-18 13:28:27.048  1888  8074 W LibraryProvider: Cannot find entitlement for com.oculus.mrservice
10-18 13:28:27.048  1410  1444 W OVRLibrary: null cursor received for query content://com.oculus.ocms.library/apps/com.oculus.mrservice
10-18 13:28:27.049  1862  2236 I Distortion: Initializing Mesh Decenter Correction
10-18 13:28:27.051  1862  2236 I Distortion: EYE_DECENTER ipdMin 57.9674 left H: -1.4513 v: -0.3163  right  H: -3.8857 v: -0.7214
10-18 13:28:27.051  1862  2236 I Distortion: EYE_DECENTER ipdMid 62.759 left H: 7.235 v: -2.5383  right  H: -2.6946 v: 1.5072
10-18 13:28:27.051  1862  2236 I Distortion: EYE_DECENTER ipdMax 67.5999 left H: 10.9577 v: -2.5383  right  H: -3.8857 v: 1.5072
10-18 13:28:27.051  1862  2236 I Distortion: EYE_DECENTER PIXELS(4) left H: -10.9577 V: 2.5383  right H: 3.8857 V: -1.5072
10-18 13:28:27.051  1862  2236 I Distortion: EYE_DECENTER iad:0.067768,  left H:-0.000116158 V:8.33832e-05 R:0,  right H:-0.000116158 V:-4.95115e-05 R:0
10-18 13:28:27.051  1862  2236 I Distortion: SetLensPositions - iad=0.067768, left offset=0.00206744,-0.00116492, right offset=-0.00229976,-0.00129781
10-18 13:28:27.051  1862  2236 I Distortion: Initializing Mesh Decenter Correction
10-18 13:28:27.052  1862  2236 I Distortion: EYE_DECENTER ipdMin 57.9674 left H: -1.4513 v: -0.3163  right  H: -3.8857 v: -0.7214
10-18 13:28:27.052  1862  2236 I Distortion: EYE_DECENTER ipdMid 62.759 left H: 7.235 v: -2.5383  right  H: -2.6946 v: 1.5072
10-18 13:28:27.052  1862  2236 I Distortion: EYE_DECENTER ipdMax 67.5999 left H: 10.9577 v: -2.5383  right  H: -3.8857 v: 1.5072
10-18 13:28:27.052  1862  2236 I Distortion: EYE_DECENTER PIXELS(4) left H: -10.9577 V: 2.5383  right H: 3.8857 V: -1.5072
10-18 13:28:27.052  1862  2236 I Distortion: EYE_DECENTER iad:0.067768,  left H:-0.000116158 V:8.33832e-05 R:0,  right H:-0.000116158 V:-4.95115e-05 R:0
10-18 13:28:27.052  1862  2236 I Distortion: SetLensPositions - iad=0.067768, left offset=0.00206744,-0.00116492, right offset=-0.00229976,-0.00129781
10-18 13:28:27.052  1888  8074 I LibraryProvider: running queryApp(com.epicgames.TESTProject) for UID 10047
10-18 13:28:27.052  1862  2236 I Distortion: Created custom distortion mesh.
10-18 13:28:27.052  1862  2236 I Distortion: ovrDistortionMeshHeader::magic = 0x56347807
10-18 13:28:27.052  1862  2236 I Distortion: ovrDistortionMeshHeader::deviceModel = 0x200
10-18 13:28:27.052  1862  2236 I Distortion: ovrDistortionMeshHeader::headsetModel = 0x104
10-18 13:28:27.052  1862  2236 I Distortion: ovrDistortionMeshHeader::eyeBlocksWide = 32
10-18 13:28:27.052  1862  2236 I Distortion: ovrDistortionMeshHeader::eyeBlocksHigh = 32
10-18 13:28:27.052  1862  2236 I Distortion: ovrDistortionMeshHeader::lensSeparationMeters = 0.067768
10-18 13:28:27.053  1862  2236 I Distortion: ovrDistortionMeshHeader::horizontalOffsetMeters = -0.000116
10-18 13:28:27.053  1862  2236 I Distortion: ovrDistortionMeshHeader::displayWidthMeters = 0.120362
10-18 13:28:27.053  1862  2236 I Distortion: ovrDistortionMeshHeader::displayHeightMeters = 0.063072
10-18 13:28:27.053  1862  2236 I Distortion: ovrDistortionMeshHeader::displayWidthPixels = 3664
10-18 13:28:27.053  1862  2236 I Distortion: ovrDistortionMeshHeader::displayHeightPixels = 1920
10-18 13:28:27.053  1862  2236 I Distortion: ovrDistortionMeshHeader::eyeTextureWidthPixels = 1440
10-18 13:28:27.053  1862  2236 I Distortion: ovrDistortionMeshHeader::eyeTextureHeightPixels = 1584
10-18 13:28:27.053  1862  2236 I Distortion: ovrDistortionMeshHeader::leftEye = up 48.000000 / down 50.000000 / left 43.000000 / right 45.000000
10-18 13:28:27.053  1862  2236 I Distortion: ovrDistortionMeshHeader::rightEye = up 48.000000 / down 50.000000 / left 45.000000 / right 43.000000
10-18 13:28:27.053  1862  2236 I VrApi   : ovrModeParms::VRAPI_MODE_FLAG_RESET_WINDOW_FULLSCREEN = 1
10-18 13:28:27.053  1862  2236 I VrApi   : ovrModeParms::VRAPI_MODE_FLAG_NATIVE_WINDOW = 1
10-18 13:28:27.053  1862  2236 I VrApi   : ovrModeParms::VRAPI_MODE_FLAG_FRONT_BUFFER_SRGB = 1
10-18 13:28:27.053  1862  2236 I VrApi   : ovrModeParms::VRAPI_MODE_FLAG_PHASE_SYNC = 0
10-18 13:28:27.053  1862  2236 I VrApi   : ovrModeParms::VRAPI_MODE_FLAG_APP_SPACE_WARP = 0
10-18 13:28:27.053  1862  2236 I VrRuntimeClient: SetPhaseSyncMode 0
10-18 13:28:27.053  1862  2236 I VrApi   : PhaseSync disabled
10-18 13:28:27.053  1862  2236 I VrApi   : HMD sensor attached.
10-18 13:28:27.053  1862  2236 D VrRuntimeClient: VrRuntimeClient: getClientWindow: windowtoken client
10-18 13:28:27.054  2337  2764 I VrRuntimeService: RuntimeServiceSDKServer::EnableRendering: 0x7cc858fc80, 2, com.oculus.vrshell
10-18 13:28:27.054  2337  2764 I ClientMgr: EnableRendering2: Calling SetFocusedClient: 2546793878
10-18 13:28:27.054  2337  2764 I ClientMgr: ClientMgr::SetFocusedClient: 1862:com.oculus.vrshell type 1
10-18 13:28:27.054  2337  2764 I ClientMgr: ClientMgr::EnableRendering 1862:com.oculus.vrshell : type 1 comp-id 2: enable
10-18 13:28:27.054  2337  2764 I TimeWarpClientMgr: Enable client 2
10-18 13:28:27.054  2337  2764 I VrRuntimeServer: EnableCompositorClient client(2): layer placement(2147483647) flags(0) sm(0x7c2d278010)
10-18 13:28:27.054  2337  2764 I TimeWarp: CheckDebuggerConnected: debugger 0
10-18 13:28:27.054  2337  2764 I VrRuntimeServer: SysProp debug mode is disabled on Server side
10-18 13:28:27.056  1888  8074 W LibraryProvider: Cannot find entitlement for com.epicgames.TESTProject
10-18 13:28:27.058  2002  2002 W OVRLibrary: null cursor received for query content://com.oculus.ocms.library/apps/com.epicgames.TESTProject
10-18 13:28:27.059  2337  2764 I UnifiedTelemetryWrapper: Started UT session render:com.oculus.vrshell
10-18 13:28:27.059  2337  2764 I VrRuntimeService: GetSpecialSwapChain: 2546793878
10-18 13:28:27.059  1862  2236 I VrApi   : Creating Default swapchain
10-18 13:28:27.059  2337  2764 I VrRuntimeService: GetSpecialSwapChain: 2546793878
10-18 13:28:27.059  1888  8074 I LibraryProvider: running queryApp(com.epicgames.TESTProject) for UID 10047
10-18 13:28:27.060  1862  2236 I VrApi   : Creating Loading Icon swapchain
10-18 13:28:27.060  1862  2236 I VrApi   : OVR::Stats thread started
10-18 13:28:27.060  1862  2236 I VrApi   : Initial BaseVsync 10813 
10-18 13:28:27.060  1862  2236 I XrRuntimeSystem_Client: BeginSession
10-18 13:28:27.060  1862  2236 I VrApi   : ---------- vrapi_EnterVrMode [end] ----------
10-18 13:28:27.060  1862  2236 I [SEO] VrPlatformVrApi: MrService is enabled, going to init the session.
10-18 13:28:27.060  1862  2236 I ipcLoader: RuntimeIPC: Loader: IPC Service API Loader Version: 24 Jul 26 2021 18:04:05
10-18 13:28:27.060  1862  2236 I ipcLoader: RuntimeIPC: Loader: Re-using vtable
10-18 13:28:27.060  1862  2236 I RuntimeIPCApi: ipc_Initialize
10-18 13:28:27.060  1862  2236 I RuntimeIPCServiceClient: Init: Already initialized: com.oculus.vrshell, 8
10-18 13:28:27.061  1481  1481 I MrService: onStartCommand
10-18 13:28:27.061  1888  8074 W LibraryProvider: Cannot find entitlement for com.epicgames.TESTProject
10-18 13:28:27.061  1481  2943 I IPCSharedMemory: CreateSharedMemory: Allocated shared memory fd 81 (ipcStateReadWrite)
10-18 13:28:27.062  2002  2002 W OVRLibrary: null cursor received for query content://com.oculus.ocms.library/apps/com.epicgames.TESTProject
10-18 13:28:27.062  1481  2943 I IPCSharedMemory: CreateSharedMemory: Allocated shared memory fd 99 (ipcReadOnlyState)
10-18 13:28:27.062  1802  1858 I Clay    : BaseApp: Leaving hibernation
10-18 13:28:27.062  1802  1858 I Clay    : EnvironmentSystem: computed visibility changed from Unload to Visible (reason: <none>)
10-18 13:28:27.063  1802  1858 I Clay    : Entering VR mode
10-18 13:28:27.063  1802  1858 I ClientInputSettings: SetInhibitHandleHomeKey = true for com.oculus.shellenv
10-18 13:28:27.063  1802  1858 I ClientInputInterface: SetInhibitHandleHomeKey 1
10-18 13:28:27.063  1802  1858 I VrApi   : ---------- vrapi_EnterVrMode [start] ----------
10-18 13:28:27.063  1802  1858 I VrRuntimeClient: Tracing is disabled
10-18 13:28:27.063  1802  1858 I VrRuntimeClient: SysProp debug mode is disabled on Client side
10-18 13:28:27.064  1481  2943 I ServerProcessConnector: HandleClientConnect: Client: com.oculus.vrshell:com.oculus.vrshell:1862, Server: com.oculus.mrservice:com.oculus.mrservice:1481 (MrServiceIPCServer)
10-18 13:28:27.064  1862 23361 D VrApi   : targetSDKVersion 29
10-18 13:28:27.064  1802  1858 D VrApi   : targetSDKVersion 25
10-18 13:28:27.065  1862 23361 I JniUtils: ovr_GetCurrentPackageSignature 
10-18 13:28:27.065  1437  1437 D OculusNotificationListenerService: Notification posted: 0|android|0|com.android.server.wm.AlertWindowNotification - com.oculus.vrshell|1000
10-18 13:28:27.066  1862 23361 I Metrics : device name = Oculus Quest 2
10-18 13:28:27.066  1802  1858 I VrRuntimeClient: DEVICE MODEL NUMBER = Quest 2
10-18 13:28:27.066  1802  1858 I VrRuntimeClient: DEVICE BUILD NAME = user-19130100199900000
10-18 13:28:27.066  1802  1858 I VrRuntimeClient: DEVICE BUILD TYPE = user
10-18 13:28:27.066  1802  1858 I VrRuntimeClient: DEVICE OS VERSION = 10
10-18 13:28:27.066  1802  1858 I VrRuntimeClient: API LOADER VERSION = 1.47.0
10-18 13:28:27.066  1802  1858 I VrRuntimeClient: RUNTIME API VERSION = 1.50.0
10-18 13:28:27.066  1802  1858 I VrRuntimeClient: RUNTIME VERSION = 33.0.0.69.370 Sep 26 2021 16:15:10 RELEASE
10-18 13:28:27.066  1802  1858 I VrRuntimeClient: APP NAME = ShellEnv
10-18 13:28:27.066  1802  1858 I VrRuntimeClient: APP VERSION = 33.0.0.69.367 versionCode 320876928 internalVersionName 33.0.0.69.367.b6e20d733497 2021_09_26_16_32
10-18 13:28:27.066  1802  1858 I VrRuntimeClient: APP VR TYPE = vr_only
10-18 13:28:27.066  1802  1858 I VrRuntimeClient: APP MODE TYPE = VR
10-18 13:28:27.066  1802  1858 I VrRuntimeClient: APP PACKAGE NAME = com.oculus.shellenv
10-18 13:28:27.066  1802  1858 I VrRuntimeClient: APP ACTIVITY CLASS = com.oculus.shellenv.ShellEnvActivity
10-18 13:28:27.066  1802  1858 I Sensor  : OSSDKTRACKING Initializing head tracking
10-18 13:28:27.066  1802  1858 D OsSdk   : TrackingServiceConnection ctor
10-18 13:28:27.066  1802  1858 I Sensor  : OSSDKTRACKING Head tracker != nullpointer 0x7bdc591bb8, 1
10-18 13:28:27.066  1802  1858 I Sensor  : OSSDKTRACKING Initializing controller tracking
10-18 13:28:27.067  1862  2236 I RuntimeIPCClientMgr: TryToGetIPCResourcesFromServer: RPC_CONNECTOR_CONNECT_TO_SERVER SUCCESS: Client: com.oculus.vrshell:com.oculus.vrshell:1862, Server: com.oculus.mrservice:com.oculus.mrservice (MrServiceIPCServer)
10-18 13:28:27.067  1862  2236 I RuntimeIPCClientMgr: EnsureServerConnection: SUCCESS. Client: com.oculus.vrshell:com.oculus.vrshell:1862, Server: com.oculus.mrservice:com.oculus.mrservice (MrServiceIPCServer)
10-18 13:28:27.067  1862  2236 I RuntimeIPCClientMgr: ConnectToServer: SUCCESS: Client: com.oculus.vrshell:com.oculus.vrshell:1862, Server: com.oculus.mrservice:com.oculus.mrservice (MrServiceIPCServer)
10-18 13:28:27.067  1862  2236 I [SEO] MrServiceClientVrApi: MrSessionCreate OK
10-18 13:28:27.071  1802  1858 I Sensor  : OSSDKTRACKING Controller tracker != nullpointer 0x7bb63ab6a0, 1
10-18 13:28:27.071  1802  1858 D BatteryReceiver: Registering battery receiver
10-18 13:28:27.075  1802  1858 D HeadsetReceiver: getCurrentHeadsetState: false
10-18 13:28:27.075  1802  1858 I DeviceStatus: nativeHeadsetEvent(0)
10-18 13:28:27.076  1911  1911 I [OAO] VrNotificationListenerService: onNotificationPosted(): key = 0|android|0|com.android.server.wm.AlertWindowNotification - com.oculus.vrshell|1000, type = third_party
10-18 13:28:27.076  1911  1911 I [OAO] VrNotificationListenerService: onNotificationPosted(): user|package|tag|id = UserHandle{0}|android|com.android.server.wm.AlertWindowNotification - com.oculus.vrshell|0
10-18 13:28:27.080  1802  1858 I ClientInputInterface: DEADRECKONING SetControllerTrackingExtendedDeadreckoning 0
10-18 13:28:27.080  1802  1858 I ClientInputSettings: HANDTRACKING package name is com.oculus.shellenv
10-18 13:28:27.081  1911  1911 D VrNotificationAnalytics: logNotificationPosted(third_party)
10-18 13:28:27.081  1802  1858 I ClientInputSettings: HANDTRACKING: Manifest Permission request for com.oculus.shellenv
10-18 13:28:27.082   722  2789 D audio_hw_primary: start_output_stream: enter: stream(0xecf29800)usecase(0: deep-buffer-playback) devices(0x2) is_haptic_usecase(0)
10-18 13:28:27.082   722  2789 I audio_hw_primary: select_devices for use case (deep-buffer-playback)
10-18 13:28:27.082   722  2789 I msm8974_platform: platform_check_and_set_codec_backend_cfg:becf: afe: bitwidth 16, samplerate 48000 channels 2, backend_idx 0 usecase = 0 device (speaker)
10-18 13:28:27.082   722  2789 D msm8974_platform: platform_split_snd_device: snd_device(2) num devices(1) new_snd_devices(0)
10-18 13:28:27.082   722  2789 I msm8974_platform: platform_check_and_set_codec_backend_cfg: new_snd_devices[0] is 2
10-18 13:28:27.082   722  2789 I msm8974_platform: platform_check_codec_backend_cfg:becf: afe: bitwidth 16, samplerate 48000 channels 2, backend_idx 0 usecase = 0 device (speaker)
10-18 13:28:27.082   722  2789 D msm8974_platform: platform_check_codec_backend_cfg:napb: (0) - (low-latency-playback)id (1) sr 48000 bw (16) ch (2) device speaker
10-18 13:28:27.083  1802  1858 I ClientInputSettings: HANDTRACKING:  'com.oculus.shellenv' Is hands or controller.
10-18 13:28:27.083  1802  1858 I ClientInputSettings: HANDTRACKING: feature flag set to 2
10-18 13:28:27.083  1802  1858 I ClientInputInterface: HANDTRACKING sethandmanifest 2
10-18 13:28:27.083  1802  1858 I InputHooks_Internal: Enabling Native Input Hooks
10-18 13:28:27.083  1802  1858 I InputDevice_TrackedRemote: OSSDKTRACKING Initializing Haptics
10-18 13:28:27.083  1802  1858 I InputDevice_TrackedRemote: OSSDKTRACKING Haptics != nullpointer 0x7ba3f19000, 1
10-18 13:28:27.083  1911  1911 D [OAO] VrBroadcastReceiver: action: com.oculus.vrshell.intent.action.NOTIFICATION_WAKE
10-18 13:28:27.083  1802  1858 I InputDevice_TrackedRemote: OSSDKTRACKING Initializing Haptics
