--------- beginning of main
10-18 13:28:03.891  1481  2847 I [CT]    : MIXEDREALITY: MrServiceModel: commitLayerState: (every 10 seconds), ImagesAndCompute: false, ImagesOnly: false, NoRequirement: true.
10-18 13:28:03.928  2337 22597 I TimeWarp: SetSchedFifo( tid=23132, pol=2, pri=0 ) succeeded
--------- beginning of system
10-18 13:28:03.947  1041  5051 I ActivityTaskManager: START u0 {flg=0x10000000 cmp=com.epicgames.TESTProject/com.epicgames.ue4.GameActivity} from uid 2000
10-18 13:28:03.948  1041  5051 D ActivityTaskManager: Using main display for VR activity ActivityRecord{3d1699e u0 com.epicgames.TESTProject/com.epicgames.ue4.GameActivity t-1}
10-18 13:28:03.948  1041  5051 I chatty  : uid=1000(system) Binder:1041_13 identical 1 line
10-18 13:28:03.949  1041  5051 D ActivityTaskManager: Using main display for VR activity ActivityRecord{3d1699e u0 com.epicgames.TESTProject/com.epicgames.ue4.GameActivity t-1}
10-18 13:28:03.955 22984 22984 V threaded_app: Pause: 0xd2609a20
10-18 13:28:03.955 22984 23014 V threaded_app: activityState=13
10-18 13:28:03.971   748  3576 D AF::TrackHandle: OpPlayAudio: track:357 uid:10030 pkg:com.oculus.systemux usage:10 not muted
10-18 13:28:03.973   748  8637 D AF::TrackHandle: OpPlayAudio: track:349 uid:10072 pkg:com.google.android.apps.youtube.vr.oculus usage:1 muted
10-18 13:28:03.973   748  1625 D AF::TrackHandle: OpPlayAudio: track:235 uid:10072 pkg:com.google.android.apps.youtube.vr.oculus usage:1 muted
10-18 13:28:03.973   748  1036 D AF::TrackHandle: OpPlayAudio: track:75 uid:1000 pkg:com.android.networkstack.inprocess usage:13 not muted
10-18 13:28:03.973   748  3574 D AF::TrackHandle: OpPlayAudio: track:156 uid:1000 pkg:com.android.networkstack.inprocess usage:13 not muted
10-18 13:28:03.974   748  5050 D AF::TrackHandle: OpPlayAudio: track:56 uid:10013 pkg:com.oculus.shellenv usage:1 muted
10-18 13:28:03.974   722  2789 D audio_hw_primary: start_output_stream: enter: stream(0xecf29800)usecase(0: deep-buffer-playback) devices(0x2) is_haptic_usecase(0)
10-18 13:28:03.974   722  2789 I audio_hw_primary: select_devices for use case (deep-buffer-playback)
10-18 13:28:03.974   722  2789 I msm8974_platform: platform_check_and_set_codec_backend_cfg:becf: afe: bitwidth 16, samplerate 48000 channels 2, backend_idx 0 usecase = 0 device (speaker)
10-18 13:28:03.975   722  2789 D msm8974_platform: platform_split_snd_device: snd_device(2) num devices(1) new_snd_devices(0)
10-18 13:28:03.975   722  2789 I msm8974_platform: platform_check_and_set_codec_backend_cfg: new_snd_devices[0] is 2
10-18 13:28:03.975   722  2789 I msm8974_platform: platform_check_codec_backend_cfg:becf: afe: bitwidth 16, samplerate 48000 channels 2, backend_idx 0 usecase = 0 device (speaker)
10-18 13:28:03.975   722  2789 D msm8974_platform: platform_check_codec_backend_cfg:napb: (0) - (low-latency-playback)id (1) sr 48000 bw (16) ch (2) device speaker
10-18 13:28:03.977   748  5050 D AF::RecordHandle: OpRecordAudio: track:360 uid:10047 pkg:com.oculus.horizon usage:0 not muted
10-18 13:28:03.978   722  2789 D audio_hw_extn: audio_extn_enable_hifi_filter: mixer_value set 0
10-18 13:28:03.978   722  2789 D msm8974_platform: platform_check_codec_backend_cfg:becf: updated afe: bitwidth 16, samplerate 48000 channels 2,backend_idx 0 usecase = 0 device (speaker)
10-18 13:28:03.978   722  2789 D msm8974_platform: platform_check_codec_backend_cfg:becf: afe: playback on codec device not supporting native playback set default Sample Rate(48k)
10-18 13:28:03.978   722  2789 I msm8974_platform: platform_check_codec_backend_cfg:becf: afe: Codec selected backend: 0 updated bit width: 16 and sample rate: 48000
10-18 13:28:03.978   722  2789 D audio_hw_primary: check_usecases_codec_backend:becf: force routing 0
10-18 13:28:03.978   722  2789 E msm8974_platform: platform_check_backends_match: Invalid snd_device = 
10-18 13:28:03.978   722  2789 D audio_hw_primary: check_usecases_codec_backend:becf: (75) check_usecases curr device: speaker, usecase device: backends match 0
10-18 13:28:03.978   722  2789 D audio_hw_primary: check_usecases_codec_backend:becf: (75) check_usecases curr device: speaker, usecase device:speaker backends match 1
10-18 13:28:03.978   722  2789 E msm8974_platform: platform_check_backends_match: Invalid snd_device = 
10-18 13:28:03.978   722  2789 D audio_hw_primary: check_usecases_codec_backend:becf: (75) check_usecases curr device: speaker, usecase device: backends match 0
10-18 13:28:03.978   722  2789 D audio_hw_primary: check_usecases_codec_backend:becf: check_usecases num.of Usecases to switch 0
10-18 13:28:03.978   722  2789 D hardware_info: hw_info_append_hw_type : device_name = speaker
10-18 13:28:03.979   722  2789 D msm8974_platform: platform_split_snd_device: snd_device(2) num devices(0) new_snd_devices(0)
10-18 13:28:03.979   722  2789 I audio_hw_utils: audio_extn_utils_update_stream_output_app_type_cfg Allowing 24 and above bits playback on speaker ONLY at default sampling rate
10-18 13:28:03.979   722  2789 D audio_hw_utils: audio_extn_utils_send_app_type_cfg: usecase->out_snd_device speaker
10-18 13:28:03.979   722  2789 D msm8974_platform: platform_split_snd_device: snd_device(2) num devices(0) new_snd_devices(0)
10-18 13:28:03.979   722  2789 D audio_hw_utils: audio_extn_btsco_get_sample_rate:Not a BT SCO device, need not update sampling rate
10-18 13:28:03.979   722  2789 I audio_hw_utils: send_app_type_cfg_for_device PLAYBACK app_type 69936, acdb_dev_id 15, sample_rate 48000, snd_device_be_idx 43
10-18 13:28:03.980   722  2789 D msm8974_platform: platform_split_snd_device: snd_device(2) num devices(1) new_snd_devices(0)
10-18 13:28:03.980   722  2789 D audio_hw_utils: audio_extn_btsco_get_sample_rate:Not a BT SCO device, need not update sampling rate
10-18 13:28:03.980   722  2789 D ACDB-LOADER: ACDB -> send_audio_cal, acdb_id = 15, path = 0, app id = 0x11130, sample rate = 48000, afe_sample_rate = 48000
10-18 13:28:03.980   722  2789 D ACDB-LOADER: ACDB -> send_asm_topology
10-18 13:28:03.980   722  2789 D ACDB-LOADER: ACDB -> ACDB_CMD_GET_AUDPROC_STREAM_TOPOLOGY_ID
10-18 13:28:03.980   722  2789 D ACDB-LOADER: ACDB -> send_adm_topology
10-18 13:28:03.980   722  2789 D ACDB-LOADER: ACDB -> ACDB_CMD_GET_AUDPROC_COMMON_TOPOLOGY_ID
10-18 13:28:03.980   722  2789 D ACDB-LOADER: ACDB -> send_audtable
10-18 13:28:03.980   722  2789 D ACDB-LOADER: ACDB -> ACDB_CMD_GET_AUDPROC_INSTANCE_COMMON_TABLE_SIZE
10-18 13:28:03.980   722  2789 D ACDB-LOADER: ACDB -> ACDB_CMD_GET_AUDPROC_INSTANCE_COMMON_TABLE
10-18 13:28:03.980   722  2789 D ACDB-LOADER: ACDB -> AUDIO_SET_AUDPROC_CAL cal_type[11] acdb_id[15] app_type[69936]
10-18 13:28:03.980   722  2789 D ACDB-LOADER: ACDB -> ACDB_CMD_GET_PERSISTENT_AUDPROC_INSTANCE_COMMON_TABLE_SIZE
10-18 13:28:03.980   722  2789 D         : [Data Manager]-> No data found
10-18 13:28:03.980   722  2789 D ACDB-LOADER: Error: ACDB_CMD_GET_PERSISTENT_AUDPROC_INSTANCE_COMMON_TABLE_SIZE returned -18
10-18 13:28:03.980   722  2789 D ACDB-LOADER: ACDB -> send_audproc_persist_table -18 
10-18 13:28:03.980   722  2789 D ACDB-LOADER: Error: Invalid Audproc persist size = -18
10-18 13:28:03.980   722  2789 D ACDB-LOADER: ACDB -> send_audvoltable
10-18 13:28:03.980   722  2789 D ACDB-LOADER: ACDB -> ACDB_CMD_GET_AUDPROC_INSTANCE_GAIN_DEP_STEP_TABLE_SIZE
10-18 13:28:03.980   722  2789 D         : Failed to fetch the lookup information of the device 0000000F 
10-18 13:28:03.980   722  2789 D ACDB-LOADER: Error: ACDB_CMD_GET_AUDPROC_INSTANCE_GAIN_DEP_STEP_TABLE_SIZE Returned = -19
10-18 13:28:03.980   722  2789 D ACDB-LOADER: ACDB -> ACDB_CMD_GET_AUDPROC_INSTANCE_GAIN_DEP_STEP_TABLE, vol index 1
10-18 13:28:03.980   722  2789 D         : Failed to fetch the lookup information of the device 0000000F 
10-18 13:28:03.980   722  2789 D ACDB-LOADER: Error: ACDB AudProc vol returned = -19
10-18 13:28:03.980   722  2789 D ACDB-LOADER: ACDB -> AUDIO_SET_VOL_CAL cal type = 12
10-18 13:28:03.980   722  2789 D ACDB-LOADER: ACDB -> ACDB_CMD_GET_AUDPROC_INSTANCE_STREAM_TABLE_SIZE
10-18 13:28:03.980   722  2789 D ACDB-LOADER: ACDB -> send_audstrmtable
10-18 13:28:03.980   722  2789 D ACDB-LOADER: ACDB -> ACDB_CMD_GET_AUDPROC_INSTANCE_STREAM_TABLE
10-18 13:28:03.980   722  2789 D ACDB-LOADER: ACDB -> audstrm_cal->cal_type.cal_data.cal_size = 20
10-18 13:28:03.980   722  2789 D ACDB-LOADER: ACDB -> send_afe_topology
10-18 13:28:03.980   722  2789 D ACDB-LOADER: ACDB -> ACDB_CMD_GET_AFE_TOPOLOGY_ID
10-18 13:28:03.980   722  2789 D ACDB-LOADER: ACDB -> GET_AFE_TOPOLOGY_ID for adcd_id 15, Topology Id 112fc
10-18 13:28:03.980   722  2789 D ACDB-LOADER: ACDB -> send_afe_cal
10-18 13:28:03.980   722  2789 D ACDB-LOADER: ACDB -> ACDB_CMD_GET_AFE_INSTANCE_COMMON_TABLE_SIZE
10-18 13:28:03.980   722  2789 D         : Failed to fetch the lookup information of the device 0000000F 
10-18 13:28:03.980   722  2789 D ACDB-LOADER: Error: ACDB_CMD_GET_AFE_INSTANCE_COMMON_TABLE_SIZE Returned = -19
10-18 13:28:03.980   722  2789 D ACDB-LOADER: ACDB -> ACDB_CMD_GET_AFE_INSTANCE_COMMON_TABLE
10-18 13:28:03.980   722  2789 D         : Failed to fetch the lookup information of the device 0000000F 
10-18 13:28:03.980   722  2789 D ACDB-LOADER: Error: ACDB AFE returned = -19
10-18 13:28:03.980   722  2789 D ACDB-LOADER: ACDB -> AUDIO_SET_AFE_CAL cal_type[16] acdb_id[15]
10-18 13:28:03.980   722  2789 D ACDB-LOADER: ACDB -> send_hw_delay : acdb_id = 15 path = 0
10-18 13:28:03.980   722  2789 D ACDB-LOADER: ACDB -> ACDB_AVSYNC_INFO: ACDB_CMD_GET_DEVICE_PROPERTY
10-18 13:28:03.980   722  2789 D msm8974_platform: platform_split_snd_device: snd_device(2) num devices(0) new_snd_devices(0)
10-18 13:28:03.980   722  2789 I msm8974_platform: platform_get_custom_mtmx_params: no matching param with id 0 ip_ch 2 op_ch 2 uc_id 0 snd_dev 2
10-18 13:28:03.980   722  2789 I audio_hw_primary: enable_audio_route: apply mixer and update path: deep-buffer-playback
10-18 13:28:03.980   722  2789 D audio_route: Apply path: deep-buffer-playback
10-18 13:28:03.981   722  2789 D audio_hw_primary: select_devices: done
10-18 13:28:03.983   748  3574 D AF::TrackHandle: OpPlayAudio: track:363 uid:10074 pkg:com.Armature.SportsScrambleDemo usage:1 muted
10-18 13:28:03.983   748  1036 D AF::RecordHandle: OpRecordAudio: track:111 uid:10013 pkg:com.oculus.shellenv usage:0 muted
10-18 13:28:03.983  2337 22597 I TimeWarp: SetSchedFifo( tid=23132, pol=3, pri=0 ) succeeded
10-18 13:28:03.985   748  1037 D AF::TrackHandle: OpPlayAudio: track:230 uid:1000 pkg:com.android.networkstack.inprocess usage:13 not muted
10-18 13:28:03.987   722  2789 E audio_hw_primary: pcm_open_prepare_helper: pcm_prepare returned -1
10-18 13:28:03.993   722  2789 I audio_hw_primary: disable_audio_route: reset and update mixer path: deep-buffer-playback
10-18 13:28:03.995   722  2789 D msm8974_platform: platform_split_snd_device: snd_device(2) num devices(0) new_snd_devices(0)
10-18 13:28:03.995   722  2789 I msm8974_platform: platform_get_custom_mtmx_params: no matching param with id 0 ip_ch 2 op_ch 2 uc_id 0 snd_dev 2
10-18 13:28:03.995   722  2789 D hardware_info: hw_info_append_hw_type : device_name = speaker
10-18 13:28:03.995   722  2789 D msm8974_platform: platform_split_snd_device: snd_device(2) num devices(0) new_snd_devices(0)
10-18 13:28:04.002 23191 23191 I chatty  : uid=10075(com.epicgames.TESTProject) expire 75 lines
10-18 13:28:04.006   695   695 D Zygote  : Forked child process 23191
10-18 13:28:04.008   748  1037 D AF::TrackHandle: OpPlayAudio: track:230 uid:1000 pkg:com.android.networkstack.inprocess usage:13 not muted
10-18 13:28:04.010  1041  1081 I ActivityManager: Start proc 23191:com.epicgames.TESTProject/u0a75 for activity {com.epicgames.TESTProject/com.epicgames.ue4.GameActivity}
10-18 13:28:04.011   748  8637 D AF::TrackHandle: OpPlayAudio: track:363 uid:10074 pkg:com.Armature.SportsScrambleDemo usage:1 muted
10-18 13:28:04.011   748 10165 D AF::TrackHandle: OpPlayAudio: track:235 uid:10072 pkg:com.google.android.apps.youtube.vr.oculus usage:1 muted
10-18 13:28:04.011   748  1625 D AF::TrackHandle: OpPlayAudio: track:156 uid:1000 pkg:com.android.networkstack.inprocess usage:13 not muted
10-18 13:28:04.011   748  5050 D AF::TrackHandle: OpPlayAudio: track:75 uid:1000 pkg:com.android.networkstack.inprocess usage:13 not muted
10-18 13:28:04.011   748  3576 D AF::RecordHandle: OpRecordAudio: track:111 uid:10013 pkg:com.oculus.shellenv usage:0 muted
10-18 13:28:04.012   748  3574 D AF::TrackHandle: OpPlayAudio: track:357 uid:10030 pkg:com.oculus.systemux usage:10 not muted
10-18 13:28:04.012   748  3575 D AF::RecordHandle: OpRecordAudio: track:360 uid:10047 pkg:com.oculus.horizon usage:0 not muted
10-18 13:28:04.012   748  1036 D AF::TrackHandle: OpPlayAudio: track:349 uid:10072 pkg:com.google.android.apps.youtube.vr.oculus usage:1 muted
10-18 13:28:04.013   748  1037 D AF::TrackHandle: OpPlayAudio: track:56 uid:10013 pkg:com.oculus.shellenv usage:1 muted
10-18 13:28:04.020  1888  1888 D UnifiedTelemetryLogger: Already initialized.
10-18 13:28:04.045   722  2789 D audio_hw_primary: out_standby: enter: stream (0xecf29800) usecase(0: deep-buffer-playback)
10-18 13:28:04.045   722  2789 D audio_hw_primary: out_standby: exit
10-18 13:28:04.085   722  2789 D audio_hw_primary: start_output_stream: enter: stream(0xecf29800)usecase(0: deep-buffer-playback) devices(0x2) is_haptic_usecase(0)
10-18 13:28:04.086   722  2789 I audio_hw_primary: select_devices for use case (deep-buffer-playback)
10-18 13:28:04.086   722  2789 I msm8974_platform: platform_check_and_set_codec_backend_cfg:becf: afe: bitwidth 16, samplerate 48000 channels 2, backend_idx 0 usecase = 0 device (speaker)
10-18 13:28:04.086   722  2789 D msm8974_platform: platform_split_snd_device: snd_device(2) num devices(1) new_snd_devices(0)
10-18 13:28:04.086   722  2789 I msm8974_platform: platform_check_and_set_codec_backend_cfg: new_snd_devices[0] is 2
10-18 13:28:04.086   722  2789 I msm8974_platform: platform_check_codec_backend_cfg:becf: afe: bitwidth 16, samplerate 48000 channels 2, backend_idx 0 usecase = 0 device (speaker)
10-18 13:28:04.086   722  2789 D msm8974_platform: platform_check_codec_backend_cfg:napb: (0) - (low-latency-playback)id (1) sr 48000 bw (16) ch (2) device speaker
10-18 13:28:04.087   722  2789 D audio_hw_extn: audio_extn_enable_hifi_filter: mixer_value set 0
10-18 13:28:04.087   722  2789 D msm8974_platform: platform_check_codec_backend_cfg:becf: updated afe: bitwidth 16, samplerate 48000 channels 2,backend_idx 0 usecase = 0 device (speaker)
10-18 13:28:04.087   722  2789 D msm8974_platform: platform_check_codec_backend_cfg:becf: afe: playback on codec device not supporting native playback set default Sample Rate(48k)
10-18 13:28:04.087   722  2789 I msm8974_platform: platform_check_codec_backend_cfg:becf: afe: Codec selected backend: 0 updated bit width: 16 and sample rate: 48000
10-18 13:28:04.087   722  2789 D audio_hw_primary: check_usecases_codec_backend:becf: force routing 0
10-18 13:28:04.087   722  2789 E msm8974_platform: platform_check_backends_match: Invalid snd_device = 
10-18 13:28:04.087   722  2789 D audio_hw_primary: check_usecases_codec_backend:becf: (75) check_usecases curr device: speaker, usecase device: backends match 0
10-18 13:28:04.087   722  2789 D audio_hw_primary: check_usecases_codec_backend:becf: (75) check_usecases curr device: speaker, usecase device:speaker backends match 1
10-18 13:28:04.087   722  2789 E msm8974_platform: platform_check_backends_match: Invalid snd_device = 
10-18 13:28:04.087   722  2789 D audio_hw_primary: check_usecases_codec_backend:becf: (75) check_usecases curr device: speaker, usecase device: backends match 0
10-18 13:28:04.087   722  2789 D audio_hw_primary: check_usecases_codec_backend:becf: check_usecases num.of Usecases to switch 0
10-18 13:28:04.087   722  2789 D hardware_info: hw_info_append_hw_type : device_name = speaker
10-18 13:28:04.087   722  2789 D msm8974_platform: platform_split_snd_device: snd_device(2) num devices(0) new_snd_devices(0)
10-18 13:28:04.087   722  2789 I audio_hw_utils: audio_extn_utils_update_stream_output_app_type_cfg Allowing 24 and above bits playback on speaker ONLY at default sampling rate
10-18 13:28:04.087   722  2789 D audio_hw_utils: audio_extn_utils_send_app_type_cfg: usecase->out_snd_device speaker
10-18 13:28:04.087   722  2789 D msm8974_platform: platform_split_snd_device: snd_device(2) num devices(0) new_snd_devices(0)
10-18 13:28:04.087   722  2789 D audio_hw_utils: audio_extn_btsco_get_sample_rate:Not a BT SCO device, need not update sampling rate
10-18 13:28:04.087   722  2789 I audio_hw_utils: send_app_type_cfg_for_device PLAYBACK app_type 69936, acdb_dev_id 15, sample_rate 48000, snd_device_be_idx 43
10-18 13:28:04.087   722  2789 D msm8974_platform: platform_split_snd_device: snd_device(2) num devices(1) new_snd_devices(0)
10-18 13:28:04.087   722  2789 D audio_hw_utils: audio_extn_btsco_get_sample_rate:Not a BT SCO device, need not update sampling rate
10-18 13:28:04.087   722  2789 D ACDB-LOADER: ACDB -> send_audio_cal, acdb_id = 15, path = 0, app id = 0x11130, sample rate = 48000, afe_sample_rate = 48000
10-18 13:28:04.087   722  2789 D ACDB-LOADER: ACDB -> send_asm_topology
10-18 13:28:04.087   722  2789 D ACDB-LOADER: ACDB -> ACDB_CMD_GET_AUDPROC_STREAM_TOPOLOGY_ID
10-18 13:28:04.087   722  2789 D ACDB-LOADER: ACDB -> send_adm_topology
10-18 13:28:04.087   722  2789 D ACDB-LOADER: ACDB -> ACDB_CMD_GET_AUDPROC_COMMON_TOPOLOGY_ID
10-18 13:28:04.087   722  2789 D ACDB-LOADER: ACDB -> send_audtable
10-18 13:28:04.087   722  2789 D ACDB-LOADER: ACDB -> ACDB_CMD_GET_AUDPROC_INSTANCE_COMMON_TABLE_SIZE
10-18 13:28:04.087   722  2789 D ACDB-LOADER: ACDB -> ACDB_CMD_GET_AUDPROC_INSTANCE_COMMON_TABLE
10-18 13:28:04.087   722  2789 D ACDB-LOADER: ACDB -> AUDIO_SET_AUDPROC_CAL cal_type[11] acdb_id[15] app_type[69936]
10-18 13:28:04.087   722  2789 D ACDB-LOADER: ACDB -> ACDB_CMD_GET_PERSISTENT_AUDPROC_INSTANCE_COMMON_TABLE_SIZE
10-18 13:28:04.087   722  2789 D         : [Data Manager]-> No data found
10-18 13:28:04.087   722  2789 D ACDB-LOADER: Error: ACDB_CMD_GET_PERSISTENT_AUDPROC_INSTANCE_COMMON_TABLE_SIZE returned -18
10-18 13:28:04.087   722  2789 D ACDB-LOADER: ACDB -> send_audproc_persist_table -18 
10-18 13:28:04.087   722  2789 D ACDB-LOADER: Error: Invalid Audproc persist size = -18
10-18 13:28:04.087   722  2789 D ACDB-LOADER: ACDB -> send_audvoltable
10-18 13:28:04.087   722  2789 D ACDB-LOADER: ACDB -> ACDB_CMD_GET_AUDPROC_INSTANCE_GAIN_DEP_STEP_TABLE_SIZE
10-18 13:28:04.087   722  2789 D         : Failed to fetch the lookup information of the device 0000000F 
10-18 13:28:04.087   722  2789 D ACDB-LOADER: Error: ACDB_CMD_GET_AUDPROC_INSTANCE_GAIN_DEP_STEP_TABLE_SIZE Returned = -19
10-18 13:28:04.087   722  2789 D ACDB-LOADER: ACDB -> ACDB_CMD_GET_AUDPROC_INSTANCE_GAIN_DEP_STEP_TABLE, vol index 1
10-18 13:28:04.088   722  2789 D         : Failed to fetch the lookup information of the device 0000000F 
10-18 13:28:04.088   722  2789 D ACDB-LOADER: Error: ACDB AudProc vol returned = -19
10-18 13:28:04.088   722  2789 D ACDB-LOADER: ACDB -> AUDIO_SET_VOL_CAL cal type = 12
10-18 13:28:04.088   722  2789 D ACDB-LOADER: ACDB -> ACDB_CMD_GET_AUDPROC_INSTANCE_STREAM_TABLE_SIZE
10-18 13:28:04.088   722  2789 D ACDB-LOADER: ACDB -> send_audstrmtable
10-18 13:28:04.088   722  2789 D ACDB-LOADER: ACDB -> ACDB_CMD_GET_AUDPROC_INSTANCE_STREAM_TABLE
10-18 13:28:04.088   722  2789 D ACDB-LOADER: ACDB -> audstrm_cal->cal_type.cal_data.cal_size = 20
10-18 13:28:04.088   722  2789 D ACDB-LOADER: ACDB -> send_afe_topology
10-18 13:28:04.088   722  2789 D ACDB-LOADER: ACDB -> ACDB_CMD_GET_AFE_TOPOLOGY_ID
10-18 13:28:04.088   722  2789 D ACDB-LOADER: ACDB -> GET_AFE_TOPOLOGY_ID for adcd_id 15, Topology Id 112fc
10-18 13:28:04.088   722  2789 D ACDB-LOADER: ACDB -> send_afe_cal
10-18 13:28:04.088   722  2789 D ACDB-LOADER: ACDB -> ACDB_CMD_GET_AFE_INSTANCE_COMMON_TABLE_SIZE
10-18 13:28:04.088   722  2789 D         : Failed to fetch the lookup information of the device 0000000F 
10-18 13:28:04.088   722  2789 D ACDB-LOADER: Error: ACDB_CMD_GET_AFE_INSTANCE_COMMON_TABLE_SIZE Returned = -19
10-18 13:28:04.088   722  2789 D ACDB-LOADER: ACDB -> ACDB_CMD_GET_AFE_INSTANCE_COMMON_TABLE
10-18 13:28:04.088   722  2789 D         : Failed to fetch the lookup information of the device 0000000F 
10-18 13:28:04.088   722  2789 D ACDB-LOADER: Error: ACDB AFE returned = -19
10-18 13:28:04.088   722  2789 D ACDB-LOADER: ACDB -> AUDIO_SET_AFE_CAL cal_type[16] acdb_id[15]
10-18 13:28:04.088   722  2789 D ACDB-LOADER: ACDB -> send_hw_delay : acdb_id = 15 path = 0
10-18 13:28:04.088   722  2789 D ACDB-LOADER: ACDB -> ACDB_AVSYNC_INFO: ACDB_CMD_GET_DEVICE_PROPERTY
10-18 13:28:04.088   722  2789 D msm8974_platform: platform_split_snd_device: snd_device(2) num devices(0) new_snd_devices(0)
10-18 13:28:04.088   722  2789 I msm8974_platform: platform_get_custom_mtmx_params: no matching param with id 0 ip_ch 2 op_ch 2 uc_id 0 snd_dev 2
10-18 13:28:04.088   722  2789 I audio_hw_primary: enable_audio_route: apply mixer and update path: deep-buffer-playback
10-18 13:28:04.088   722  2789 D audio_route: Apply path: deep-buffer-playback
10-18 13:28:04.089   722  2789 D audio_hw_primary: select_devices: done
10-18 13:28:04.095  2337 22597 I TimeWarp: SetSchedFifo( tid=23132, pol=2, pri=0 ) succeeded
10-18 13:28:04.099   722  2789 D msm8974_platform: platform_set_channel_map mixer_ctl_name:Playback Channel Map0
10-18 13:28:04.100   722  2789 D msm8974_platform: platform_set_channel_map: set mapping(1 2 0 0 0 0 0 0) for channel:2
10-18 13:28:04.100   722  2789 D audio_hw_primary: start_output_stream: exit
10-18 13:28:04.101   748  1037 I hash_map_utils: key: 'snd_device_in' value: ''
10-18 13:28:04.102   748  1037 I hash_map_utils: key: 'snd_device_out' value: ''
10-18 13:28:04.120  1041  9269 W InputReader: Device has associated, but no associated display id.
10-18 13:28:04.127 22984 23125 I VrApi   : FPS=69/72,Prd=61ms,Tear=0,Early=30,Stale=41,VSnc=1,Lat=1,Fov=0D,CPU4/GPU=4/3,2419/490MHz,OC=FF,TA=0/0/0,SP=N/N/N,Mem=2092MHz,Free=2899MB,PLS=0,Temp=27.0C/0.0C,TW=2.26ms,App=0.94ms,GD=0.20ms,CPU&GPU=2.13ms,LCnt=1,GPU%=0.22,CPU%=0.37(W0.62),DSF=1.00
10-18 13:28:04.128  2337  2337 D VrRuntimeService: onForegroundActivitiesChanged: pid=23191, uid=10075, hasForegroundActivities=true
10-18 13:28:04.135 22984 22984 V threaded_app: WindowFocusChanged: 0xd2609a20 -- 0
10-18 13:28:04.137   694   694 I netd    : firewallSetUidRule(2, 10075, 1) <0.01ms>
10-18 13:28:04.137   748  1037 D AF::TrackHandle: OpPlayAudio: track:230 uid:1000 pkg:com.android.networkstack.inprocess usage:13 not muted
10-18 13:28:04.138   748  5050 D AF::TrackHandle: OpPlayAudio: track:357 uid:10030 pkg:com.oculus.systemux usage:10 not muted
10-18 13:28:04.139   748  3574 D AF::TrackHandle: OpPlayAudio: track:235 uid:10072 pkg:com.google.android.apps.youtube.vr.oculus usage:1 muted
10-18 13:28:04.140   748 10161 D AF::RecordHandle: OpRecordAudio: track:360 uid:10047 pkg:com.oculus.horizon usage:0 not muted
10-18 13:28:04.141   748  1036 D AF::TrackHandle: OpPlayAudio: track:56 uid:10013 pkg:com.oculus.shellenv usage:1 muted
10-18 13:28:04.141   748  3575 D AF::TrackHandle: OpPlayAudio: track:75 uid:1000 pkg:com.android.networkstack.inprocess usage:13 not muted
10-18 13:28:04.142   748  1625 D AF::TrackHandle: OpPlayAudio: track:156 uid:1000 pkg:com.android.networkstack.inprocess usage:13 not muted
10-18 13:28:04.142   748  3576 D AF::TrackHandle: OpPlayAudio: track:349 uid:10072 pkg:com.google.android.apps.youtube.vr.oculus usage:1 muted
10-18 13:28:04.142  2337  2337 D VrRuntimeService: Package com.epicgames.TESTProject has ossplash false
10-18 13:28:04.142   748 10165 D AF::RecordHandle: OpRecordAudio: track:111 uid:10013 pkg:com.oculus.shellenv usage:0 muted
10-18 13:28:04.142   748  8637 D AF::TrackHandle: OpPlayAudio: track:363 uid:10074 pkg:com.Armature.SportsScrambleDemo usage:1 muted
10-18 13:28:04.188   748  1074 D AudioFlinger: mixer(0x7e28819c00) throttle end: throttle time(45)
10-18 13:28:04.203 22984 23092 D OVRPlugin: Leaving VR mode.
10-18 13:28:04.203 22984 23092 I VrApi   : ---------- vrapi_LeaveVrMode [start] ----------
10-18 13:28:04.206   858  4496 E VrApiService: Failed to set affinity for thread 23132, err: -22
10-18 13:28:04.206  2337 22597 I TimeWarp: SetSchedFifo( tid=23132, pol=3, pri=0 ) succeeded
10-18 13:28:04.212 22984 23092 D VrApi   : targetSDKVersion 26
10-18 13:28:04.213 22984 23092 I VrRuntimeClient: DEVICE MODEL NUMBER = Quest
10-18 13:28:04.213 22984 23092 I VrRuntimeClient: DEVICE BUILD NAME = user-19130100199900000
10-18 13:28:04.213 22984 23092 I VrRuntimeClient: DEVICE BUILD TYPE = user
10-18 13:28:04.213 22984 23092 I VrRuntimeClient: DEVICE OS VERSION = 10
10-18 13:28:04.213 22984 23092 I VrRuntimeClient: API LOADER VERSION = 1.21.0
10-18 13:28:04.213 22984 23092 I VrRuntimeClient: RUNTIME API VERSION = 1.50.0
10-18 13:28:04.213 22984 23092 I VrRuntimeClient: RUNTIME VERSION = 33.0.0.69.370 Sep 26 2021 16:15:10 RELEASE
10-18 13:28:04.213 22984 23092 I VrRuntimeClient: APP NAME = Sports Scramble
10-18 13:28:04.213 22984 23092 I VrRuntimeClient: APP VERSION = 1.0 versionCode 19 internalVersionName <none>
10-18 13:28:04.213 22984 23092 I VrRuntimeClient: APP VR TYPE = vr_only
10-18 13:28:04.213 22984 23092 I VrRuntimeClient: APP MODE TYPE = <none>
10-18 13:28:04.213 22984 23092 I VrRuntimeClient: APP PACKAGE NAME = com.Armature.SportsScrambleDemo
10-18 13:28:04.213 22984 23092 I VrRuntimeClient: APP ACTIVITY CLASS = com.epicgames.ue4.GameActivity
10-18 13:28:04.213 22984 23092 D BatteryReceiver: Unregistering battery receiver
10-18 13:28:04.214 22984 23092 I Sensor  : OSSDKTRACKING Shutdown tracking
10-18 13:28:04.218 22984 23125 I VrRuntimeDeviceConfigClient: GetGatekeeper cached result: oculus_mobile_disable_non_hands_app_hands_usage Not enabled
10-18 13:28:04.220 22984 23125 I VrApi   : FPS=69/72,Prd=61ms,Tear=0,Early=30,Stale=41,VSnc=1,Lat=1,Fov=0D,CPU4/GPU=4/3,2419/490MHz,OC=FF,TA=0/0/0,SP=N/N/N,Mem=2092MHz,Free=2896MB,PLS=0,Temp=27.0C/0.0C,TW=2.26ms,App=0.94ms,GD=0.20ms,CPU&GPU=2.13ms,LCnt=1,GPU%=0.22,CPU%=0.37(W0.62),DSF=1.00
10-18 13:28:04.220 22984 23092 I VrApi   : OVR::Stats thread stopped
10-18 13:28:04.220 22984 23092 I InputDeviceManager: ovrInputDeviceManager::~ovrInputDeviceManager
10-18 13:28:04.220 22984 23092 I OSHandDataQuerier: OSSDKTRACKING shutting down HandsTracker
10-18 13:28:04.220 22984 23092 I OSHandDataQuerier: OSSDKTRACKING shutting down HandsTracker
10-18 13:28:04.220 22984 23092 I InputDevice_TrackedRemote: OSSDKTRACKING shutting down Haptics
10-18 13:28:04.220 22984 23092 I InputDevice_TrackedRemote: OSSDKTRACKING shutting down Haptics
10-18 13:28:04.220 22984 23092 D OsSdk   : TrackingServiceConnection dtor
--------- beginning of tracking
10-18 13:28:04.220   838  2122 I TrackingService: Unregistering client by ITrackingService.unregisterClient
10-18 13:28:04.221   838  2122 I TrackingService: Failed to unregister client because client not found in registered list
10-18 13:28:04.221   838  2122 I chatty  : uid=1000(system) Binder:838_3 identical 1 line
10-18 13:28:04.221   838  2122 I TrackingService: Failed to unregister client because client not found in registered list
10-18 13:28:04.221 22984 23092 D OsSdk   : TrackingServiceConnection unregistered
10-18 13:28:04.227 22984 23124 I ClientInputThread_Internal: InputThreadRun ShutdownRequest received
10-18 13:28:04.227 22984 23092 I InputHooks_Internal: Disabling Native Input Hooks
10-18 13:28:04.228 22984 23092 I ClientInputTrackedObjectManager: TRACKEDKEYBOARD ClearTrackedObjectManager called on client
10-18 13:28:04.228  2337 23123 I VrRuntimeService: RuntimeServiceSDKServer::EnableRendering: 0x0, 0, com.Armature.SportsScrambleDemo
10-18 13:28:04.228  2337 23123 I ClientMgr: ClientMgr::EnableRendering 22984:com.Armature.SportsScrambleDemo : type 0 comp-id 14: disable
10-18 13:28:04.228  2337 23123 I VrRuntimeServer: DisableCompositorClient: 14
10-18 13:28:04.228  2337 23123 I TimeWarpClientMgr: Disable client 14
10-18 13:28:04.228  2337 23123 I TimeWarpClientMgr: DisableClient: frame flush required: 1
10-18 13:28:04.237 23191 23214 I chatty  : uid=10075(com.epicgames.TESTProject) expire 4 lines
10-18 13:28:04.240 23191 23217 I chatty  : uid=10075(com.epicgames.TESTProject) expire 4 lines
10-18 13:28:04.241  2337  2664 I ClientMgr: Non-overlay clients rendering status has changed: prev=49, curr=50, enabled=0
10-18 13:28:04.242  2337 23123 I UnifiedTelemetryWrapper: Stopped UT session render:com.Armature.SportsScrambleDemo
10-18 13:28:04.242  2337  2664 I TimeWarpClientMgr: Enable client 0
10-18 13:28:04.242  2337  2664 I VrRuntimeServer: EnableCompositorClient client(0): layer placement(2147483643) flags(8) sm(0x7be090e710)
10-18 13:28:04.242 22984 23132 I FenceChecker: FenceChecker::MainLoop - ended
10-18 13:28:04.245 22984 23092 I VrApi   : ---------- vrapi_LeaveVrMode [end] ----------
10-18 13:28:04.436  1481  2984 I Telemetry: App memory usage: PSS=19MB DalvikPSS=1 MB
10-18 13:28:04.622 22984 23013 D         : PlayerBase::pause() from IPlayer
10-18 13:28:04.623  1226  1226 V AvrcpMediaPlayerList: onPlaybackConfigChanged(): Configs list size=10
10-18 13:28:04.827 23191 23231 I chatty  : uid=10075(com.epicgames.TESTProject) expire 156 lines
10-18 13:28:04.827 23191 23232 I chatty  : uid=10075(com.epicgames.TESTProject) expire 12 lines
10-18 13:28:04.932 23191 23233 I chatty  : uid=10075(com.epicgames.TESTProject) expire 1 line
10-18 13:28:04.995  1041  7727 E WindowManager: App trying to use insecure INPUT_FEATURE_NO_INPUT_CHANNEL flag. Ignoring
10-18 13:28:05.011  2337  2337 I ClientMgr: FocusedClient changed.
10-18 13:28:05.011  2337  2337 W ClientMgr: ClientMgr::SetFocusedClient: No focused client
10-18 13:28:05.011  2337  2337 I ClientMgr: Releasing clocks.
10-18 13:28:05.012 23191 23215 I chatty  : uid=10075(com.epicgames.TESTProject) expire 4 lines
10-18 13:28:05.016   751   819 W ServiceManager: Permission failure: android.permission.ACCESS_SURFACE_FLINGER from uid=10075 pid=23191
10-18 13:28:05.016   751   819 D PermissionCache: checking android.permission.ACCESS_SURFACE_FLINGER for uid=10075 => denied (1896 us)
10-18 13:28:05.018  1888  8074 I LibraryProvider: running queryApp(com.Armature.SportsScrambleDemo) for UID 10047
10-18 13:28:05.026  1888  8074 I LibraryProvider: running queryApp(com.Armature.SportsScrambleDemo) for UID 10047
10-18 13:28:05.028  1041  1077 I ActivityTaskManager: Displayed com.epicgames.TESTProject/com.epicgames.ue4.GameActivity: +1s74ms
10-18 13:28:05.033   728   728 I libhealthbattery: Diff time: 29.000000
10-18 13:28:05.033   728   728 I libhealthbattery: remapSoc: 100.000000
10-18 13:28:05.061  1838 23237 I OSUpdateService: Intent with action system_battery_changed
10-18 13:28:05.066  1911  1911 D KeyboardInputMethodService: onFinishInput
10-18 13:28:05.082  2002  2002 E OVRMediaServiceManager: LivestreamingManager Not initialized
10-18 13:28:05.083 21592 21592 W com.oculus.processhelper.ProcessHelper: Current process name is: com.oculus.socialplatform
10-18 13:28:05.086 21592 21592 E PartyStateManager: onAppStart nativeGetSystemVoipData didn't contain state
10-18 13:28:05.089 21592 21592 W VRLifecycleManager: onHeadsetMounted
10-18 13:28:05.120  1911  2838 I [OAO] ShellOverlayApp: Sleep timeout exceeded. Timeout:57435.870943, Now:57435.870947. Sleeping... 
10-18 13:28:05.120  1911  2838 I [OAO] ShellOverlayApp: WaitForWake: VrThread entering waiting state
10-18 13:28:05.127   838 22549 I [CT]    : boltlib: DSP utilization: 7.32 % (366 / 5005 ms)
10-18 13:28:05.183 21592 21592 W PartyNativeModuleManager: Calling nativeTearDown but native code wasn't initialized. Noop.
10-18 13:28:05.209 21592 21592 W PartyNativeModuleManager: Calling nativeTearDown but native code wasn't initialized. Noop.
10-18 13:28:05.327  2025  3020 I VrRuntimeDeviceConfigClient: GetGatekeeper cached result: oculus_mobile_disable_non_hands_app_hands_usage Not enabled
10-18 13:28:05.368   838 22610 I [CT]    : VIPER:MAP_MANAGER: State: TrackingPersistent, UUID=931c4f36-f627-2bdd-f0bb-0ed9bde6177f, Num. Persistent maps = 2,  Persistent maps:931c4f36-f627-2bdd-f0bb-0ed9bde6177f,280b79ec-7f40-f240-7bf7-983367241b40,
10-18 13:28:05.401   838 22610 I [CT]    : VIPER: Mode=Viper,Status=6DoF,TRACKING,KF=71,Inl=339,Pts=316,Mem=59.2,Jit=1.4mm,Issues(Cam/min=0.0,IMU/min=0.0),Exp=(5.4ms,g=4.0,I=77,Ir=3631.0)(5.8ms,g=5.0,I=71,Ir=2457.8)(5.8ms,g=5.0,I=77,Ir=2682.3)(5.2ms,g=5.0,I=90,Ir=3471.7)
10-18 13:28:05.467   740 22582 W SensorService: Unknown packet type (20) received
10-18 13:28:05.510  1888  8074 I LibraryProvider: running queryApp(com.epicgames.TESTProject) for UID 1000
10-18 13:28:05.511  1888  8074 W LibraryProvider: Cannot find entitlement for com.epicgames.TESTProject
10-18 13:28:05.512  1410  1935 W OVRLibrary: null cursor received for query content://com.oculus.ocms.library/apps/com.epicgames.TESTProject
10-18 13:28:05.516 23191 23231 I chatty  : uid=10075(com.epicgames.TESTProject) expire 239 lines
10-18 13:28:05.524 23191 23255 I chatty  : uid=10075(com.epicgames.TESTProject) expire 15 lines
10-18 13:28:05.543 23191 23256 I chatty  : uid=10075(com.epicgames.TESTProject) expire 1 line
10-18 13:28:05.544   786  1991 I RuntimeIPCService: CreateBrokerConnection: 23191:com.epicgames.TESTProject:com.epicgames.TESTProject
10-18 13:28:05.544   786  1991 D ThreadHelpers: RuntimeIPC: ThreadBase: Shutdown
10-18 13:28:05.548  2025  2025 D VrGuardianService: onStartCommand
10-18 13:28:05.548  2025  2025 D VrGuardianUserService: onStartCommandIntent { cmp=com.oculus.guardian/com.oculus.vrguardianservice.VrGuardianUserService }
10-18 13:28:05.549  2025  2025 D VrGuardianUserService: onStartCommand null user = 0
10-18 13:28:05.549  2025  2025 D VrGuardianService: setCurrentUser() called with: userId = [0]
10-18 13:28:05.549  2025  2025 I VrGuardianService: nativeSetCurrentUser userid = 0
10-18 13:28:05.549  2025  2025 I GuardianSystem: GuardianSystem::SetCurrentUser: 0 
10-18 13:28:05.549   786 23257 I RuntimeIPCService: RPC_BROKER_CREATE_PROCESS_CONNECTION: SUCCESS: Client: com.epicgames.TESTProject:com.epicgames.TESTProject:23191, Server: com.oculus.guardian:com.oculus.vrguardianservice:2025, SetBrokerHandlerCalled: 1
10-18 13:28:05.551  2025 23260 I IPCSharedMemory: CreateSharedMemory: Allocated shared memory fd 226 (ipcStateReadWrite)
10-18 13:28:05.551  2025 23260 I IPCSharedMemory: CreateSharedMemory: Allocated shared memory fd 227 (ipcReadOnlyState)
10-18 13:28:05.552  2025 23260 I ServerProcessConnector: HandleClientConnect: Client: com.epicgames.TESTProject:com.epicgames.TESTProject:23191, Server: com.oculus.guardian:com.oculus.vrguardianservice:2025 (guardianserver)
10-18 13:28:05.639 22984 22984 V threaded_app: SaveInstanceState: 0xd2609a20
10-18 13:28:05.639 22984 23014 V threaded_app: APP_CMD_SAVE_STATE
10-18 13:28:05.645 22984 22984 V threaded_app: NativeWindowDestroyed: 0xd2609a20 -- 0xd2720008
10-18 13:28:05.645 22984 23014 V threaded_app: APP_CMD_TERM_WINDOW
10-18 13:28:05.779 22984 23014 V threaded_app: APP_CMD_TERM_WINDOW
10-18 13:28:05.781 22984 22984 V threaded_app: Stop: 0xd2609a20
10-18 13:28:05.781 22984 23014 V threaded_app: activityState=14
10-18 13:28:05.788  2337  2337 D VrRuntimeService: onForegroundActivitiesChanged: pid=22984, uid=10074, hasForegroundActivities=false
10-18 13:28:05.917  2025  2239 D RuntimeIPCServerMgr: RegisterClient: Client: com.epicgames.TESTProject:com.epicgames.TESTProject:23191, Server: com.oculus.guardian:com.oculus.vrguardianservice (guardianserver)
10-18 13:28:05.918  2025 23261 W REFLECT : Broadcasting 1943595609, com.epicgames.TESTProject, com.epicgames.TESTProject
10-18 13:28:05.995   838 22586 I [CT]    : Behavior:AtRest: [Left] deactivated
10-18 13:28:05.995   838 22586 I [CT]    : ControllerMotionModel: [Left] t = 106.031s, behavior transition: AtRest -> None
10-18 13:28:06.009   838 22586 I [CT]    : Behavior:AtRest: [Left] activated
10-18 13:28:06.009   838 22586 I [CT]    : ControllerMotionModel: [Left] t = 106.044s, behavior transition: None -> AtRest
10-18 13:28:06.029   838 22586 I [CT]    : Behavior:AtRest: [Left] deactivated
10-18 13:28:06.029   838 22586 I [CT]    : ControllerMotionModel: [Left] t = 106.064s, behavior transition: AtRest -> None
10-18 13:28:06.075   838 22586 I [CT]    : CONSTELLATION: L: Detected IMU motion => Leaving static state.
10-18 13:28:06.151   838 22586 I [CT]    : Behavior:AtRest: [Left] activated
10-18 13:28:06.151   838 22586 I [CT]    : ControllerMotionModel: [Left] t = 106.187s, behavior transition: None -> AtRest
10-18 13:28:06.154   748  8637 I hash_map_utils: key: 'snd_device_in' value: ''
10-18 13:28:06.155   748  8637 I hash_map_utils: key: 'snd_device_out' value: ''
10-18 13:28:06.163  1888  8074 W PublicLibraryProvider: Cannot find entitlement for com.epicgames.TESTProject
10-18 13:28:06.164  2337  2337 D VrRuntimeService: onStartCommand
10-18 13:28:06.164   786 23257 I RuntimeIPCService: RPC_BROKER_CREATE_PROCESS_CONNECTION: SUCCESS: Client: com.epicgames.TESTProject:com.epicgames.TESTProject:23191, Server: com.oculus.systemdriver:com.oculus.vrruntimeservice:2337, SetBrokerHandlerCalled: 1
10-18 13:28:06.165  2337 23264 I IPCSharedMemory: CreateSharedMemory: Allocated shared memory fd 196 (ipcStateReadWrite)
10-18 13:28:06.165  2337 23264 I IPCSharedMemory: CreateSharedMemory: Allocated shared memory fd 198 (ipcReadOnlyState)
10-18 13:28:06.166  2337 23264 I ServerProcessConnector: HandleClientConnect: Client: com.epicgames.TESTProject:com.epicgames.TESTProject:23191, Server: com.oculus.systemdriver:com.oculus.vrruntimeservice:2337 (RuntimeServiceServer)
10-18 13:28:06.215   838 22586 I [CT]    : Behavior:AtRest: [Right] deactivated
10-18 13:28:06.215   838 22586 I [CT]    : ControllerMotionModel: [Right] t = 106.251s, behavior transition: AtRest -> None
10-18 13:28:06.240   838 22586 I [CT]    : CONSTELLATION: R: Detected IMU motion => Leaving static state.
10-18 13:28:06.248   838 22586 I [CT]    : Behavior:AtRest: [Left] deactivated
10-18 13:28:06.248   838 22586 I [CT]    : ControllerMotionModel: [Left] t = 106.282s, behavior transition: AtRest -> None
10-18 13:28:06.266  1041  1754 E TaskPersister: File error accessing recents directory (directory doesn't exist?).
10-18 13:28:06.488  2337  2663 D RuntimeIPCServerMgr: RegisterClient: Client: com.epicgames.TESTProject:com.epicgames.TESTProject:23191, Server: com.oculus.systemdriver:com.oculus.vrruntimeservice (RuntimeServiceServer)
10-18 13:28:06.489  2337 23265 I VrRuntimeService: RuntimeIPC: IPC_SYSTEM_EVENT_CLIENT_CONNECTED_EXT: com.epicgames.TESTProject:23191, Version: 1.0, Custom: 1.0
10-18 13:28:06.489  2337 23265 I VrRuntimeService: RuntimeIPC: SendPrimaryPackageChangeEvent: PostClientEvent SUCCESS: com.epicgames.TESTProject:com.epicgames.TESTProject:23191, com.Armature.SportsScrambleDemo, com.Armature.SportsScrambleDemo
10-18 13:28:06.489  2337 23265 I VrRuntimeService: RuntimeServiceSDKServer::RegisterClient: com.epicgames.TESTProject
10-18 13:28:06.489  2337 23265 I ClientMgr: ClientMgr::CreateClient: 23191:com.epicgames.TESTProject
10-18 13:28:06.489  2337 23265 I ClientMgr: CliengMgr: Client session placement = 0
10-18 13:28:06.489  2337 23265 I TimeWarpClientMgr: Register client 15
10-18 13:28:06.489  2337 23265 I VrRuntimeServer: RegisterCompositorClient client(15)
10-18 13:28:06.491  2337 23265 I ClientMgr: ClientMgr: Client:com.epicgames.TESTProject isOsApp=false
10-18 13:28:06.491  2337 23265 I SharedMemoryServer: SharedMemoryServer::MapMemory: Allocated shared memory fd 210 (VrRuntimeService_PrivateReadWrite_com.epicgames.TESTProject)
10-18 13:28:06.491  2337 23265 I ClientMgr: AddClient: com.epicgames.TESTProject:com.epicgames.TESTProject:23191
10-18 13:28:06.491  2337 23265 I ClientMgr: CreateClient: Sending PrimaryPackageChangeEvent outside of normal operation for Guardian.
10-18 13:28:06.491  2337 23265 I VrRuntimeService: RuntimeIPC: SendPrimaryPackageChangeEvent: PostClientEvent SUCCESS: com.oculus.guardian:com.oculus.vrguardianservice:2025, com.epicgames.TESTProject, com.epicgames.TESTProject
10-18 13:28:06.494  2025  2743 I GuardianSystem: runtimeServiceSDKClient_.PackageChangeEvent: package=[com.epicgames.TESTProject], process=[com.epicgames.TESTProject]
10-18 13:28:06.494  2025  2743 I GuardianSystem: SetCurrentProcessName: com.epicgames.TESTProject, previous ProcessName: com.Armature.SportsScrambleDemo
10-18 13:28:06.494  2025  2743 I GuardianSystem: SetCurrentProcessName: Return package changed: com.epicgames.TESTProject
10-18 13:28:06.494  2337 23265 I UnifiedTelemetryWrapper: Started UT session lifetime:com.epicgames.TESTProject
10-18 13:28:06.494  2337 23265 I VrRuntimeService: RuntimeServiceSDKServer::GetSharedMemoryFileDescriptor: 1943595609
10-18 13:28:06.494  2337 23265 I VrRuntimeService: GetSharedMemoryFileDescriptor: SharedMemoryType_PublicReadOnly: 33
10-18 13:28:06.495  2337 23265 I VrRuntimeService: RuntimeServiceSDKServer::GetSharedMemoryFileDescriptor: 1943595609
10-18 13:28:06.495  2337 23265 I VrRuntimeService: GetSharedMemoryFileDescriptor: SharedMemoryType_PrivateReadWrite: 210
10-18 13:28:06.496  2337 23265 I VrRuntimeService: RuntimeServiceSDKServer::IsExperimental120HzSupportEnabled
10-18 13:28:06.576 23191 23231 I chatty  : uid=10075(com.epicgames.TESTProject) expire 803 lines
10-18 13:28:06.711  1410 23266 W ContextImpl: Calling a method in the system process without a qualified user: android.app.ContextImpl.sendBroadcast:1057 android.content.ContextWrapper.sendBroadcast:448 X.uO.A00:58995 X.uz.A00:17 X.uz.handleMessage:91 
10-18 13:28:06.809 23191 23242 I chatty  : uid=10075(com.epicgames.TESTProject) expire 68 lines
10-18 13:28:06.810 23191 23243 I chatty  : uid=10075(com.epicgames.TESTProject) expire 120 lines
10-18 13:28:06.848 23191 23231 I chatty  : uid=10075(com.epicgames.TESTProject) expire 136 lines
10-18 13:28:06.848 23191 23242 I chatty  : uid=10075(com.epicgames.TESTProject) expire 36 lines
10-18 13:28:06.888 23191 23240 I chatty  : uid=10075(com.epicgames.TESTProject) expire 1 line
10-18 13:28:07.359 23191 23231 I chatty  : uid=10075(com.epicgames.TESTProject) expire 192 lines
10-18 13:28:07.393 23191 23290 I chatty  : uid=10075(com.epicgames.TESTProject) expire 4 lines
10-18 13:28:07.394   838  4676 I TrackingService: TrackingService::getSharedMemoryFileDescriptor
10-18 13:28:07.405  2025  2025 D VrGuardianUserService: onStartCommandIntent { act=FOREGROUND_CLIENT cmp=com.oculus.guardian/com.oculus.vrguardianservice.VrGuardianUserService (has extras) }
10-18 13:28:07.406  2025  2025 D VrGuardianUserService: onStartCommand FOREGROUND_CLIENT user = 0
10-18 13:28:07.406  2025  2025 D VrGuardianService: setCurrentUser() called with: userId = [0]
10-18 13:28:07.406  2025  2025 I VrGuardianService: nativeSetCurrentUser userid = 0
10-18 13:28:07.406  2025  2025 I GuardianSystem: GuardianSystem::SetCurrentUser: 0 
10-18 13:28:07.407  2337 23265 I VrRuntimeService: RuntimeServiceSDKServer::EnableRendering: 0x7bd78d6bc0, 2, com.epicgames.TESTProject
10-18 13:28:07.407  2337 23265 I ClientMgr: EnableRendering2: Calling SetFocusedClient: 1943595609
10-18 13:28:07.407  2337 23265 I ClientMgr: FocusedClient changed.
10-18 13:28:07.407  2337 23265 I ClientMgr: ClientMgr::SetFocusedClient: 23191:com.epicgames.TESTProject type 0
10-18 13:28:07.407  2337 23265 I VrRuntimeService: RuntimeIPC: SendFocusChangeEventToAllClients: PostClientEvent SUCCESS: com.epicgames.TESTProject:com.epicgames.TESTProject:23191, com.epicgames.TESTProject, com.epicgames.TESTProject
10-18 13:28:07.407  2337 23265 I VrRuntimeService: RuntimeIPC: SendFocusChangeEventToAllClients: PostClientEvent SUCCESS: com.Armature.SportsScrambleDemo:com.Armature.SportsScrambleDemo:22984, com.epicgames.TESTProject, com.epicgames.TESTProject
10-18 13:28:07.407  2337 23265 I VrRuntimeService: RuntimeIPC: SendFocusChangeEventToAllClients: PostClientEvent SUCCESS: com.oculus.mrservice:com.oculus.mrservice:1481, com.epicgames.TESTProject, com.epicgames.TESTProject
10-18 13:28:07.407  2337 23265 I VrRuntimeService: RuntimeIPC: SendFocusChangeEventToAllClients: PostClientEvent SUCCESS: com.oculus.vrshell:com.oculus.vrshell:Overlay:1911, com.epicgames.TESTProject, com.epicgames.TESTProject
10-18 13:28:07.407  2337 23265 I VrRuntimeService: RuntimeIPC: SendFocusChangeEventToAllClients: PostClientEvent SUCCESS: com.oculus.shellenv:com.oculus.shellenv:1802, com.epicgames.TESTProject, com.epicgames.TESTProject
10-18 13:28:07.407  2337 23265 I VrRuntimeService: RuntimeIPC: SendFocusChangeEventToAllClients: PostClientEvent SUCCESS: com.oculus.vrshell:com.oculus.vrshell:1862, com.epicgames.TESTProject, com.epicgames.TESTProject
10-18 13:28:07.407  2337 23265 I VrRuntimeService: RuntimeIPC: SendFocusChangeEventToAllClients: PostClientEvent SUCCESS: com.oculus.guardian:com.oculus.vrguardianservice:2025, com.epicgames.TESTProject, com.epicgames.TESTProject
10-18 13:28:07.407  2337 23265 I ClientMgr: ClientMgr::EnableRendering 23191:com.epicgames.TESTProject : type 0 comp-id 15: enable
10-18 13:28:07.407  2337 23265 I TimeWarp: CheckDebuggerConnected: debugger 0
10-18 13:28:07.407  2337 23265 I VrRuntimeServer: SysProp debug mode is disabled on Server side
10-18 13:28:07.409  2337 23265 I UnifiedTelemetryWrapper: Started UT session render:com.epicgames.TESTProject
10-18 13:28:07.410  2337 23265 I VrRuntimeService: GetSpecialSwapChain: 1943595609
10-18 13:28:07.411  2337 23265 I VrRuntimeService: GetSpecialSwapChain: 1943595609
10-18 13:28:07.411  2337 23265 I VrRuntimeService: CreateSwapChain: 1943595609
10-18 13:28:07.411  2337 23265 I VrRuntimeService: CreateSwapChain: api:vk 2 0x2b 1440 1584 1 3 2 0 15
10-18 13:28:07.416  2337  2664 I ClientMgr: Non-overlay clients rendering status has changed: prev=50, curr=51, enabled=1
10-18 13:28:07.416  2337  2664 I ClientMgr: Primary Client is not valid.
10-18 13:28:07.416  2337  2664 I ClientMgr: Primary client determined to be the current enabled client 1943595609
10-18 13:28:07.416  2337  2664 I ClientMgr: ClientMgr::SetPrimaryCompositorClient: 23191:com.epicgames.TESTProject
10-18 13:28:07.416  2337  2664 W ClientMgr: ClientMgr::GetClientPermissionFlagsById: Client missing proper permissions: com.epicgames.TESTProject, 2
10-18 13:28:07.416  2337  2664 I TimeWarpClientMgr: Enable client 15
10-18 13:28:07.416  2337  2664 I VrRuntimeServer: EnableCompositorClient client(15): layer placement(0) flags(1) sm(0x7c34ac6010)
10-18 13:28:07.416  2337  2664 I ServiceInputManager: ServiceInputManager::SetPrimaryPackageName 'com.epicgames.TESTProject' 'com.epicgames.TESTProject'  updated AnytimeUI processname 1
10-18 13:28:07.416  2337  2664 I VrRuntimeService: RuntimeIPC: SendPrimaryPackageChangeEvent: PostClientEvent SUCCESS: com.epicgames.TESTProject:com.epicgames.TESTProject:23191, com.epicgames.TESTProject, com.epicgames.TESTProject
10-18 13:28:07.416  2337  2664 I VrRuntimeService: RuntimeIPC: SendPrimaryPackageChangeEvent: PostClientEvent SUCCESS: com.Armature.SportsScrambleDemo:com.Armature.SportsScrambleDemo:22984, com.epicgames.TESTProject, com.epicgames.TESTProject
10-18 13:28:07.416  2337  2664 I VrRuntimeService: RuntimeIPC: SendPrimaryPackageChangeEvent: PostClientEvent SUCCESS: com.oculus.mrservice:com.oculus.mrservice:1481, com.epicgames.TESTProject, com.epicgames.TESTProject
10-18 13:28:07.416  2337  2664 I VrRuntimeService: RuntimeIPC: SendPrimaryPackageChangeEvent: PostClientEvent SUCCESS: com.oculus.vrshell:com.oculus.vrshell:Overlay:1911, com.epicgames.TESTProject, com.epicgames.TESTProject
10-18 13:28:07.416  2337  2664 I VrRuntimeService: RuntimeIPC: SendPrimaryPackageChangeEvent: PostClientEvent SUCCESS: com.oculus.shellenv:com.oculus.shellenv:1802, com.epicgames.TESTProject, com.epicgames.TESTProject
10-18 13:28:07.416  2337  2664 I VrRuntimeService: RuntimeIPC: SendPrimaryPackageChangeEvent: PostClientEvent SUCCESS: com.oculus.vrshell:com.oculus.vrshell:1862, com.epicgames.TESTProject, com.epicgames.TESTProject
10-18 13:28:07.416  2337  2664 I VrRuntimeService: RuntimeIPC: SendPrimaryPackageChangeEvent: PostClientEvent SUCCESS: com.oculus.guardian:com.oculus.vrguardianservice:2025, com.epicgames.TESTProject, com.epicgames.TESTProject
10-18 13:28:07.416  2337  2664 D VrRuntimeService: sendPrimaryPackageChangeBroadcast
10-18 13:28:07.417  2337  2664 I AADT    : SetAADTLutDataX: 0
10-18 13:28:07.417  2337  2664 I AADT    : SetAADTLutDataY: 0
10-18 13:28:07.417  2337  2664 I ServiceInputManager: DEADRECKONING deadReckoning mode on ClientMgr from server is 0
10-18 13:28:07.417  2337  2664 I PerformanceManager: SetClockLevels: Force releasing clocks
10-18 13:28:07.417  2337  2664 I PerformanceManager: SetClockLevels: Apply pending clock request change: 4,3 -> -1,-1
10-18 13:28:07.417  2337 22560 I Clocks  : ReleaseClocks - start
10-18 13:28:07.418  1862  1862 D [SEO] BaseOverlayService: screenStateReceiver Received broadcast: com.oculus.vrshell.intent.action.PRIMARY_PACKAGE_CHANGED
10-18 13:28:07.418  1911  1911 D [OAO] BaseOverlayService: screenStateReceiver Received broadcast: com.oculus.vrshell.intent.action.PRIMARY_PACKAGE_CHANGED
10-18 13:28:07.418  1911  1911 I [OAO] ShellOverlayServiceJNI: NativeSendOverlayCommand
10-18 13:28:07.418  1911  1911 I [OAO] ShellOverlayServiceJNI: NativeWake
10-18 13:28:07.418  1911  1911 I [OAO] ShellOverlayMain: WakeVrThread
10-18 13:28:07.418  1911  1911 I [OAO] ShellOverlayMain: WakeVrThread - notifying vr thread
10-18 13:28:07.418  1911  2838 I [OAO] ShellOverlayApp: VrThread woke up
10-18 13:28:07.419  1911  2838 I [OAO] ShellOverlayApp: 0xbed58c38 msg: overlayCommand:
10-18 13:28:07.419  1911  2838 I [OAO] ShellOverlayApp: command = primaryPackageChanged
10-18 13:28:07.419  1911  2838 I [OAO] ShellOverlayApp: Process_OverlayCommand command : primaryPackageChanged
