10-18 13:28:27.083   722  2789 D audio_hw_extn: audio_extn_enable_hifi_filter: mixer_value set 0
10-18 13:28:27.083  1802  1858 I InputDevice_TrackedRemote: OSSDKTRACKING Haptics != nullpointer 0x7ba3f52b00, 1
10-18 13:28:27.083  1802  1858 I InputDeviceManager: ovrInputDeviceManager::Initialize
10-18 13:28:27.083   722  2789 D msm8974_platform: platform_check_codec_backend_cfg:becf: updated afe: bitwidth 16, samplerate 48000 channels 2,backend_idx 0 usecase = 0 device (speaker)
10-18 13:28:27.083   722  2789 D msm8974_platform: platform_check_codec_backend_cfg:becf: afe: playback on codec device not supporting native playback set default Sample Rate(48k)
10-18 13:28:27.083   722  2789 I msm8974_platform: platform_check_codec_backend_cfg:becf: afe: Codec selected backend: 0 updated bit width: 16 and sample rate: 48000
10-18 13:28:27.083   722  2789 D audio_hw_primary: check_usecases_codec_backend:becf: force routing 0
10-18 13:28:27.083  1802  1858 I OSHandDataQuerier: OSSDKTRACKING Initializing HandsTracker
10-18 13:28:27.083   722  2789 E msm8974_platform: platform_check_backends_match: Invalid snd_device = 
10-18 13:28:27.083   722  2789 D audio_hw_primary: check_usecases_codec_backend:becf: (75) check_usecases curr device: speaker, usecase device: backends match 0
10-18 13:28:27.083  1802  1858 I OSHandDataQuerier: OSSDKTRACKING HandsTracker != nullpointer 0x7bb66e1380, 1
10-18 13:28:27.083   722  2789 D audio_hw_primary: check_usecases_codec_backend:becf: (75) check_usecases curr device: speaker, usecase device:speaker backends match 1
10-18 13:28:27.083  1802  1858 I OSHandDataQuerier: OSSDKTRACKING Initializing HandsTracker
10-18 13:28:27.083   722  2789 E msm8974_platform: platform_check_backends_match: Invalid snd_device = 
10-18 13:28:27.083  1802  1858 I OSHandDataQuerier: OSSDKTRACKING HandsTracker != nullpointer 0x7ba3f35aa0, 1
10-18 13:28:27.083   722  2789 D audio_hw_primary: check_usecases_codec_backend:becf: (75) check_usecases curr device: speaker, usecase device: backends match 0
10-18 13:28:27.083   722  2789 D audio_hw_primary: check_usecases_codec_backend:becf: check_usecases num.of Usecases to switch 0
10-18 13:28:27.083   722  2789 D hardware_info: hw_info_append_hw_type : device_name = speaker
10-18 13:28:27.083   722  2789 D msm8974_platform: platform_split_snd_device: snd_device(2) num devices(0) new_snd_devices(0)
10-18 13:28:27.083  1802 23364 I InputDevice_TrackedRemote: REMOTE: Hand=2 IndexAnalog=0.00 GripAnalog=0.00 Buttons=0x00000000
10-18 13:28:27.083   722  2789 I audio_hw_utils: audio_extn_utils_update_stream_output_app_type_cfg Allowing 24 and above bits playback on speaker ONLY at default sampling rate
10-18 13:28:27.083  1802 23364 I InputDevice_TrackedRemote: REMOTE: Hand=1 IndexAnalog=0.00 GripAnalog=0.00 Buttons=0x00000000
10-18 13:28:27.083  1802 23364 I InputDeviceManager: HANDTRACKING Pointer filter profile changed to: 0
10-18 13:28:27.083  1802 23364 I InputDeviceManager: HANDTRACKING Pointer filter profile changed to: 0
10-18 13:28:27.083   722  2789 D audio_hw_utils: audio_extn_utils_send_app_type_cfg: usecase->out_snd_device speaker
10-18 13:28:27.083   722  2789 D msm8974_platform: platform_split_snd_device: snd_device(2) num devices(0) new_snd_devices(0)
10-18 13:28:27.083   722  2789 D audio_hw_utils: audio_extn_btsco_get_sample_rate:Not a BT SCO device, need not update sampling rate
10-18 13:28:27.083   722  2789 I audio_hw_utils: send_app_type_cfg_for_device PLAYBACK app_type 69936, acdb_dev_id 15, sample_rate 48000, snd_device_be_idx 43
10-18 13:28:27.084   722  2789 D msm8974_platform: platform_split_snd_device: snd_device(2) num devices(1) new_snd_devices(0)
10-18 13:28:27.084   722  2789 D audio_hw_utils: audio_extn_btsco_get_sample_rate:Not a BT SCO device, need not update sampling rate
10-18 13:28:27.084   722  2789 D ACDB-LOADER: ACDB -> send_audio_cal, acdb_id = 15, path = 0, app id = 0x11130, sample rate = 48000, afe_sample_rate = 48000
10-18 13:28:27.084   722  2789 D ACDB-LOADER: ACDB -> send_asm_topology
10-18 13:28:27.084   722  2789 D ACDB-LOADER: ACDB -> ACDB_CMD_GET_AUDPROC_STREAM_TOPOLOGY_ID
10-18 13:28:27.084   722  2789 D ACDB-LOADER: ACDB -> send_adm_topology
10-18 13:28:27.084   722  2789 D ACDB-LOADER: ACDB -> ACDB_CMD_GET_AUDPROC_COMMON_TOPOLOGY_ID
10-18 13:28:27.084  1802  1858 D OsSdk   : TrackingServiceConnection registered
10-18 13:28:27.084   722  2789 D ACDB-LOADER: ACDB -> send_audtable
10-18 13:28:27.084   722  2789 D ACDB-LOADER: ACDB -> ACDB_CMD_GET_AUDPROC_INSTANCE_COMMON_TABLE_SIZE
10-18 13:28:27.084   722  2789 D ACDB-LOADER: ACDB -> ACDB_CMD_GET_AUDPROC_INSTANCE_COMMON_TABLE
10-18 13:28:27.084   722  2789 D ACDB-LOADER: ACDB -> AUDIO_SET_AUDPROC_CAL cal_type[11] acdb_id[15] app_type[69936]
10-18 13:28:27.084   722  2789 D ACDB-LOADER: ACDB -> ACDB_CMD_GET_PERSISTENT_AUDPROC_INSTANCE_COMMON_TABLE_SIZE
10-18 13:28:27.084   722  2789 D         : [Data Manager]-> No data found
10-18 13:28:27.084   722  2789 D ACDB-LOADER: Error: ACDB_CMD_GET_PERSISTENT_AUDPROC_INSTANCE_COMMON_TABLE_SIZE returned -18
10-18 13:28:27.084   722  2789 D ACDB-LOADER: ACDB -> send_audproc_persist_table -18 
10-18 13:28:27.084   722  2789 D ACDB-LOADER: Error: Invalid Audproc persist size = -18
10-18 13:28:27.084   722  2789 D ACDB-LOADER: ACDB -> send_audvoltable
10-18 13:28:27.084   722  2789 D ACDB-LOADER: ACDB -> ACDB_CMD_GET_AUDPROC_INSTANCE_GAIN_DEP_STEP_TABLE_SIZE
10-18 13:28:27.084   722  2789 D         : Failed to fetch the lookup information of the device 0000000F 
10-18 13:28:27.084   722  2789 D ACDB-LOADER: Error: ACDB_CMD_GET_AUDPROC_INSTANCE_GAIN_DEP_STEP_TABLE_SIZE Returned = -19
10-18 13:28:27.084   722  2789 D ACDB-LOADER: ACDB -> ACDB_CMD_GET_AUDPROC_INSTANCE_GAIN_DEP_STEP_TABLE, vol index 8
10-18 13:28:27.084   722  2789 D         : Failed to fetch the lookup information of the device 0000000F 
10-18 13:28:27.084   722  2789 D ACDB-LOADER: Error: ACDB AudProc vol returned = -19
10-18 13:28:27.084   722  2789 D ACDB-LOADER: ACDB -> AUDIO_SET_VOL_CAL cal type = 12
10-18 13:28:27.084   722  2789 D ACDB-LOADER: ACDB -> ACDB_CMD_GET_AUDPROC_INSTANCE_STREAM_TABLE_SIZE
10-18 13:28:27.084   722  2789 D ACDB-LOADER: ACDB -> send_audstrmtable
10-18 13:28:27.084   722  2789 D ACDB-LOADER: ACDB -> ACDB_CMD_GET_AUDPROC_INSTANCE_STREAM_TABLE
10-18 13:28:27.084   722  2789 D ACDB-LOADER: ACDB -> audstrm_cal->cal_type.cal_data.cal_size = 20
10-18 13:28:27.084   722  2789 D ACDB-LOADER: ACDB -> send_afe_topology
10-18 13:28:27.084   722  2789 D ACDB-LOADER: ACDB -> ACDB_CMD_GET_AFE_TOPOLOGY_ID
10-18 13:28:27.084   722  2789 D ACDB-LOADER: ACDB -> GET_AFE_TOPOLOGY_ID for adcd_id 15, Topology Id 112fc
10-18 13:28:27.084   722  2789 D ACDB-LOADER: ACDB -> send_afe_cal
10-18 13:28:27.084   722  2789 D ACDB-LOADER: ACDB -> ACDB_CMD_GET_AFE_INSTANCE_COMMON_TABLE_SIZE
10-18 13:28:27.084   722  2789 D         : Failed to fetch the lookup information of the device 0000000F 
10-18 13:28:27.084   722  2789 D ACDB-LOADER: Error: ACDB_CMD_GET_AFE_INSTANCE_COMMON_TABLE_SIZE Returned = -19
10-18 13:28:27.084   722  2789 D ACDB-LOADER: ACDB -> ACDB_CMD_GET_AFE_INSTANCE_COMMON_TABLE
10-18 13:28:27.084   722  2789 D         : Failed to fetch the lookup information of the device 0000000F 
10-18 13:28:27.084   722  2789 D ACDB-LOADER: Error: ACDB AFE returned = -19
10-18 13:28:27.084   722  2789 D ACDB-LOADER: ACDB -> AUDIO_SET_AFE_CAL cal_type[16] acdb_id[15]
10-18 13:28:27.084   722  2789 D ACDB-LOADER: ACDB -> send_hw_delay : acdb_id = 15 path = 0
10-18 13:28:27.084   722  2789 D ACDB-LOADER: ACDB -> ACDB_AVSYNC_INFO: ACDB_CMD_GET_DEVICE_PROPERTY
10-18 13:28:27.084   722  2789 D msm8974_platform: platform_split_snd_device: snd_device(2) num devices(0) new_snd_devices(0)
10-18 13:28:27.084   722  2789 I msm8974_platform: platform_get_custom_mtmx_params: no matching param with id 0 ip_ch 2 op_ch 2 uc_id 0 snd_dev 2
10-18 13:28:27.084   722  2789 I audio_hw_primary: enable_audio_route: apply mixer and update path: deep-buffer-playback
10-18 13:28:27.084   722  2789 D audio_route: Apply path: deep-buffer-playback
10-18 13:28:27.085   838  4676 I chatty  : uid=1000(system) Binder:838_4 identical 1 line
10-18 13:28:27.085   722  2789 D audio_hw_primary: select_devices: done
10-18 13:28:27.086  1911  1911 D [OAO] VrNotificationService: VrNotificationService onStartCommand() Intent { cmp=com.oculus.vrshell/.VrNotificationService }
10-18 13:28:27.087  3006  3006 D [SUI] NotificationBroadcastReceiver: action: com.oculus.intent.action.NOTIF_CHANGE
10-18 13:28:27.090  1802  1858 I Distortion: Initializing Mesh Decenter Correction
10-18 13:28:27.092  1802  1858 I Distortion: EYE_DECENTER ipdMin 57.9674 left H: -1.4513 v: -0.3163  right  H: -3.8857 v: -0.7214
10-18 13:28:27.092  1802  1858 I Distortion: EYE_DECENTER ipdMid 62.759 left H: 7.235 v: -2.5383  right  H: -2.6946 v: 1.5072
10-18 13:28:27.092  1802  1858 I Distortion: EYE_DECENTER ipdMax 67.5999 left H: 10.9577 v: -2.5383  right  H: -3.8857 v: 1.5072
10-18 13:28:27.092  1802  1858 I Distortion: EYE_DECENTER PIXELS(4) left H: -10.9577 V: 2.5383  right H: 3.8857 V: -1.5072
10-18 13:28:27.092  1802  1858 I Distortion: EYE_DECENTER iad:0.067768,  left H:-0.000116158 V:8.33832e-05 R:0,  right H:-0.000116158 V:-4.95115e-05 R:0
10-18 13:28:27.092  1802  1858 I Distortion: SetLensPositions - iad=0.067768, left offset=0.00206744,-0.00116492, right offset=-0.00229976,-0.00129781
10-18 13:28:27.092  1802  1858 I Distortion: Initializing Mesh Decenter Correction
10-18 13:28:27.093  1802  1858 I Distortion: EYE_DECENTER ipdMin 57.9674 left H: -1.4513 v: -0.3163  right  H: -3.8857 v: -0.7214
10-18 13:28:27.093  1802  1858 I Distortion: EYE_DECENTER ipdMid 62.759 left H: 7.235 v: -2.5383  right  H: -2.6946 v: 1.5072
10-18 13:28:27.093  1802  1858 I Distortion: EYE_DECENTER ipdMax 67.5999 left H: 10.9577 v: -2.5383  right  H: -3.8857 v: 1.5072
10-18 13:28:27.093  1802  1858 I Distortion: EYE_DECENTER PIXELS(4) left H: -10.9577 V: 2.5383  right H: 3.8857 V: -1.5072
10-18 13:28:27.093  1802  1858 I Distortion: EYE_DECENTER iad:0.067768,  left H:-0.000116158 V:8.33832e-05 R:0,  right H:-0.000116158 V:-4.95115e-05 R:0
10-18 13:28:27.093  1802  1858 I Distortion: SetLensPositions - iad=0.067768, left offset=0.00206744,-0.00116492, right offset=-0.00229976,-0.00129781
10-18 13:28:27.093  1802  1858 I Distortion: Created custom distortion mesh.
10-18 13:28:27.093  1802  1858 I Distortion: ovrDistortionMeshHeader::magic = 0x56347807
10-18 13:28:27.093  1802  1858 I Distortion: ovrDistortionMeshHeader::deviceModel = 0x200
10-18 13:28:27.093  1802  1858 I Distortion: ovrDistortionMeshHeader::headsetModel = 0x104
10-18 13:28:27.093  1802  1858 I Distortion: ovrDistortionMeshHeader::eyeBlocksWide = 32
10-18 13:28:27.093  1802  1858 I Distortion: ovrDistortionMeshHeader::eyeBlocksHigh = 32
10-18 13:28:27.093  1802  1858 I Distortion: ovrDistortionMeshHeader::lensSeparationMeters = 0.067768
10-18 13:28:27.093  1802  1858 I Distortion: ovrDistortionMeshHeader::horizontalOffsetMeters = -0.000116
10-18 13:28:27.093  1802  1858 I Distortion: ovrDistortionMeshHeader::displayWidthMeters = 0.120362
10-18 13:28:27.093  1802  1858 I Distortion: ovrDistortionMeshHeader::displayHeightMeters = 0.063072
10-18 13:28:27.093  1802  1858 I Distortion: ovrDistortionMeshHeader::displayWidthPixels = 3664
10-18 13:28:27.093  1802  1858 I Distortion: ovrDistortionMeshHeader::displayHeightPixels = 1920
10-18 13:28:27.093  1802  1858 I Distortion: ovrDistortionMeshHeader::eyeTextureWidthPixels = 1440
10-18 13:28:27.093  1802  1858 I Distortion: ovrDistortionMeshHeader::eyeTextureHeightPixels = 1584
10-18 13:28:27.093  1802  1858 I Distortion: ovrDistortionMeshHeader::leftEye = up 48.000000 / down 50.000000 / left 43.000000 / right 45.000000
10-18 13:28:27.093  1802  1858 I Distortion: ovrDistortionMeshHeader::rightEye = up 48.000000 / down 50.000000 / left 45.000000 / right 43.000000
10-18 13:28:27.093  1802  1858 I VrApi   : ovrModeParms::VRAPI_MODE_FLAG_RESET_WINDOW_FULLSCREEN = 1
10-18 13:28:27.093  1802  1858 I VrApi   : ovrModeParms::VRAPI_MODE_FLAG_NATIVE_WINDOW = 1
10-18 13:28:27.093  1802  1858 I VrApi   : ovrModeParms::VRAPI_MODE_FLAG_FRONT_BUFFER_SRGB = 1
10-18 13:28:27.093  1802  1858 I VrApi   : ovrModeParms::VRAPI_MODE_FLAG_PHASE_SYNC = 0
10-18 13:28:27.093  1802  1858 I VrApi   : ovrModeParms::VRAPI_MODE_FLAG_APP_SPACE_WARP = 0
10-18 13:28:27.093  1802  1858 I VrRuntimeClient: SetPhaseSyncMode 0
10-18 13:28:27.094  1802  1858 I VrApi   : PhaseSync disabled
10-18 13:28:27.094  1802  1858 I VrApi   : HMD sensor attached.
10-18 13:28:27.094  1802  1858 D VrRuntimeClient: pokeGuardianUserServiceForThisClient: com.oculus.shellenv:10013
10-18 13:28:27.094  1802  1858 D VrRuntimeClient: VrRuntimeClient: getClientWindow: activity client
10-18 13:28:27.095  2337  2763 I VrRuntimeService: RuntimeServiceSDKServer::EnableRendering: 0x7bd78982c0, 1, com.oculus.shellenv
10-18 13:28:27.095  2337  2763 I ClientMgr: ClientMgr::EnableRendering 1802:com.oculus.shellenv : type 0 comp-id 1: enable
10-18 13:28:27.095  2337  2763 I TimeWarp: CheckDebuggerConnected: debugger 0
10-18 13:28:27.095   722  2789 D msm8974_platform: platform_set_channel_map mixer_ctl_name:Playback Channel Map0
10-18 13:28:27.095  2337  2763 I VrRuntimeServer: SysProp debug mode is disabled on Server side
10-18 13:28:27.095   722  2789 D msm8974_platform: platform_set_channel_map: set mapping(1 2 0 0 0 0 0 0) for channel:2
10-18 13:28:27.096   722  2789 D audio_hw_primary: start_output_stream: exit
10-18 13:28:27.096   722  2789 D audio_hw_primary: out_write: retry previous failed cal level set
10-18 13:28:27.096   722  2789 W msm8974_platform: platform_send_gain_dep_cal: Usecase list is empty
10-18 13:28:27.096   722  2789 D msm8974_platform: platform_split_snd_device: snd_device(2) num devices(1) new_snd_devices(0)
10-18 13:28:27.096   722  2789 D msm8974_platform: platform_split_snd_device: snd_device(2) num devices(1) new_snd_devices(0)
10-18 13:28:27.097  2025  2025 D VrGuardianUserService: onStartCommandIntent { act=FOREGROUND_CLIENT cmp=com.oculus.guardian/com.oculus.vrguardianservice.VrGuardianUserService (has extras) }
10-18 13:28:27.097  2025  2025 D VrGuardianUserService: onStartCommand FOREGROUND_CLIENT user = 0
10-18 13:28:27.097  2025  2025 D VrGuardianService: setCurrentUser() called with: userId = [0]
10-18 13:28:27.097  2025  2025 I VrGuardianService: nativeSetCurrentUser userid = 0
10-18 13:28:27.097  2025  2025 I GuardianSystem: GuardianSystem::SetCurrentUser: 0 
10-18 13:28:27.103  3006  3006 I NotificationManagerSourceHandler: Dataset has changed
10-18 13:28:27.104  2337  2664 I ClientMgr: Non-overlay clients rendering status has changed: prev=52, curr=53, enabled=1
10-18 13:28:27.108  2337  2763 I UnifiedTelemetryWrapper: Started UT session render:com.oculus.shellenv
10-18 13:28:27.108  2337  2664 I ClientMgr: Primary Client is not valid.
10-18 13:28:27.108  2337  2664 I ClientMgr: Primary client determined to be the current enabled client 884921874
10-18 13:28:27.108  2337  2664 I ClientMgr: ClientMgr::SetPrimaryCompositorClient: 1802:com.oculus.shellenv
10-18 13:28:27.108  2002  2002 E OVRMediaServiceManager: LivestreamingManager Not initialized
10-18 13:28:27.108  2337  2664 W ClientMgr: ClientMgr::GetClientPermissionFlagsById: Client missing proper permissions: com.oculus.shellenv, 2
10-18 13:28:27.108  2337  2664 I TimeWarpClientMgr: Enable client 1
10-18 13:28:27.109  2337  2664 I VrRuntimeServer: EnableCompositorClient client(1): layer placement(0) flags(1) sm(0x7c2d2fe010)
10-18 13:28:27.109  2337  2664 I ServiceInputManager: ServiceInputManager::SetPrimaryPackageName 'com.oculus.shellenv' 'com.oculus.shellenv'  updated AnytimeUI processname 0
10-18 13:28:27.109 21592 21592 W com.oculus.processhelper.ProcessHelper: Current process name is: com.oculus.socialplatform
10-18 13:28:27.109  2337  2664 I VrRuntimeService: RuntimeIPC: SendPrimaryPackageChangeEvent: PostClientEvent SUCCESS: com.Armature.SportsScrambleDemo:com.Armature.SportsScrambleDemo:22984, com.oculus.shellenv, com.oculus.shellenv
10-18 13:28:27.109  2337  2664 I VrRuntimeService: RuntimeIPC: SendPrimaryPackageChangeEvent: PostClientEvent SUCCESS: com.oculus.mrservice:com.oculus.mrservice:1481, com.oculus.shellenv, com.oculus.shellenv
10-18 13:28:27.109  2337  2664 I VrRuntimeService: RuntimeIPC: SendPrimaryPackageChangeEvent: PostClientEvent SUCCESS: com.oculus.vrshell:com.oculus.vrshell:Overlay:1911, com.oculus.shellenv, com.oculus.shellenv
10-18 13:28:27.109  2337  2664 I VrRuntimeService: RuntimeIPC: SendPrimaryPackageChangeEvent: PostClientEvent SUCCESS: com.oculus.shellenv:com.oculus.shellenv:1802, com.oculus.shellenv, com.oculus.shellenv
10-18 13:28:27.109  2337  2664 I VrRuntimeService: RuntimeIPC: SendPrimaryPackageChangeEvent: PostClientEvent SUCCESS: com.oculus.vrshell:com.oculus.vrshell:1862, com.oculus.shellenv, com.oculus.shellenv
10-18 13:28:27.109  2337  2664 I VrRuntimeService: RuntimeIPC: SendPrimaryPackageChangeEvent: PostClientEvent SUCCESS: com.oculus.guardian:com.oculus.vrguardianservice:2025, com.oculus.shellenv, com.oculus.shellenv
10-18 13:28:27.109  3006  3006 I NotificationManagerSourceHandler: Dataset has changed
10-18 13:28:27.109  2337  2664 D VrRuntimeService: sendPrimaryPackageChangeBroadcast
10-18 13:28:27.115  2337  2664 I AADT    : SetAADTLutDataX: 0
10-18 13:28:27.115  2337  2664 I AADT    : SetAADTLutDataY: 0
10-18 13:28:27.115  2337  2664 I ServiceInputManager: DEADRECKONING deadReckoning mode on ClientMgr from server is 0
10-18 13:28:27.115  2337  2664 I PerformanceManager: SetClockLevels: Force releasing clocks
10-18 13:28:27.115  2337  2664 I PerformanceManager: SetClockLevels: Apply pending clock request change: 2,3 -> -1,-1
10-18 13:28:27.115  2337 22560 I Clocks  : ReleaseClocks - start
10-18 13:28:27.115  1862  1862 D [SEO] BaseOverlayService: screenStateReceiver Received broadcast: com.oculus.vrshell.intent.action.PRIMARY_PACKAGE_CHANGED
10-18 13:28:27.115  1911  1911 D [OAO] BaseOverlayService: screenStateReceiver Received broadcast: com.oculus.vrshell.intent.action.PRIMARY_PACKAGE_CHANGED
10-18 13:28:27.116  1911  1911 I [OAO] ShellOverlayServiceJNI: NativeSendOverlayCommand
10-18 13:28:27.116  2337 22560 I Clocks  : ReleaseClocks - end (0.3 ms)
10-18 13:28:27.116  1911  1911 I [OAO] ShellOverlayServiceJNI: NativeWake
10-18 13:28:27.116  1911  1911 I [OAO] ShellOverlayMain: WakeVrThread
10-18 13:28:27.116  1911  1911 I [OAO] ShellOverlayMain: WakeVrThread - notifying vr thread
10-18 13:28:27.116  1911  2838 I [OAO] ShellOverlayApp: VrThread woke up
10-18 13:28:27.116  1911  2838 I [OAO] ShellOverlayApp: 0xbed58c38 msg: overlayCommand:
10-18 13:28:27.116  1911  2838 I [OAO] ShellOverlayApp: command = primaryPackageChanged
10-18 13:28:27.116  1911  2838 I [OAO] ShellOverlayApp: Process_OverlayCommand command : primaryPackageChanged
10-18 13:28:27.116  1911  2838 I [OAO] ShellOverlayApp: UpdatePrimaryPackage
10-18 13:28:27.116  3006  3006 I NotificationManagerSourceHandler: Dataset has changed
10-18 13:28:27.116  1911  2838 I [OAO] ShellOverlayApp: UpdatePrimaryPackage Requested for PackageName:com.oculus.shellenv  IsFocusAware:1
10-18 13:28:27.116  1911  2838 I [OAO] ShellOverlayApp: UpdatePrimaryPackage Package change detected. Previous package:[com.epicgames.TESTProject]
10-18 13:28:27.116  1911  2838 I [OAO] OverlayFlowController: OnPrimaryPackageChange primaryPackage:com.oculus.shellenv immersiveAppChanged:1 forceSilentUpdate:0
10-18 13:28:27.116  1911  2838 I [OAO] OverlayFlowController: Non system primary client change: ready to sleep
10-18 13:28:27.116  1911  2838 I [OAO] OverlayFlowController: Reset resetReason : ReturnToShellHome
10-18 13:28:27.116  1911  2838 I [OAO] SystemAssistant: OnModeChanged from ImmersiveAppFocused to FullShell
10-18 13:28:27.116  1802  1858 I ScreenCaptureHelper: Advertising com.oculus.shellenv as streamable
10-18 13:28:27.116  2337  2763 I VrRuntimeService: GetSpecialSwapChain: 884921874
10-18 13:28:27.117  1802  1858 I VrApi   : Creating Default swapchain
10-18 13:28:27.117  2337  2763 I VrRuntimeService: GetSpecialSwapChain: 884921874
10-18 13:28:27.117  1802  1858 I VrApi   : Creating Loading Icon swapchain
10-18 13:28:27.117  1802  1858 I VrApi   : OVR::Stats thread started
10-18 13:28:27.117  1802  1858 I VrApi   : Initial BaseVsync 10817 
10-18 13:28:27.117  1802  1858 I XrRuntimeSystem_Client: BeginSession
10-18 13:28:27.117  1802  1858 I VrApi   : ---------- vrapi_EnterVrMode [end] ----------
10-18 13:28:27.117  1802  1858 I VrRuntimeClient: Client has lost focus.
10-18 13:28:27.117  2337  2664 I Vsync   : Adjusting vsync display refresh rate 72.000000 -> 90.000000
10-18 13:28:27.117  1802  1858 W OsSdk   : Requested historical tracking state too far in the past; oldest: 57457.584371s, requested: 57423.338981s
10-18 13:28:27.117  1802 23368 I FenceChecker: FenceChecker::MainLoop - started
10-18 13:28:27.119  1911  2838 I [OAO] SystemAssistant: Assistant panel is not active. Command [hide-attention-instant] could not be sent
10-18 13:28:27.119  1911  2838 I [OAO] PanelAppHost: PanelAppHost destructor: id 12 com.oculus.systemux/com.oculus.panelapp.anytimeui.AnytimeUIAndroidPanelService
10-18 13:28:27.119  1911  2838 I [OAO] PanelAppHost: Panel app 12 (com.oculus.systemux/com.oculus.panelapp.anytimeui.AnytimeUIAndroidPanelService) changing state from foreground to shutdown
10-18 13:28:27.120  1911  2838 D [OAO] ShellApplication: Unbinding service for panel app id 12
10-18 13:28:27.123  3006  3006 I NotificationManagerSourceHandler: Dataset has changed
10-18 13:28:27.124   858   858 D VrApiService: refresh-rate changed to 90Hz
10-18 13:28:27.124  2337 22597 I TimeWarp: SetSchedFifo( tid=1858, pol=3, pri=0 ) succeeded
10-18 13:28:27.124  2337 22597 I TimeWarp: SetSchedFifo( tid=23368, pol=3, pri=0 ) succeeded
10-18 13:28:27.124  2337 22597 I AADT    : SetAADTLutDataX. Thread. SizeX: 0
10-18 13:28:27.124  2337 22597 I AADT    : SetAADTLutDataY. Thread. SizeY: 0
10-18 13:28:27.124  2337  2664 I PerformanceManager: SetClockLevels: Apply pending clock request change: -1,-1 -> 2,3
10-18 13:28:27.124  2337 22560 I Clocks  : LockClocks( cpu=2, gpu=3 ) - start
10-18 13:28:27.125  2337 22560 I Clocks  : CPU levels [0, 4]
10-18 13:28:27.125  2337 22560 I Clocks  : GPU levels [0, 5]
10-18 13:28:27.126  2337 22560 I Clocks  : LockClocks( cpu=2, gpu=3 ) - end (1.3 ms)
10-18 13:28:27.133  2337 22597 W TimeWarpClient: WarpToScreen: No completed frames to display for primary client 1. submittedFrameIndex = 1
10-18 13:28:27.134  1888  8074 I LibraryProvider: running queryApp(com.oculus.shellenv) for UID 10047
10-18 13:28:27.138  2025  2743 I GuardianSystem: runtimeServiceSDKClient_.ForceShowGuardianEvent
10-18 13:28:27.143  1911  2838 I [OAO] SwapChainApiVrApi: Destroying SwapChain:0xbc475360
10-18 13:28:27.143  2337  2791 I VrRuntimeService: DestroySwapChain: swapchain=439
10-18 13:28:27.143  2337  2571 I SwapChain: DestroyAndroidSurfaceSwapChain: 0x7bcde0a000: Destroying SurfaceTexture 0x2bea Surface 0x2bda
10-18 13:28:27.143  2337  2791 I VrRuntimeServer: DestroyTextureSwapChain: result destroyswapchain 1
10-18 13:28:27.143  2025  2743 I GuardianSystem: ForceShowGuardian: false, 0.00
10-18 13:28:27.143  2025  2743 I GuardianSystem: runtimeServiceSDKClient_.PackageChangeEvent: package=[com.oculus.shellenv], process=[com.oculus.shellenv]
10-18 13:28:27.143  2025  2743 I GuardianSystem: SetCurrentProcessName: com.oculus.shellenv, previous ProcessName: com.epicgames.TESTProject
10-18 13:28:27.143  1911  2838 I [OAO] SwapChainApiVrApi: Destroying SwapChain:0xbd0ae660
10-18 13:28:27.143  2337  2791 I VrRuntimeService: DestroySwapChain: swapchain=438
10-18 13:28:27.143  2337  2571 I SwapChain: DestroyAndroidSurfaceSwapChain: 0x7bcde08000: Destroying SurfaceTexture 0x2c3a Surface 0x2c12
10-18 13:28:27.144  2337  2791 I VrRuntimeServer: DestroyTextureSwapChain: result destroyswapchain 1
10-18 13:28:27.144  1911  2838 I [OAO] SwapChainApiVrApi: Destroying SwapChain:0xbc2868b8
10-18 13:28:27.145  2337  2664 I VrRuntimeServer: DisableCompositorClient: 0
10-18 13:28:27.145  2337  2664 I TimeWarpClientMgr: Disable client 0
10-18 13:28:27.145  2337  2664 I TimeWarpClientMgr: DisableClient: frame flush required: 1
10-18 13:28:27.145 21592 21592 E PartyStateManager: onAppStart nativeGetSystemVoipData didn't contain state
10-18 13:28:27.146  2337  2791 I VrRuntimeService: DestroySwapChain: swapchain=441
10-18 13:28:27.146 21592 21592 W VRLifecycleManager: onHeadsetMounted
10-18 13:28:27.146  2337  2791 I VrRuntimeServer: DestroyTextureSwapChain: result destroyswapchain 1
10-18 13:28:27.146  1802 23366 D VrApi   : targetSDKVersion 25
10-18 13:28:27.147  1911  2838 I [OAO] SystemTabletController: Reset, reason: 6, taskBarVisibility: 1
10-18 13:28:27.147  1911  2838 I [OAO] SystemDialogController: Reset
10-18 13:28:27.147  1911  2838 I [OAO] DialogControllerManager: Reset
10-18 13:28:27.147  1911  2838 I [OAO] OverlayFlowController: Reset - Resetting lastNonSystemPackageName to empty
10-18 13:28:27.147  1911  2838 I [OAO] OverlayFlowController: OnPrimaryPackageChange Setting lastNonSystemPackageName = com.oculus.shellenv
10-18 13:28:27.147  1911  2838 I [OAO] OverlayFlowController: WarmStart
10-18 13:28:27.147  1802 23366 I JniUtils: ovr_GetCurrentPackageSignature 
10-18 13:28:27.147  1888  8074 W LibraryProvider: Cannot find entitlement for com.oculus.shellenv
10-18 13:28:27.148  2002  2002 W OVRLibrary: null cursor received for query content://com.oculus.ocms.library/apps/com.oculus.shellenv
10-18 13:28:27.148  1911  2838 I [OAO] OverlaySystemUXTransitionFlow: KeepAliveForDuration countdown start
10-18 13:28:27.148  1911  2838 I [OAO] FlowController: UpdateActiveFlow from (none) to OverlaySystemUXTransitionFlow
10-18 13:28:27.148  1911  2838 I [OAO] OverlaySystemUXTransitionFlow: Activated
10-18 13:28:27.148  1911  2838 I [OAO] OverlayGuardianFlow: OverlayGuardianFlow UpdatePrimaryPackage lastNonSystemPackage:com.oculus.shellenv isVrShellPackage1
10-18 13:28:27.148  1911  2838 I [OAO] SystemTaskBarV2: Create PanelApp
10-18 13:28:27.148  1911  2838 I [OAO] HostPlatform: Retrieving component launch information for package (com.oculus.systemux) and service (com.oculus.panelapp.anytimeui.AnytimeUIAndroidPanelService)
10-18 13:28:27.149  1802 23366 I Metrics : device name = Oculus Quest 2
10-18 13:28:27.153  1911  2838 I [OAO] HostPlatform: Is valid panel service component for package (com.oculus.systemux) and service (com.oculus.panelapp.anytimeui.AnytimeUIAndroidPanelService) - true
10-18 13:28:27.153  1911  2838 I [OAO] OverlaySystemUXController: CreatePanel( com.oculus.systemux/com.oculus.panelapp.anytimeui.AnytimeUIAndroidPanelService )
10-18 13:28:27.153  2337 22597 I Vsync   : Vsync 10820:  1 x 11.14 ms (71.82 Hz, at 57457.904)
10-18 13:28:27.154  1911  2838 I [OAO] PanelAppHost: PanelAppHost( com.oculus.systemux/com.oculus.panelapp.anytimeui.AnytimeUIAndroidPanelService ) for PanelId 13
10-18 13:28:27.154  1911  2838 I [OAO] PanelAppHost: Panel app 13 (com.oculus.systemux/com.oculus.panelapp.anytimeui.AnytimeUIAndroidPanelService) changing state from startup to foreground
10-18 13:28:27.158  3006  3006 I PanelService: VR Shell socket closed(ECONNRESET); shutting down fd: 62
10-18 13:28:27.158  3006  3006 I PanelService: Quitting application via hardExit flag. Shutting down fd 62.
10-18 13:28:27.158  3006  3006 I AndroidPanelApp: Destroyed
10-18 13:28:27.158  3006  3006 D [SUI] AnytimeUIPanelAppBase: Releasing viewModel RunningAppsViewModel refCount: 1
10-18 13:28:27.158  3006  3006 D [SUI] AnytimeUIPanelAppBase: Releasing viewModel DestinationUIViewModel refCount: 2
10-18 13:28:27.158  3006  3006 D [SUI] AnytimeUIPanelAppBase: Releasing viewModel SharingViewModel refCount: 0
10-18 13:28:27.158  3006  3006 D [SUI] SharingViewModel: Destroying ViewModel
10-18 13:28:27.159  2337  2791 I VrRuntimeService: CreateAndroidSurfaceSwapChain: 1975603629
10-18 13:28:27.159  2337  2791 I VrRuntimeService: CreateAndroidSurfaceSwapChain: 65536 1 32856 1 1 1 1 1 0 0
10-18 13:28:27.160  2337  2571 I SwapChain_Surface: CreateAndroidSurfaceSwapChainGLES: 0x7bd7c09000: SurfaceTexture 0x2be2 Surface 0x2bd2
10-18 13:28:27.160  2337  2791 I VrRuntimeServer: CreateAndroidSurfaceSwapChain: result surface 0x7bd7c09000
10-18 13:28:27.162  3006  3006 D [SUI] SharingViewModel: clearAbuseReportRecordingTimer
10-18 13:28:27.163  2337  2791 I VrRuntimeService: CreateAndroidSurfaceSwapChain: 1975603629
10-18 13:28:27.163  2337  2791 I VrRuntimeService: CreateAndroidSurfaceSwapChain: 65536 1 32856 1 1 1 1 1 0 0
10-18 13:28:27.164  3006  3006 D [SUI] BarView: Destroying BarView
10-18 13:28:27.164  3006  3006 D [SUI] SocialViewModel: removeObserver(): -$$Lambda$SystemStatusView$hvdttGlyfUmlGZJVTLPJRt2c5Fk
10-18 13:28:27.164  3006  3006 D [SUI] AnytimeUIPanelAppBase: Releasing viewModel SocialViewModel refCount: 2
10-18 13:28:27.164  3006  3006 D [SUI] AnytimeUIPanelAppBase: Releasing viewModel SystemStatusViewModel refCount: 0
10-18 13:28:27.164  3006  3006 D [SUI] AnytimeUIPanelAppBase: Releasing viewModel BarViewModel refCount: 1
10-18 13:28:27.164  3006  3006 D [SUI] StatusViewModel: Destroying ViewModel
10-18 13:28:27.164  2337 22597 I Vsync   : Vsync 10821:  1 x 11.14 ms (71.82 Hz, at 57457.915)
10-18 13:28:27.164  2337  2571 I SwapChain_Surface: CreateAndroidSurfaceSwapChainGLES: 0x7bd7860000: SurfaceTexture 0x2ac2 Surface 0x2ab2
10-18 13:28:27.164  2337  2791 I VrRuntimeServer: CreateAndroidSurfaceSwapChain: result surface 0x7bd7860000
10-18 13:28:27.165  3006  3006 D [SUI] AnytimeUIPanelAppBase: Releasing viewModel ActiveCallBarViewModel refCount: 0
10-18 13:28:27.165  3006  3006 D [SUI] AnytimeUIPanelAppBase: Releasing viewModel SocialViewModel refCount: 1
10-18 13:28:27.165  3006  3006 D [SUI] AnytimeUIPanelAppBase: Releasing viewModel MessengerCallViewModel refCount: 0
10-18 13:28:27.165  3006  3006 D [SUI] MessengerCallBarViewModel: destroyed MessengerCallBarViewModel
10-18 13:28:27.165  3006  3006 D [SUI] DynamicAppsView: Destroying dynamic apps view on bar
10-18 13:28:27.167  1911  2838 I [OAO] PanelAppHost: Passing env var _oc_analytics_session_id = cd5e29f5-1ff8-4b74-b799-2f8dc2ab1e23
10-18 13:28:27.167  1911  2838 I [OAO] PanelAppHost: Passing env var _oc_userid = 102272042250519
10-18 13:28:27.167  1911  2838 I [OAO] PanelAppHost: Passing env var _oc_shell_version_name = 33.0.0.69.367
10-18 13:28:27.167  1911  2838 I [OAO] PanelAppHost: Passing env var _oc_shell_version_code = 320877058
10-18 13:28:27.167  1911  2838 I [OAO] PanelAppHost: Passing env var _oc_shell_automation_enabled = false
10-18 13:28:27.167  1911  2838 I [OAO] PanelAppHost: Passing env var _oc_shell_view_id_debugging_enabled = false
10-18 13:28:27.167  1911  2838 I [OAO] PanelAppHost: Passing env var _oc_shell_pixel_density = 20
10-18 13:28:27.167  1911  2838 I [OAO] PanelAppHost: Passing env var _oc_shell_render_scale = 1.250000
10-18 13:28:27.167  1911  2838 I [OAO] PanelAppHost: Passing env var _oc_shell_ux_policy = {"panelBackgroundLayerOriginDepths":{"far":0.2,"mid":0.1,"near":0.015}}
10-18 13:28:27.167  1911  2838 I [OAO] PanelAppHost: Passing env var _oc_shell_panel_session_id = cd5e29f5-1ff8-4b74-b799-2f8dc2ab1e23-12
10-18 13:28:27.167  1911  2838 I [OAO] PanelAppHost: Passing env var _oc_shell_feature_sets = cooperativeState-v2,layerTranslate-v1,multiapp-v1,multiapp-v2,multiapp-v3,recoverInstances-v1,system-ux-file-picker-v1,system-reauth-v1,systemActionForegroundPanels-v1,newAUIBar-v1,displayManagementSetting-v1,dragDrop-v1,controlBar-v1,runningApps-v1,systemThemeSetting-v1,panelAdaptabilityTablet-v1,vrNotificationsBootLoad-v1
10-18 13:28:27.167  1911  2838 I [OAO] PanelAppHost: Passing env var _oc_launch_timestamp = 57457904
10-18 13:28:27.167  1911  2838 I [OAO] PanelAppHost: Passing env var _oc_shell_host = minimal_overlay
10-18 13:28:27.167  1911  2838 I [OAO] PanelAppHost: Passing env var _oc_shell_panel_id = 12
10-18 13:28:27.169  1911  2838 I [OAO] PanelAppHost: Calling sendPanelLaunchIntent for panel app com.oculus.systemux/com.oculus.panelapp.anytimeui.AnytimeUIAndroidPanelService
10-18 13:28:27.169  1911  2838 D [OAO] ShellApplication: sendApkPanelLaunchIntent: packageName=com.oculus.systemux, serviceClassName=com.oculus.panelapp.anytimeui.AnytimeUIAndroidPanelService
10-18 13:28:27.170  3006  3006 D [SUI] SocialViewModel: removePartyObserver(): -$$Lambda$BarView$fPaf1t2zUzaBp3TdM7SRVnZn-Po
10-18 13:28:27.170  3006  3006 D [SUI] AnytimeUIPanelAppBase: Releasing viewModel BarPinnedAppsViewModel refCount: 1
10-18 13:28:27.170  3006  3006 D [SUI] AnytimeUIPanelAppBase: Releasing viewModel RunningAppsViewModel refCount: 0
10-18 13:28:27.170  3006  3006 E [SUI] AnytimeUIPanelAppBase: Release ViewModel called on already destroyed ViewModelnull
10-18 13:28:27.170  3006  3006 D [SUI] AnytimeUIPanelAppBase: Releasing viewModel BarViewModel refCount: 0
10-18 13:28:27.170  3006  3006 D [SUI] BarViewModel: Destroying BarViewModel
10-18 13:28:27.171  3006  3006 D [SUI] AnytimeUIPanelAppBase: Releasing viewModel SettingsViewModel refCount: 0
10-18 13:28:27.171  3006  3006 D [SUI] SettingsViewModel: Destroying ViewModel
10-18 13:28:27.171  1911  2838 D [OAO] PanelServiceConnection: getSystemProcessUidForCurrentUser: 'android' systemUid = 1000
10-18 13:28:27.171  1911  2838 D [OAO] ShellApplication: bindService Intent { cmp=com.oculus.systemux/com.oculus.panelapp.anytimeui.AnytimeUIAndroidPanelService }
10-18 13:28:27.173  2002  2002 E OVRMediaServiceManager: LivestreamingManager Not initialized
10-18 13:28:27.179 21592 21592 E PartyStateManager: onAppStart nativeGetSystemVoipData didn't contain state
10-18 13:28:27.180  1481  2847 I [CT]    : MIXEDREALITY: MrServiceView: renderIteration: Display refresh rate changed, new value: 90.0.
10-18 13:28:27.181  1481  2847 I [CT]    : MIXEDREALITY: MrRuntimeImpl: onDisplayRefreshRateChanged: Display rate changed from 72.0 to 90.0.
10-18 13:28:27.181  1481  2847 I [CT]    : MIXEDREALITY: MrRuntimeImpl: Force telemetry to be sent now.
10-18 13:28:27.181  1481  2847 I [CT]    : MIXEDREALITY: MrRuntimeImpl: Reset telemetry such to start collecting data using the new refresh rate.
10-18 13:28:27.181  1481  2847 I [CT]    : MIXEDREALITY: MrRuntimeImpl: setSessionInitTime: Session initialization timer was set to 57457.931352913 ns.
10-18 13:28:27.181  1481  2847 I [CT]    : MIXEDREALITY: MrRuntimeImpl: setSessionInitTime: Reset session duration timer after 26.943064208 seconds.
10-18 13:28:27.181  2025  2743 I GuardianSystem: runtimeServiceSDKClient_.ForceShowGuardianEvent
10-18 13:28:27.181  2025  2743 I GuardianSystem: ForceShowGuardian: false, 0.00
10-18 13:28:27.183  3006  3006 D [SUI] AnytimeUIPanelAppBase: Releasing viewModel StatusViewModel refCount: 2
10-18 13:28:27.192   748  1074 D AudioFlinger: mixer(0x7e28819c00) throttle end: throttle time(57)
10-18 13:28:27.193  1911  2838 D [OAO] ShellApplication: notify OS to set com.oculus.systemux/com.oculus.panelapp.anytimeui.AnytimeUIAndroidPanelService to FOREGROUND
10-18 13:28:27.194  1911  2838 I [OAO] PanelAppHost: Setting panel layer visibility of layer "#main" to invisible
10-18 13:28:27.194  1911  2838 I [OAO] PanelAppHost: Setting panel layer visibility of layer "tablet" to invisible
10-18 13:28:27.194  1911  2838 W [OAO] PanelAppHost: Unable to set radius for pixel density for layer dialog. Layer does not exist.
10-18 13:28:27.208  3006  3006 D [SUI] AnytimeUIPanelAppBase: Releasing viewModel DestinationUIViewModel refCount: 1
10-18 13:28:27.208  3006  3006 D [SUI] AnytimeUIPanelAppBase: Releasing viewModel SocialViewModel refCount: 0
10-18 13:28:27.208  3006  3006 D [SUI] SocialViewModel: Destroying ViewModel
10-18 13:28:27.210  3006  3006 D [SUI] AnytimeUIPanelAppBase: Releasing viewModel BarPinnedAppsViewModel refCount: 0
10-18 13:28:27.210  3006  3006 D [SUI] BarPinnedAppsViewModel: Destroying BarPinnedAppsViewModel
10-18 13:28:27.210  3006  3006 D [SUI] AnytimeUIPanelAppBase: Releasing viewModel StatusViewModel refCount: 1
10-18 13:28:27.210  3006  3006 I [SUI] AnytimeUIAndroidPanelApp: Destroyed AUI PanelApp, isInOverlay: true, instanceCount: 0
10-18 13:28:27.213  3006  3006 D [SUI] AnytimeUIPanelAppBase: Releasing viewModel StatusViewModel refCount: 0
10-18 13:28:27.213  3006  3006 D [SUI] StatusViewModel: Destroying ViewModel
10-18 13:28:27.216  3006  3006 E [SUI] AnytimeUIPanelAppBase: ViewModel not released DestinationUIViewModel
10-18 13:28:27.216  3006  3006 D [SUI] DestinationUIViewModelBase: Destroying DestinationUIViewModelBase
10-18 13:28:27.216  3006  3006 V LifecycleAwareViewModelStore: LifecycleAwareViewModelStore destroyed
10-18 13:28:27.216  3006  3006 V LifecycleAwarePanelApp: PanelApp lifecycle moved to final state: DESTROYED
10-18 13:28:27.216  3006  3006 I AndroidPanelApp: destroyed
10-18 13:28:27.216  3006  3006 I AndroidPanelLayer: Destroying presentation for layer "#main".
10-18 13:28:27.218  1041  5051 E InputDispatcher: Window handle Window{6b61bd1 u0 com.oculus.systemux} has no registered input channel
10-18 13:28:27.220  1041  5051 I DisplayManagerService: Display device removed: DisplayDeviceInfo{"com.oculus.android_panel_app.AndroidPanelLayer-#main": uniqueId="virtual:com.oculus.systemux,10030,com.oculus.android_panel_app.AndroidPanelLayer-#main,1", 800 x 110, modeId 218, defaultModeId 218, supportedModes [{id=218, width=800, height=110, fps=60.0}], colorMode 0, supportedColorModes [0], HdrCapabilities null, density 200, 200.0 x 200.0 dpi, appVsyncOff 0, presDeadline 16666666, touch NONE, rotation 0, type VIRTUAL, state ON, owner com.oculus.systemux (uid 10030), FLAG_PRIVATE, FLAG_NEVER_BLANK, FLAG_OWN_CONTENT_ONLY}
10-18 13:28:27.221  3006  3006 D CppPanelService: onDestroy()
10-18 13:28:27.221  3006  3006 D CppPanelService: PanelService()
10-18 13:28:27.221  3006  3006 D CppPanelService: onBind()
10-18 13:28:27.225  1911  1911 D [OAO] PanelServiceConnection: onSeviceConnected - component name (ComponentInfo{com.oculus.systemux/com.oculus.panelapp.anytimeui.AnytimeUIAndroidPanelService}), panel app id (13)
10-18 13:28:27.225  1911  1911 D [OAO] ShellApplication: notify OS to set com.oculus.systemux/com.oculus.panelapp.anytimeui.AnytimeUIAndroidPanelService to FOREGROUND
10-18 13:28:27.228  1911  1911 I [OAO] PanelServiceConnection: verifyFirstPartyUID(Debug Signatures=false, uid=10030) => apkSignatureResult=SigCertInfo(isTrusted=true, packageNames=[com.oculus.systemux], fingerprint sha1=98a1809f3c3e79170e5df8135b500ecfa39df1be, fingerprint sha256=012f8165c191efe8fb0d6d4606aa4abac14d77d1d97d5340860c9f81045aa157, signature=308205cf308203b7a0030201020204097e91c1300d06092a864886f70d01010b0500308197310b3009060355040613025553311330110603550408130a43616c69666f726e6961311330110603550407130a4d656e6c6f205061726b31233021060355040a131a46616365626f6f6b20546563686e6f6c6f676965732c204c4c4331233021060355040b131a46616365626f6f6b20546563686e6f6c6f676965732c204c4c43311430120603550403130b4f63756c75732041707073301e170d3139303730343131333935315a170d3436313131393131333935315a308197310b3009060355040613025553311330110603550408130a43616c69666f726e6961311330110603550407130a4d656e6c6f205061726b31233021060355040a131a46616365626f6f6b20546563686e6f6c6f676965732c204c4c4331233021060355040b131a46616365626f6f6b20546563686e6f6c6f676965732c204c4c43311430120603550403130b4f63756c7573204170707330820222300d06092a864886f70d01010105000382020f003082020a0282020100b815642a5c201c8da044905dafbb06c05fddb75449cc75a716a0434da0493a52a4d60643532c237e76cb41d2c32a5e4474f12b37f632a809b5a5ceb8c6289ecf828e736b4ec452b1c2757bd0b5ed13eff5a7a47ab2ef6cdf60a8d749e9e8603f30d12b5db8f734c57578a2a4ce5ff5737c1f02c629d2dcb4f82726674663a699de94463ff370fa9eb48158831bf0b68bd6ec84293182d52e860bdd81bb9ce9cdd6a77fea0df25004da34d3cce7a31069646aa4628fba9ccb0952163793be9a4edf49a53f83179c2f44d8c87d6c129e8d590af0f3fced26201ee43b31fccd93b497cd198c5cd1f98d64c4f7ad79ca47278c02652d5dc072a99807e22f473f7bae4da2bafcae48cd49ad55a764b8d39f329f6175eac9074307deff48b1c4a6e19b748766617768c31a17feae8478eb7f9ebfb61af2b9f5a692b636342d7ebc53d7146626b51801b5a0a102e281475decdefb8683d0ca2843dc7aaeb6759bcab0dcba38db44f5d7f797a1c9c02dd159c0e3c72b14dc882d31c24ad8abee4ce0f7f0205e05efef551e2551a61e96636ed5dfd7435d3d24f5a130a12f10452cc954aa770d5d95e3e0cb9d7b05c5506a7947f8ff3437b3d82274fdaa156d85bfb7fbcb4fa5557080fedab86520b71d3d533e7bb3e7e3ebe9712b68e755d700b0afbf7595ffa80a6b3d90bfe599769138ee6515df415e32c0abed2b8e4aea1f47351f490203010001a321301f301d0603551d0e04160414a3c939e6b71c43bc9193f773c0351be1aff311f9300d06092a864886f70d01010b050003820201004e4c865231f2a3583c6af9488ecf9aa96b1ee84e2d7bfad00581537dc70c54ecfcf360e563d018efa4cdd77bf6fc4c9f1a20ebd4215cf1538686d4089bdcc8adb6ae4497ead14b0c18efd52ce93357019973e94e16b3326c60885b1bdc5f9cad1098f16732935876d8d19bda3ceeaaa69a83c4e2231710c6735f88abdfffe3dfa2be3f18f894923441b4e4a9c9664ed6294c16d7c073547063bfdbbefad184a001f1dce2feffdc96d10eb16a3bfbcd382cd297ca3b4edb7ebacd1a9931a1368a5157ceaebbca5b39bd5db5461a340db8ec076d38a94bcdd042bfb51388158ba97a49b631c1762fa746c7bb36eaf15cae23fa993cfb052e824f2ae173ea27b50a6cca91eb955f4faf131514757e5a3ecae9df6d23771279b7742f28fb9ce394eb9e03926f550716f1312355a5efdc479d8347b516cff55cb14307c81280142cacf2fd6562a2baacbfc97869272b1c51abf79121de8bab227e001313d4115eb9b33a332ebb34e290f14b5352ef1038f7a5f3740c9d1136b3526de4331deb4fa529c36a17c04c3e64d4f6ebda73d6e6e18281e3948fd11e685eab6611be1bc62839bce5962715e7f6537e6c083bcd3538d17407b26c850cd6b3f5e2149fdef027a6cfb7ed0f93c928aca14927b10c6a3f104ba1b10413af8b1868b84a004e5ddd065fff26a7bb3c818bb5a2d69aedf9441ef9033efae3ef52282a96f66d4b4ff3f2), time=1 ms
10-18 13:28:27.230  3006  4788 I CppPanelService: verifyVrShellUID(Debug Signatures=false, uid=10020) => apkSignatureResult=SigCertInfo(isTrusted=true, packageNames=[com.oculus.vrshell], fingerprint sha1=331660b6dd3bd582f3dfd3cbae4546724668a021, fingerprint sha256=dc2f834e3c1942378b14f076c82cd1ab59ea6566bff4730b2047e98efc9f9daf, signature=3082038d30820275a00302010202041303858a300d06092a864886f70d01010b05003077310b3009060355040613025553310b3009060355040813024341311330110603550407130a4d656e6c6f205061726b31173015060355040a130e4f63756c75732056522c204c4c4331173015060355040b130e4f63756c75732056522c204c4c43311430120603550403130b4f63756c75732041707073301e170d3134313033303231343032315a170d3432303331373231343032315a3077310b3009060355040613025553310b3009060355040813024341311330110603550407130a4d656e6c6f205061726b31173015060355040a130e4f63756c75732056522c204c4c4331173015060355040b130e4f63756c75732056522c204c4c43311430120603550403130b4f63756c7573204170707330820122300d06092a864886f70d01010105000382010f003082010a0282010100a34c7fbd96dea95d811f21a0d760cabca85f2df5dbe19b62aca7a3e3e0b6e48f7e173345f2753c458d639cc2e222eeee4cfb5e89ac1c5060044414056709a43a7f1a6f1e4f2c3d708c48912634be08ad6da1fff92d9c0d4b85e4bc8a8b1c27de84c04eb1e6577c10693500af46beaf7bd2ce72a06a46f4e565859f242cecbef1a431ae8096db712cebe73840bacc64de6b99077ba1ca8c20e5d0b4870bd161f087abbf568dfef58e604068ca6f7cdea183c8681c306bc30cb223e7c5ce3a2fcf00d13e158475b3700ef62dcca46c57baecca4d91052e20b861a1a085d5fc8e99aed8c4a9cfd550d01e54ef5062133befcf7f9ea6a5a1d1575a72cd82279f34030203010001a321301f301d0603551d0e04160414ec7ccdaf8ccdc6dd1b87d4b561582ad8ec397b80300d06092a864886f70d01010b0500038201010014c557ecddc17ba8b979618036e7093b8e7307f624644532c31239f4dc83fd9424267ca7670fa9f78689cbc5bfd8a6312fdc214bd159d614a8753ceec0f2b2d9166217895b13c992e1d10ca625a3153dacfa51dbdb7fde139bd59510f5add29f88be3826b445ce7386dcf06577be72fbdf118fa81179091fad275981409e02d40422d8e86df5827a2c496a4b905b4825c3f1ba0af4cf509bf9b0d4d608cf0b4320ac60d1a8cbcc384de24f11a4c93c0fc5b887cbd6855871af1b1ef729c51a8a123efc6a627b6494e81a264587443b9156ad17772863c2f9685fae9c72a552b333f8ef2822bce5d4d178e45b3a8dd4e321924f6a5ba43f732971a9e74cbf0433), time=1 ms
10-18 13:28:27.230  3006  3006 D CppPanelService: BEGIN: Initializing panel application via MSG_CREATE_PANEL_APP.
10-18 13:28:27.231  3006  3006 I AndroidPanelApp: Creating AndroidPanelApp
10-18 13:28:27.231  3006  3006 I AndroidPanelApp: Created
10-18 13:28:27.232  3006  3006 V LifecycleAwareViewModelStore: LifecycleAwareViewModelStore created
10-18 13:28:27.232  3006  3006 V LifecycleAwarePanelApp: PanelApp initial lifecycle started and moved from state INITIALIZED to state RESUMED
10-18 13:28:27.234  3006  3006 I [SUI] ConsumerConfiguration: Setting SystemUX Configuration and Policy Settings.
10-18 13:28:27.236  1888  8074 I LibraryProvider: running queryApp(com.oculus.systemux) for UID 1000
10-18 13:28:27.237  1888  8074 W LibraryProvider: Cannot find entitlement for com.oculus.systemux
10-18 13:28:27.241  1410  1444 W OVRLibrary: null cursor received for query content://com.oculus.ocms.library/apps/com.oculus.systemux
10-18 13:28:27.244  3006  3141 D QuickPromotionController: Initialized and enabled.
10-18 13:28:27.244  3006  3141 D QuickPromotionController: Fetching Quick Promotions for all surfaces.
10-18 13:28:27.244  3006  3141 D QuickPromotionController: Initialized and enabled.
10-18 13:28:27.244  3006  3141 D QuickPromotionController: Set access token.
10-18 13:28:27.246  3006  3141 D QuickPromotionController: Fetched Quick Promotions for all surfaces.
10-18 13:28:27.248  3006  3006 D [SUI] AnytimeUIBroadcastReceiver: requestCaptureState being sent
10-18 13:28:27.249 21592 21592 W PartyNativeModuleManager: Calling nativeTearDown but native code wasn't initialized. Noop.
10-18 13:28:27.254  3006  3006 D [SUI] StatusViewModel: Constructing ViewModel
10-18 13:28:27.256  3006  3006 I android_os_HwBinder: HwBinder: Starting thread pool for getting: vendor.oculus.hardware.battery@1.0::IBattery/default
10-18 13:28:27.260  3006  3006 D [SUI] StatusViewModel: Initializing wifi status BroadcastReceiver
10-18 13:28:27.261  3006  3006 D [SUI] StatusViewModel: Initialized wifi status BroadcastReceiver
10-18 13:28:27.265  3006  3006 D [SUI] AnytimeUIPanelAppBase: Acquiring viewModel StatusViewModel refCount: 1
10-18 13:28:27.265  3006  3006 I [SUI] AnytimeUIAndroidPanelApp: Creating AUI PanelApp, isInOverlay: true, instanceCount: 1
10-18 13:28:27.267  3006  3006 D [SUI] AnytimeUIBroadcastReceiver: requestCaptureState being sent
10-18 13:28:27.268  3006  3006 I AndroidPanelApp: Sending surface geometry border radius with type all and value 15 for layer tablet.
10-18 13:28:27.268  3006  3006 D [SUI] AnytimeUIPanelAppBase: Acquiring viewModel RunningAppsViewModel refCount: 1
10-18 13:28:27.268 21592 21592 W PartyNativeModuleManager: Calling nativeTearDown but native code wasn't initialized. Noop.
10-18 13:28:27.268  3006  3006 D [SUI] DestinationUIViewModelBase: Constructing DestinationUIViewModelBase
10-18 13:28:27.268  3006  3006 D [SUI] DestinationUIViewModel: Constructing DestinationUIViewModel
10-18 13:28:27.268  3006  3006 D [SUI] AnytimeUIPanelAppBase: Acquiring viewModel DestinationUIViewModel refCount: 1
10-18 13:28:27.268  3006  3006 D [SUI] SharingViewModel: Constructing ViewModel
10-18 13:28:27.270  3006  3006 D [SUI] SharingViewModel: clearAbuseReportRecordingTimer
10-18 13:28:27.270  3006  3006 D [SUI] AnytimeUIPanelAppBase: Acquiring viewModel SharingViewModel refCount: 1
10-18 13:28:27.270  3006  3006 I AndroidPanelApp: ensurePanelLayer(layer: #main, width: 640, height: 88, resize: WRAP_CONTENT_HEIGHT, view creator: #main)
10-18 13:28:27.270  3006  3006 I AndroidPanelApp: ensurePanelLayer(layer: #main, width: 640, height: 88, resize behavior: WRAP_CONTENT_HEIGHT)
10-18 13:28:27.270  3006  3006 I AndroidPanelLayer: Setting spec for layer "#main"
10-18 13:28:27.270  3006  3006 I AndroidPanelLayer: Setting size of layer "#main" to have width 800 and height 1250
10-18 13:28:27.270  3006  3006 I AndroidPanelLayer: Destroying presentation for layer "#main".
10-18 13:28:27.270  3006  3006 I AndroidPanelLayer: Creating presentation for layer "#main" with width 800 and height 1250
10-18 13:28:27.271 21592 21592 W PartyNativeModuleManager: Calling nativeTearDown but native code wasn't initialized. Noop.
10-18 13:28:27.271  1041 14926 I DisplayManagerService: Display device added: DisplayDeviceInfo{"com.oculus.android_panel_app.AndroidPanelLayer-#main": uniqueId="virtual:com.oculus.systemux,10030,com.oculus.android_panel_app.AndroidPanelLayer-#main,0", 800 x 1250, modeId 316, defaultModeId 316, supportedModes [{id=316, width=800, height=1250, fps=60.0}], colorMode 0, supportedColorModes [0], HdrCapabilities null, density 200, 200.0 x 200.0 dpi, appVsyncOff 0, presDeadline 16666666, touch NONE, rotation 0, type VIRTUAL, state OFF, owner com.oculus.systemux (uid 10030), FLAG_PRIVATE, FLAG_NEVER_BLANK, FLAG_OWN_CONTENT_ONLY}
10-18 13:28:27.278  3006  3006 D [SUI] BarView: Initializing BarView
10-18 13:28:27.278  3006  3006 D [SUI] BarViewModel: Constructing BarViewModel
10-18 13:28:27.278  3006  3006 D [SUI] AnytimeUIPanelAppBase: Acquiring viewModel BarViewModel refCount: 1
10-18 13:28:27.278  3006  3006 D [SUI] SettingsViewModel: Constructing ViewModel
10-18 13:28:27.281  3006  3006 D [SUI] AnytimeUIPanelAppBase: Acquiring viewModel StatusViewModel refCount: 2
10-18 13:28:27.287  1041  1067 W InputReader: Device has associated, but no associated display id.
10-18 13:28:27.293  1041  1069 W InputReader: Device has associated, but no associated display id.
10-18 13:28:27.293  1041  1069 I ActivityTaskManager: Override config changes=20005df8 {0.0 ?mcc?mnc ?localeList ?layoutDir sw640dp w640dp h1000dp 200dpi lrg port ?uimode ?night -touch qwerty/v/v -nav/h winConfig={ mBounds=Rect(0, 0 - 800, 1250) mAppBounds=Rect(0, 0 - 800, 1250) mWindowingMode=fullscreen mDisplayWindowingMode=fullscreen mActivityType=undefined mAlwaysOnTop=undefined mRotation=ROTATION_0}} for displayId=311
10-18 13:28:27.295  3006 23379 D CCodec  : allocate(c2.android.raw.decoder)
10-18 13:28:27.295   830  3101 V C2Store : in init
10-18 13:28:27.295   830  3101 V C2Store : loading dll
