10-18 13:28:27.601  3006 23398 D CCodecConfig: no c2 equivalents for track-id
10-18 13:28:27.601  3006 23398 D CCodecConfig: no c2 equivalents for bits-per-sample
10-18 13:28:27.601  3006 23398 D CCodecConfig: no c2 equivalents for channel-mask
10-18 13:28:27.602  3006 23398 D CCodecConfig: c2 config diff is   c2::u32 raw.channel-count.value = 1
10-18 13:28:27.602  3006 23398 D CCodecConfig:   c2::u32 raw.sample-rate.value = 48000
10-18 13:28:27.602  3006 23398 W Codec2Client: query -- param skipped: index = 1107298332.
10-18 13:28:27.602  3006 23398 D CCodec  : setup formats input: AMessage(what = 0x00000000) = {
10-18 13:28:27.602  3006 23398 D CCodec  :   int32_t channel-count = 1
10-18 13:28:27.602  3006 23398 D CCodec  :   int32_t max-input-size = 65536
10-18 13:28:27.602  3006 23398 D CCodec  :   string mime = "audio/raw"
10-18 13:28:27.602  3006 23398 D CCodec  :   int32_t pcm-encoding = 2
10-18 13:28:27.602  3006 23398 D CCodec  :   int32_t sample-rate = 48000
10-18 13:28:27.602  3006 23398 D CCodec  : } and output: AMessage(what = 0x00000000) = {
10-18 13:28:27.602  3006 23398 D CCodec  :   int32_t channel-count = 1
10-18 13:28:27.602  3006 23398 D CCodec  :   string mime = "audio/raw"
10-18 13:28:27.602  3006 23398 D CCodec  :   int32_t pcm-encoding = 2
10-18 13:28:27.602  3006 23398 D CCodec  :   int32_t sample-rate = 48000
10-18 13:28:27.602  3006 23398 D CCodec  :   int32_t channel-mask = 0
10-18 13:28:27.602  3006 23398 D CCodec  : }
10-18 13:28:27.604  3006 23398 W Codec2Client: query -- param skipped: index = 1342179345.
10-18 13:28:27.604  3006 23398 W Codec2Client: query -- param skipped: index = 2415921170.
10-18 13:28:27.605  3006 23398 D CCodecBufferChannel: [c2.android.raw.decoder#371] Created input block pool with allocatorID 16 => poolID 39 - OK (0)
10-18 13:28:27.607  3006 23398 I CCodecBufferChannel: [c2.android.raw.decoder#371] Created output block pool with allocatorID 16 => poolID 166 - OK
10-18 13:28:27.607  3006 23398 D CCodecBufferChannel: [c2.android.raw.decoder#371] Configured output block pool ids 166 => OK
10-18 13:28:27.611  3006  3006 D [SUI] AnytimeUIPanelAppBase: Acquiring viewModel SettingsViewModel refCount: 1
10-18 13:28:27.611  3006  3006 D [SUI] SocialViewModel: Constructing ViewModel
10-18 13:28:27.612  3006  3006 D [SUI] AnytimeUIPanelAppBase: Acquiring viewModel SocialViewModel refCount: 1
10-18 13:28:27.612  3006  3006 D [SUI] AnytimeUIPanelAppBase: Acquiring viewModel StatusViewModel refCount: 3
10-18 13:28:27.612  3006  3006 D [SUI] ActiveCallBarViewModel: Constructing ActiveCallBarViewModel
10-18 13:28:27.612  3006  3006 D [SUI] AnytimeUIPanelAppBase: Acquiring viewModel SocialViewModel refCount: 2
10-18 13:28:27.612  3006  3006 D [SUI] MessengerCallBarViewModel: constructing MessengerCallBarViewModel
10-18 13:28:27.612  3006  3006 D [SUI] MessengerCallViewModel: constructing MessengerCallViewModel
10-18 13:28:27.612  3006  3006 D [SUI] AnytimeUIPanelAppBase: Acquiring viewModel MessengerCallViewModel refCount: 1
10-18 13:28:27.612  3006  3006 D [SUI] AnytimeUIPanelAppBase: Acquiring viewModel ActiveCallBarViewModel refCount: 1
10-18 13:28:27.612  3006  3006 D [SUI] AnytimeUIPanelAppBase: Acquiring viewModel BarPinnedAppsViewModel refCount: 1
10-18 13:28:27.612  3006  3006 D [SUI] AnytimeUIPanelAppBase: Acquiring viewModel DestinationUIViewModel refCount: 2
10-18 13:28:27.612  3006  3006 D [SUI] OnboardingTutorial: Initialize Onboarding Tutorial
10-18 13:28:27.614  3006  3006 D [SUI] OnboardingTutorial: Step is: SKIPPED
10-18 13:28:27.614  3006  3006 D [SUI] OnboardingTutorial: Not a first time user; skipping the tutorial
10-18 13:28:27.618   830 23402 D SimpleC2Component: Using output block pool with poolID 166 => got 166 - 0
10-18 13:28:27.621  3006  3006 D [SUI] SystemStatusView: Initializing System Status
10-18 13:28:27.621  3006  3006 D [SUI] AnytimeUIPanelAppBase: Acquiring viewModel SocialViewModel refCount: 3
10-18 13:28:27.621  3006  3006 D [SUI] StatusViewModel: Constructing ViewModel
10-18 13:28:27.623   798  1609 D MediaBufferGroup: creating MemoryDealer
10-18 13:28:27.624  3006  3006 I android_os_HwBinder: HwBinder: Starting thread pool for getting: vendor.oculus.hardware.battery@1.0::IBattery/default
10-18 13:28:27.627  3006  3006 D [SUI] StatusViewModel: Initializing wifi status BroadcastReceiver
10-18 13:28:27.629  3006  3006 D [SUI] StatusViewModel: Initialized wifi status BroadcastReceiver
10-18 13:28:27.631  3006  3006 D [SUI] AnytimeUIPanelAppBase: Acquiring viewModel BarViewModel refCount: 2
10-18 13:28:27.631  3006  3006 D [SUI] AnytimeUIPanelAppBase: Acquiring viewModel SystemStatusViewModel refCount: 1
10-18 13:28:27.632  3006  3006 D [SUI] SocialViewModel: registerObserver(): -$$Lambda$SystemStatusView$hvdttGlyfUmlGZJVTLPJRt2c5Fk
10-18 13:28:27.632  3006  3006 D [SUI] SocialViewModel: refreshLowPriData()
10-18 13:28:27.632  3006  3006 D [SUI] SocialViewModel: loadProfilePhotoUrl()
10-18 13:28:27.632  3006  3006 D [SUI] SystemStatusView: Initialized System Status
10-18 13:28:27.632  3006  3006 D [SUI] DestinationUIButtonView: Initializing running app navigation button
10-18 13:28:27.634  3006  3006 D [SUI] AnytimeUIPanelAppBase: Acquiring viewModel DestinationUIViewModel refCount: 3
10-18 13:28:27.635  3006  3006 D [SUI] DestinationUIButtonView: Initialized running app navigation button
10-18 13:28:27.635  3006  3006 D [SUI] AnytimeUIPanelAppBase: Acquiring viewModel BarPinnedAppsViewModel refCount: 2
10-18 13:28:27.636  3006  3006 D [SUI] DynamicAppsView: Initializing dynamic apps view on bar
10-18 13:28:27.636  3006  3006 D [SUI] BarView: Initializing library button
10-18 13:28:27.637  3006  3006 D [SUI] BarView: Initialized library button
10-18 13:28:27.637  3006  3006 D [SUI] AnytimeUIPanelAppBase: Acquiring viewModel RunningAppsViewModel refCount: 2
10-18 13:28:27.637  3006  3006 D [SUI] DynamicAppsView: Initializing dynamic apps view on bar
10-18 13:28:27.637  3006  3006 D [SUI] BarView: Initializing parties call bar
10-18 13:28:27.637  3006  3006 D [SUI] SocialViewModel: registerPartyObserver(): -$$Lambda$BarView$fPaf1t2zUzaBp3TdM7SRVnZn-Po
10-18 13:28:27.637  3006  3006 D [SUI] BarView: Initialized parties call bar
10-18 13:28:27.637  3006  3006 D [SUI] BarView: Initializing messenger call bar
10-18 13:28:27.637  3006  3006 D [SUI] MessengerCallViewModel: registerObserver
10-18 13:28:27.637  3006  3006 D [SUI] BarView: Initialized messenger call bar
10-18 13:28:27.637  3006  3006 D [SUI] BarView: Initializing debug bar
10-18 13:28:27.637  3006  3006 D [SUI] BarView: Initialized debug bar
10-18 13:28:27.637  3006  3006 V [SUI] BarView: Subscribing to notifications badge live data
10-18 13:28:27.637  3006  3006 V [SUI] BarView: Notifs badge count: 0, Messenger badge count 0
10-18 13:28:27.637  3006  3006 E DeviceConfigTelemetryLogger: Can't find param: oculus_systemux:oculus_sysux_notification_blue_bell
10-18 13:28:27.638  3006  3006 I AndroidPanelApp: measureLayerView adjusting initial height from 1250 to 1250 due to resize behavior.
10-18 13:28:27.638  3006  3006 I AndroidPanelApp: measureLayerView with initial width 800, initial height 1250, resize behavior WRAP_CONTENT_HEIGHT.
10-18 13:28:27.651  3006  3006 I AndroidPanelApp: Measured width 800 and height 110.
10-18 13:28:27.651  3006  3006 I AndroidPanelLayer: Setting size of layer "#main" to have width 800 and height 110
10-18 13:28:27.651  3006  3006 I AndroidPanelLayer: Destroying presentation for layer "#main".
10-18 13:28:27.652  1041  4510 I DisplayManagerService: Display device removed: DisplayDeviceInfo{"com.oculus.android_panel_app.AndroidPanelLayer-#main": uniqueId="virtual:com.oculus.systemux,10030,com.oculus.android_panel_app.AndroidPanelLayer-#main,1", 800 x 1250, modeId 318, defaultModeId 318, supportedModes [{id=318, width=800, height=1250, fps=60.0}], colorMode 0, supportedColorModes [0], HdrCapabilities null, density 200, 200.0 x 200.0 dpi, appVsyncOff 0, presDeadline 16666666, touch NONE, rotation 0, type VIRTUAL, state OFF, owner com.oculus.systemux (uid 10030), FLAG_PRIVATE, FLAG_NEVER_BLANK, FLAG_OWN_CONTENT_ONLY}
10-18 13:28:27.652  3006  3006 I AndroidPanelLayer: Creating presentation for layer "#main" with width 800 and height 110
10-18 13:28:27.658   830  1592 D BufferPoolAccessor: Destruction - bufferpool2 0x367a97a430 cached: 0/0M, 0/0% in use; allocs: 0, 0% recycled; transfers: 0, 0% unfetced
10-18 13:28:27.658   830  1592 V C2Store : in ~ComponentModule
10-18 13:28:27.658   830  1592 V C2Store : unloading dll
10-18 13:28:27.659  1041  4510 I DisplayManagerService: Display device added: DisplayDeviceInfo{"com.oculus.android_panel_app.AndroidPanelLayer-#main": uniqueId="virtual:com.oculus.systemux,10030,com.oculus.android_panel_app.AndroidPanelLayer-#main,1", 800 x 110, modeId 319, defaultModeId 319, supportedModes [{id=319, width=800, height=110, fps=60.0}], colorMode 0, supportedColorModes [0], HdrCapabilities null, density 200, 200.0 x 200.0 dpi, appVsyncOff 0, presDeadline 16666666, touch NONE, rotation 0, type VIRTUAL, state OFF, owner com.oculus.systemux (uid 10030), FLAG_PRIVATE, FLAG_NEVER_BLANK, FLAG_OWN_CONTENT_ONLY}
10-18 13:28:27.665  3006  3006 I AndroidPanelApp: layerTransform: Showing panel layer "#main" in VrShell with width 800, height 110, position( 0.000000 , 0.000000 ), rotation (0.000000 , 0.000000 , 0.000000 )  hit-testable true, shape 1, and system-positioned true. Density: 4680.000000. Supersampled: false 
10-18 13:28:27.665  3006  3006 I AndroidPanelApp: ensurePanelLayer(layer: tablet, width: 800, height: 500, resize: NONE, view creator: tablet)
10-18 13:28:27.665  3006  3006 I AndroidPanelApp: ensurePanelLayer(layer: tablet, width: 800, height: 500, resize behavior: NONE)
10-18 13:28:27.665  3006  3006 I AndroidPanelLayer: Setting spec for layer "tablet"
10-18 13:28:27.665  3006  3006 I AndroidPanelLayer: Setting size of layer "tablet" to have width 1000 and height 625
10-18 13:28:27.665  3006  3006 I AndroidPanelLayer: Destroying presentation for layer "tablet".
10-18 13:28:27.665  3006  3006 I AndroidPanelLayer: Creating presentation for layer "tablet" with width 1000 and height 625
10-18 13:28:27.666  1041  4510 I DisplayManagerService: Display device added: DisplayDeviceInfo{"com.oculus.android_panel_app.AndroidPanelLayer-tablet": uniqueId="virtual:com.oculus.systemux,10030,com.oculus.android_panel_app.AndroidPanelLayer-tablet,0", 1000 x 625, modeId 320, defaultModeId 320, supportedModes [{id=320, width=1000, height=625, fps=60.0}], colorMode 0, supportedColorModes [0], HdrCapabilities null, density 200, 200.0 x 200.0 dpi, appVsyncOff 0, presDeadline 16666666, touch NONE, rotation 0, type VIRTUAL, state OFF, owner com.oculus.systemux (uid 10030), FLAG_PRIVATE, FLAG_NEVER_BLANK, FLAG_OWN_CONTENT_ONLY}
10-18 13:28:27.668  3006  3006 D [SUI] HostView: Constructing HostView
10-18 13:28:27.668  3006  3006 D [SUI] HostView: Initializing HostView
10-18 13:28:27.669  3006  3006 D [SUI] EmptyView: Constructing EmptyView
10-18 13:28:27.669  3006  3006 D [SUI] EmptyView: Initializing EmptyView
10-18 13:28:27.669  3006  3006 D [SUI] EmptyView: Showing EmptyView
10-18 13:28:27.669  3006  3006 I AndroidPanelApp: measureLayerView with initial width 1000, initial height 625, resize behavior NONE.
10-18 13:28:27.669  3006  3006 I AndroidPanelApp: Measured width 1000 and height 625.
10-18 13:28:27.669  3006  3006 I AndroidPanelLayer: Setting size of layer "tablet" to have width 1000 and height 625
10-18 13:28:27.671  3006  3006 I AndroidPanelApp: layerTransform: Showing panel layer "tablet" in VrShell with width 1000, height 625, position( 0.000000 , 0.000000 ), rotation (0.000000 , 0.000000 , 0.000000 )  hit-testable true, shape 1, and system-positioned true. Density: 4680.000000. Supersampled: false 
10-18 13:28:27.671  3006  3006 I PanelService: BEGIN: nativeInitializePanelInstance - Configure and set up thread polling.
10-18 13:28:27.671  3006  3006 I PanelService: BEGIN: Call hosted app's Configure method.
10-18 13:28:27.671  3006  3006 I PanelService: END: Call hosted app's Configure method.
10-18 13:28:27.671  3006  3006 I PanelService: END: nativeInitializePanelInstance - Add fd 54 to looper with error code 1
10-18 13:28:27.671  3006  3006 D CppPanelService: END: Initializing panel application via MSG_CREATE_PANEL_APP.
10-18 13:28:27.671  3006  3006 D [SUI] AnytimeUIAndroidPanelApp: Received deeplink; uri: /tablet_none.
10-18 13:28:27.671  3006  3006 D [SUI] AnytimeUIAndroidPanelApp: Hiding tablet due to unknown reason
10-18 13:28:27.672  3006  3006 D [SUI] LibraryLogger: Library Session ID Generated: eed78c5d-c21e-4cbc-b537-cd6459bee843
10-18 13:28:27.672  3006  3006 I [SUI] AnytimeUIAndroidPanelApp: handleGenericMessage activeComponent com.oculus.systemux/com.oculus.panelapp.anytimeui.AnytimeUIAndroidPanelService 
10-18 13:28:27.672  3006  3006 I [SUI] AnytimeUIAndroidPanelApp: handleActiveComponent - com.oculus.systemux/com.oculus.panelapp.anytimeui.AnytimeUIAndroidPanelService, returnComponent = 
10-18 13:28:27.682  1862  2236 I [SEO] PanelRenderLayer: ResetSurface 0 x 0 - shape:1 stereo:0
10-18 13:28:27.682  1041  1067 W InputReader: Device has associated, but no associated display id.
10-18 13:28:27.700  1041  1067 W InputReader: Device has associated, but no associated display id.
10-18 13:28:27.704  1041  1069 W InputReader: Device has associated, but no associated display id.
10-18 13:28:27.704  1041  1069 I ActivityTaskManager: Override config changes=20005df8 {0.0 ?mcc?mnc ?localeList ?layoutDir sw88dp w640dp h88dp 200dpi nrml long land ?uimode ?night -touch qwerty/v/v -nav/h winConfig={ mBounds=Rect(0, 0 - 800, 110) mAppBounds=Rect(0, 0 - 800, 110) mWindowingMode=fullscreen mDisplayWindowingMode=fullscreen mActivityType=undefined mAlwaysOnTop=undefined mRotation=ROTATION_0}} for displayId=314
10-18 13:28:27.706  1041  1069 E DisplayModeDirector: Asked about unknown display, returning empty allowed set! (id=315)
10-18 13:28:27.708  3006  3006 D [SUI] SharingViewModel: clearAbuseReportRecordingTimer
10-18 13:28:27.709  3006  3006 I [SUI] AnytimeUIAndroidPanelApp: updateGuardianStatus - true - 2 - false - true
10-18 13:28:27.709  3006  3006 D [SUI] SocialViewModel: refreshLowPriData()
10-18 13:28:27.709  3006  3006 D [SUI] SocialViewModel: loadProfilePhotoUrl()
10-18 13:28:27.709  3006  3006 D [SUI] SocialViewModel: refresPartyData()
10-18 13:28:27.709  3006  3006 I AndroidPanelApp: Processing pending show layer info for layer #main with width 800 and height 110.
10-18 13:28:27.709  3006  3006 I AndroidPanelApp: layerSupersample no changes
10-18 13:28:27.709  3006  3006 I AndroidPanelApp: Processing pending show layer info for layer tablet with width 1000 and height 625.
10-18 13:28:27.709  3006  3006 I AndroidPanelApp: layerSupersample no changes
10-18 13:28:27.711  2337  2664 I PerformanceManager: SetClockLevels: Apply pending clock request change: 2,4 -> 3,4
10-18 13:28:27.711  2337 22560 I Clocks  : ReleaseClocks - start
10-18 13:28:27.712  2337 22560 I Clocks  : ReleaseClocks - end (0.3 ms)
10-18 13:28:27.712  2337 22560 I Clocks  : LockClocks( cpu=3, gpu=4 ) - start
10-18 13:28:27.712  2337 22560 I Clocks  : CPU levels [0, 4]
10-18 13:28:27.712  2337 22560 I Clocks  : GPU levels [0, 5]
10-18 13:28:27.712  2337 22560 I Clocks  : LockClocks( cpu=3, gpu=4 ) - end (0.4 ms)
10-18 13:28:27.713  3006  3006 I AndroidPanelApp: Processing next frame action "layerShow" for layer "#main"
10-18 13:28:27.713  3006  3006 I AndroidPanelApp: nextFrameAction(layerShow, #main)
10-18 13:28:27.713  3006  3006 I AndroidPanelApp: layerShow acknowledged for #main
10-18 13:28:27.713  3006  3006 I AndroidPanelApp: tryShowLayer(#main)
10-18 13:28:27.713  3006  3006 I AndroidPanelLayer: Showing layer #main
10-18 13:28:27.714  3006  3006 I AndroidPanelLayer: Unhiding layer #main
10-18 13:28:27.715  1862  2236 I [SEO] PanelAppHost: Resize layer #main to size 800 x 110 shape:1 stereo:0
10-18 13:28:27.715  1862  2236 I [SEO] PanelRenderLayer: ResetSurface 800 x 110 - shape:1 stereo:0
10-18 13:28:27.715  1862  2236 I [SEO] PanelAppHost: Resize layer tablet to size 1000 x 625 shape:1 stereo:0
10-18 13:28:27.715  1862  2236 I [SEO] PanelRenderLayer: ResetSurface 1000 x 625 - shape:1 stereo:0
10-18 13:28:27.715  2337  2763 I VrRuntimeService: UpdateAndroidSurfaceSwapChainDimensions: 573: 1000x625
10-18 13:28:27.715  2337  2763 I VrRuntimeService: UpdateSwapChainSamplerState: 573
10-18 13:28:27.715  2337  2763 I VrRuntimeService: UpdateSwapChainSamplerState: minFilter=1 magFilter=1 wrapModeS=3 warpModeT=3 maxAniso=1.000000 border={0.000000,0.000000,0.000000,0.000000} swizzle={0,1,2,3}
10-18 13:28:27.721  1041  1069 W InputReader: Device has associated, but no associated display id.
10-18 13:28:27.721  1041  1069 I ActivityTaskManager: Override config changes=20005df8 {0.0 ?mcc?mnc ?localeList ?layoutDir sw500dp w800dp h500dp 200dpi lrg land ?uimode ?night -touch qwerty/v/v -nav/h winConfig={ mBounds=Rect(0, 0 - 1000, 625) mAppBounds=Rect(0, 0 - 1000, 625) mWindowingMode=fullscreen mDisplayWindowingMode=fullscreen mActivityType=undefined mAlwaysOnTop=undefined mRotation=ROTATION_0}} for displayId=315
10-18 13:28:27.725  1911  2838 I [OAO] PanelAppHost: Setting panel layer visibility of layer "#main" to visible
10-18 13:28:27.726  1862  2236 I [SEO] PanelAppAnalytics: First frame latency: 0.266 for id 94 com.oculus.systemux/com.oculus.panelapp.anytimeui.AnytimeUIAndroidPanelService
10-18 13:28:27.727  2337  2763 I VrRuntimeService: CreateSwapChain: 884921874
10-18 13:28:27.727  2337  2763 I VrRuntimeService: CreateSwapChain: api:vk 0 0x2b 800 110 10 3 1 4 15
10-18 13:28:27.727  1041  1069 I DisplayManagerService: Display device changed state: "com.oculus.android_panel_app.AndroidPanelLayer-#main", ON
10-18 13:28:27.727  2337  2763 W SwapChain: CreateTextureSwapChainFoveation: export failed
10-18 13:28:27.728  2337  2763 I VrRuntimeServer: CreateTextureSwapChain: result importswapchaingles 1
10-18 13:28:27.730  1802  2924 I SwapChain_Vulkan: Imported texture has requirements 9, ends up index 0
10-18 13:28:27.730  1802  2924 I chatty  : uid=10013(com.oculus.shellenv) Thread-23 identical 1 line
10-18 13:28:27.730  1802  2924 I SwapChain_Vulkan: Imported texture has requirements 9, ends up index 0
10-18 13:28:27.731  1802  2924 W VrRuntimeClient: CreateTextureSwapChain: Failed to import foveation swapchain
10-18 13:28:27.731  1041  4510 E WindowManager: App trying to use insecure INPUT_FEATURE_NO_INPUT_CHANNEL flag. Ignoring
10-18 13:28:27.736  3006  3006 I AndroidPanelApp: Processing next frame action "layerShow" for layer "tablet"
10-18 13:28:27.736  3006  3006 I AndroidPanelApp: nextFrameAction(layerShow, tablet)
10-18 13:28:27.736  3006  3006 I AndroidPanelApp: layerShow acknowledged for tablet
10-18 13:28:27.736  3006  3006 I AndroidPanelApp: tryShowLayer(tablet)
10-18 13:28:27.736  3006  3006 I AndroidPanelLayer: Showing layer tablet
10-18 13:28:27.738  3006  3006 I AndroidPanelLayer: Unhiding layer tablet
10-18 13:28:27.740  1041  1069 I DisplayManagerService: Display device changed state: "com.oculus.android_panel_app.AndroidPanelLayer-tablet", ON
10-18 13:28:27.749  1041  4510 E WindowManager: App trying to use insecure INPUT_FEATURE_NO_INPUT_CHANNEL flag. Ignoring
10-18 13:28:27.752  3006  3006 D [SUI] AnytimeUIBroadcastReceiver: action: com.oculus.systemactivities.CAPTURE_STATE_UPDATE
10-18 13:28:27.752  3006  3006 I [SUI] AnytimeUIBroadcastReceiver: handleCaptureStateUpdate: captureToDisk false, captureEnabled false, isCapturingAbuseReport false, abuseRecordingUUID null
10-18 13:28:27.760  3006  3006 D [SUI] SocialViewModel: loadProfilePhotoUrl() - Fetched social viewer info, latency: 335ms
10-18 13:28:27.760  3006  3006 D [SUI] SocialViewModel: updateSocialViewerForObservers(): -$$Lambda$SystemStatusView$hvdttGlyfUmlGZJVTLPJRt2c5Fk
10-18 13:28:27.760  3006  3006 D [SUI] PartiesCallBarViewModel: microphone controls GK value: true
10-18 13:28:27.760  3006  3006 D [SUI] MessengerCallViewModel: OCULUS_VR_MESSENGER_CALLING_CLIENT_SIDE_GATE GK value: false
10-18 13:28:27.770  3006  3045 D [SUI] AnytimeUIPanelAppBase: Finished Initializing Oculus User Manager
10-18 13:28:27.776  3006  3006 I AndroidPanelApp: measureLayerView adjusting initial height from 110 to 1250 due to resize behavior.
10-18 13:28:27.776  3006  3006 I AndroidPanelApp: measureLayerView with initial width 800, initial height 1250, resize behavior WRAP_CONTENT_HEIGHT.
10-18 13:28:27.776  3006  3006 I AndroidPanelApp: Measured width 800 and height 110.
10-18 13:28:27.789  1410 23394 W ContextImpl: Calling a method in the system process without a qualified user: android.app.ContextImpl.sendBroadcast:1057 android.content.ContextWrapper.sendBroadcast:448 X.uO.A00:58995 X.uz.A00:17 X.uz.handleMessage:91 
10-18 13:28:27.796  3006  3006 D [SUI] SocialViewModel: Fetched party: null 
10-18 13:28:27.796  3006  3006 D [SUI] SocialViewModel: setParty() - no change
10-18 13:28:27.797  3006  3006 I AndroidPanelApp: Turning on layer visibility for layer #main.
10-18 13:28:27.799  3006  3006 I AndroidPanelApp: Turning on layer visibility for layer tablet.
10-18 13:28:27.799  3006  3006 D [SUI] AnytimeUIBroadcastReceiver: action: com.oculus.livestreaming_status_change
10-18 13:28:27.799  3006  3006 I AndroidPanelApp: measureLayerView adjusting initial height from 110 to 1250 due to resize behavior.
10-18 13:28:27.799  3006  3006 I AndroidPanelApp: measureLayerView with initial width 800, initial height 1250, resize behavior WRAP_CONTENT_HEIGHT.
10-18 13:28:27.800  3006  3006 I AndroidPanelApp: Measured width 800 and height 110.
10-18 13:28:27.801  3006  3006 D [SUI] AnytimeUIBroadcastReceiver: action: com.oculus.systemactivities.LOCAL_STREAM_STATE_UPDATE
10-18 13:28:27.815  1862  2236 I [SEO] PanelAppHost: Setting panel layer visibility of layer "#main" to visible
10-18 13:28:27.815  1862  2236 I [SEO] PanelAppHost: Setting panel layer visibility of layer "tablet" to visible
10-18 13:28:27.821  3006  3006 D [SUI] AnytimeUIBroadcastReceiver: action: com.oculus.systemactivities.CAPTURE_STATE_UPDATE
10-18 13:28:27.821  3006  3006 I [SUI] AnytimeUIBroadcastReceiver: handleCaptureStateUpdate: captureToDisk false, captureEnabled false, isCapturingAbuseReport false, abuseRecordingUUID null
10-18 13:28:27.823  3006  3006 D [SUI] AnytimeUIBroadcastReceiver: action: com.oculus.livestreaming_status_change
10-18 13:28:27.824  3006  3006 D [SUI] AnytimeUIBroadcastReceiver: action: com.oculus.systemactivities.LOCAL_STREAM_STATE_UPDATE
10-18 13:28:27.824  3006  3006 D [SUI] AnytimeUIBroadcastReceiver: action: com.oculus.systemactivities.CAPTURE_STATE_UPDATE
10-18 13:28:27.824  3006  3006 I [SUI] AnytimeUIBroadcastReceiver: handleCaptureStateUpdate: captureToDisk false, captureEnabled false, isCapturingAbuseReport false, abuseRecordingUUID null
10-18 13:28:27.825  3006  3006 D [SUI] AnytimeUIBroadcastReceiver: action: com.oculus.livestreaming_status_change
10-18 13:28:27.826  3006  3006 D [SUI] AnytimeUIBroadcastReceiver: action: com.oculus.systemactivities.LOCAL_STREAM_STATE_UPDATE
10-18 13:28:27.827  1410 23408 W ContextImpl: Calling a method in the system process without a qualified user: android.app.ContextImpl.sendBroadcast:1057 android.content.ContextWrapper.sendBroadcast:448 X.uO.A00:58995 X.uz.A00:17 X.uz.handleMessage:91 
10-18 13:28:27.836  2002 23409 D UnifiedTelemetryLogger: Already initialized.
10-18 13:28:27.843  2002 23409 D UnifiedTelemetryLogger: Already initialized.
10-18 13:28:27.865  3006  3006 D [SUI] SocialViewModel: loadProfilePhotoUrl() - Fetched social viewer info, latency: 156ms
10-18 13:28:27.865  3006  3006 D [SUI] SocialViewModel: updateSocialViewerForObservers(): -$$Lambda$SystemStatusView$hvdttGlyfUmlGZJVTLPJRt2c5Fk
10-18 13:28:27.960  2025  2721 I VrGuardianService: GuardianSDKServer::SetGuardianHitDialog 1
10-18 13:28:27.966  3006  3006 D [SUI] SocialViewModel: Fetched party: null 
10-18 13:28:27.966  3006  3006 D [SUI] SocialViewModel: setParty() - no change
10-18 13:28:28.049   838  4676 I TrackingService: getTrackingSocketFileDescriptor
10-18 13:28:28.049   838  4676 D TrackingService: haptic socket already exists
10-18 13:28:28.116  2025  2721 I VrGuardianService: GuardianSDKServer::SetGuardianHitDialog 0
10-18 13:28:28.182  1862 23361 I Telemetry: App memory usage: PSS=90MB DalvikPSS=1 MB
10-18 13:28:28.425  1802 23366 I Telemetry: App memory usage: PSS=467MB DalvikPSS=0 MB
10-18 13:28:28.426  1802 23366 I VrApi   : FPS=71/90,Prd=38ms,Tear=0,Early=0,Stale=56,VSnc=1,Lat=1,Fov=0,CPU4/GPU=2/3,1382/525MHz,OC=FF,TA=0/70/0,SP=N/F/N,Mem=2092MHz,Free=2472MB,PLS=0,Temp=27.2C/0.0C,TW=1.04ms,App=5.60ms,GD=0.00ms,CPU&GPU=11.36ms,LCnt=0,GPU%=0.09,CPU%=0.29(W0.35),DSF=1.00
10-18 13:28:28.461  2025  2721 I VrGuardianService: GuardianSDKServer::SetGuardianHitDialog 1
10-18 13:28:28.480   740 22582 E SensorService: HMD IMU samples delayed: 6.348ms between sample arrivals (expected 1.000ms)
10-18 13:28:28.498   748  1625 I hash_map_utils: key: 'snd_device_in' value: ''
10-18 13:28:28.499   748  1625 I hash_map_utils: key: 'snd_device_out' value: ''
10-18 13:28:28.595  1802  1858 I Clay    : EnvironmentSystem: Scene loaded
10-18 13:28:28.598  1802  1858 I Clay    : EnvironmentSystem::update: setting scene background audio for scene zip 'apk://com.oculus.environment.prod.adobe/assets/scene.zip'
10-18 13:28:28.599  1802  1858 I Clay    : EnvironmentAudioSystem::setSceneBackgroundLoop: set scene audio: apk://com.oculus.environment.prod.adobe/assets/scene.zip
10-18 13:28:28.800  3006  3006 I AndroidPanelApp: measureLayerView adjusting initial height from 110 to 1250 due to resize behavior.
10-18 13:28:28.800  3006  3006 I AndroidPanelApp: measureLayerView with initial width 800, initial height 1250, resize behavior WRAP_CONTENT_HEIGHT.
10-18 13:28:28.800  3006  3006 I AndroidPanelApp: Measured width 800 and height 110.
10-18 13:28:28.844  3006  3006 I AndroidPanelApp: measureLayerView adjusting initial height from 110 to 1250 due to resize behavior.
10-18 13:28:28.844  3006  3006 I AndroidPanelApp: measureLayerView with initial width 800, initial height 1250, resize behavior WRAP_CONTENT_HEIGHT.
10-18 13:28:28.845  3006  3006 I AndroidPanelApp: Measured width 800 and height 110.
10-18 13:28:29.150  1802 23366 I VrApi   : FPS=87/90,Prd=25ms,Tear=0,Early=79,Stale=6,VSnc=1,Lat=1,Fov=0,CPU4/GPU=3/4,1382/525MHz,OC=FF,TA=0/70/0,SP=N/F/N,Mem=2092MHz,Free=2580MB,PLS=0,Temp=27.2C/0.0C,TW=2.78ms,App=1.21ms,GD=0.29ms,CPU&GPU=5.44ms,LCnt=2,GPU%=0.41,CPU%=0.42(W0.84),DSF=1.00
